<?xml version="1.0" encoding="utf-8"?><testsuites name="pytest tests"><testsuite name="pytest" errors="0" failures="0" skipped="74" tests="2818" time="114.730" timestamp="2025-08-28T09:07:47.501033+12:00" hostname="shadowfell"><testcase classname="tests.unit.test_content_source_manager.TestContentSourceManager" name="test_init_with_config" time="0.007" /><testcase classname="tests.unit.test_content_source_manager.TestContentSourceManager" name="test_init_with_default_config" time="0.013" /><testcase classname="tests.unit.models.test_spell_formatting_parametrized.TestSpellFormattingMethodsParametrized" name="test_get_spell_attack_text_parametrized[spell_modifications0-Dexterity saving throw]" time="0.019" /><testcase classname="tests.unit.models.test_spell_formatting_parametrized.TestSpellFormattingMethodsParametrized" name="test_get_spell_attack_text_parametrized[spell_modifications1-ranged spell attack]" time="0.002" /><testcase classname="tests.unit.models.test_spell_formatting_parametrized.TestSpellFormattingMethodsParametrized" name="test_get_spell_attack_text_parametrized[spell_modifications2-melee spell attack]" time="0.001" /><testcase classname="tests.unit.models.test_spell_formatting_parametrized.TestSpellFormattingMethodsParametrized" name="test_get_spell_attack_text_parametrized[spell_modifications3-]" time="0.002" /><testcase classname="tests.core.config.test_environment_variables.TestEnvironmentVariables" name="test_logging_config_environment_variables" time="0.009" /><testcase classname="tests.core.config.test_environment_variables.TestEnvironmentVariables" name="test_logging_level_validation_via_env" time="0.002" /><testcase classname="tests.core.config.test_environment_variables.TestEnvironmentVariables" name="test_mcp_config_environment_variables" time="0.006" /><testcase classname="tests.core.config.test_latex_config.TestLaTeXDocumentConfig" name="test_default_config" time="0.009" /><testcase classname="tests.core.config.test_latex_config.TestLaTeXDocumentConfig" name="test_background_validation_valid" time="0.002" /><testcase classname="tests.core.config.test_latex_config.TestLaTeXDocumentConfig" name="test_background_validation_none" time="0.002" /><testcase classname="tests.core.config.test_latex_config.TestLaTeXDocumentConfig" name="test_background_validation_invalid" time="0.002" /><testcase classname="tests.core.config.test_latex_config.TestLaTeXDocumentConfig" name="test_document_class_validation_valid" time="0.000" /><testcase classname="tests.core.config.test_latex_config.TestLaTeXDocumentConfig" name="test_document_class_validation_invalid" time="0.004" /><testcase classname="tests.core.resolvers.test_content_resolver.TestContentResolver" name="test_init" time="0.148" /><testcase classname="tests.unit.test_content_source_manager.TestContentSourceManager" name="test_ensure_all_sources_no_sources" time="0.052" /><testcase classname="tests.unit.models.test_spell_formatting_parametrized.TestSpellFormattingMethodsParametrized" name="test_get_spell_attack_text_parametrized[spell_modifications4-Dexterity, Constitution saving throw]" time="0.003" /><testcase classname="tests.unit.models.test_spell_formatting_parametrized.TestSpellFormattingMethodsParametrized" name="test_get_damage_text_parametrized[damage_types0-fire]" time="0.001" /><testcase classname="tests.core.config.test_latex_config.TestLaTeXDocumentConfig" name="test_paper_size_validation_valid" time="0.000" /><testcase classname="tests.core.config.test_latex_config.TestLaTeXDocumentConfig" name="test_paper_size_validation_invalid" time="0.001" /><testcase classname="tests.core.config.test_latex_config.TestLaTeXDocumentConfig" name="test_font_size_validation_valid" time="0.000" /><testcase classname="tests.core.config.test_latex_config.TestLaTeXDocumentConfig" name="test_font_size_validation_invalid" time="0.001" /><testcase classname="tests.core.config.test_latex_config.TestLaTeXDocumentConfig" name="test_fonts_validation_valid" time="0.004" /><testcase classname="tests.core.config.test_latex_config.TestLaTeXDocumentConfig" name="test_fonts_validation_none" time="0.001" /><testcase classname="tests.core.config.test_latex_config.TestLaTeXDocumentConfig" name="test_fonts_validation_invalid" time="0.005" /><testcase classname="tests.core.config.test_latex_config.TestLaTeXDocumentConfig" name="test_get_class_options_list_default" time="0.001" /><testcase classname="tests.core.config.test_latex_config.TestLaTeXDocumentConfig" name="test_get_class_options_list_with_background" time="0.000" /><testcase classname="tests.unit.test_content_source_manager.TestContentSourceManager" name="test_ensure_all_sources_git_not_available" time="0.103" /><testcase classname="tests.unit.models.test_spell_formatting_parametrized.TestSpellFormattingMethodsParametrized" name="test_get_damage_text_parametrized[damage_types1-fire, radiant]" time="0.002" /><testcase classname="tests.unit.models.test_spell_formatting_parametrized.TestSpellFormattingMethodsParametrized" name="test_get_damage_text_parametrized[None-]" time="0.000" /><testcase classname="tests.unit.models.test_spell_formatting_parametrized.TestSpellFormattingMethodsParametrized" name="test_get_damage_text_parametrized[damage_types3-]" time="0.000" /><testcase classname="tests.unit.models.test_spell_formatting_parametrized.TestSpellFormattingMethodsParametrized" name="test_get_damage_text_parametrized[damage_types4-fire, cold, lightning]" time="0.000" /><testcase classname="tests.unit.models.test_spell_formatting_parametrized.TestSpellFormattingMethodsParametrized" name="test_get_condition_text_parametrized[conditions0-paralyzed]" time="0.012" /><testcase classname="tests.unit.models.test_spell_formatting_parametrized.TestSpellFormattingMethodsParametrized" name="test_get_condition_text_parametrized[conditions1-paralyzed, stunned]" time="0.001" /><testcase classname="tests.unit.models.test_spell_formatting_parametrized.TestSpellFormattingMethodsParametrized" name="test_get_condition_text_parametrized[None-]" time="0.001" /><testcase classname="tests.unit.models.test_spell_formatting_parametrized.TestSpellFormattingMethodsParametrized" name="test_get_condition_text_parametrized[conditions3-]" time="0.001" /><testcase classname="tests.core.config.test_environment_variables.TestEnvironmentVariables" name="test_paths_config_environment_variables" time="0.003" /><testcase classname="tests.core.config.test_environment_variables.TestEnvironmentVariables" name="test_processing_config_environment_variables" time="0.002" /><testcase classname="tests.core.config.test_environment_variables.TestEnvironmentVariables" name="test_validation_config_environment_variables" time="0.010" /><testcase classname="tests.core.config.test_environment_variables.TestEnvironmentVariables" name="test_rendering_content_config_environment_variables" time="0.007" /><testcase classname="tests.core.config.test_environment_variables.TestEnvironmentVariables" name="test_rendering_latex_engine_config_environment_variables" time="0.042" /><testcase classname="tests.core.config.test_environment_variables.TestEnvironmentVariables" name="test_rendering_latex_document_config_environment_variables" time="0.023" /><testcase classname="tests.core.config.test_latex_config.TestLaTeXDocumentConfig" name="test_get_class_options_list_no_background" time="0.032" /><testcase classname="tests.core.config.test_latex_config.TestLaTeXDocumentConfig" name="test_get_class_options_list_removes_existing_bg" time="0.003" /><testcase classname="tests.core.config.test_latex_config.TestLaTeXDocumentConfig" name="test_get_class_options_list_high_contrast" time="0.001" /><testcase classname="tests.core.config.test_latex_config.TestLaTeXDocumentConfig" name="test_get_class_options_list_not_justified" time="0.002" /><testcase classname="tests.core.config.test_environment_variables.TestEnvironmentVariables" name="test_rendering_latex_rendering_config_environment_variables" time="0.009" /><testcase classname="tests.core.config.test_latex_config.TestLaTeXDocumentConfig" name="test_get_class_options_list_fancy_headers" time="0.001" /><testcase classname="tests.core.config.test_latex_config.TestLaTeXDocumentConfig" name="test_get_class_options_list_one_column" time="0.000" /><testcase classname="tests.core.config.test_latex_config.TestLaTeXDocumentConfig" name="test_get_class_options_list_custom_options" time="0.000" /><testcase classname="tests.core.config.test_latex_config.TestLaTeXDocumentConfig" name="test_get_class_options_list_no_duplicates" time="0.001" /><testcase classname="tests.core.config.test_latex_config.TestLaTeXDocumentConfig" name="test_get_class_options_list_fonts_wotc" time="0.004" /><testcase classname="tests.core.config.test_environment_variables.TestEnvironmentVariables" name="test_image_config_basic_environment_variables" time="0.006" /><testcase classname="tests.unit.models.test_spell_formatting_parametrized.TestSpellFormattingMethodsParametrized" name="test_get_condition_text_parametrized[conditions4-charmed, frightened, restrained]" time="0.000" /><testcase classname="tests.unit.models.test_spell_formatting_parametrized.TestSpellFormattingMethodsParametrized" name="test_get_area_text_parametrized[area_tags0-Sphere]" time="0.006" /><testcase classname="tests.unit.models.test_spell_formatting_parametrized.TestSpellFormattingMethodsParametrized" name="test_get_area_text_parametrized[area_tags1-Sphere, Cone]" time="0.003" /><testcase classname="tests.unit.models.test_spell_formatting_parametrized.TestSpellFormattingMethodsParametrized" name="test_get_area_text_parametrized[None-]" time="0.010" /><testcase classname="tests.unit.models.test_spell_formatting_parametrized.TestSpellFormattingMethodsParametrized" name="test_get_area_text_parametrized[area_tags3-Line, Square]" time="0.002" /><testcase classname="tests.unit.models.test_spell_formatting_parametrized.TestSpellFormattingMethodsParametrized" name="test_get_enhanced_level_text_parametrized[3-V-damage_types0-attack_info0-3rd-level evocation (fire damage, Dexterity saving throw)]" time="0.003" /><testcase classname="tests.unit.models.test_spell_formatting_parametrized.TestSpellFormattingMethodsParametrized" name="test_get_enhanced_level_text_parametrized[0-V-damage_types1-attack_info1-Evocation cantrip (force damage, ranged spell attack)]" time="0.001" /><testcase classname="tests.unit.models.test_spell_formatting_parametrized.TestSpellFormattingMethodsParametrized" name="test_get_enhanced_level_text_parametrized[1-E-None-attack_info2-1st-level enchantment]" time="0.001" /><testcase classname="tests.unit.models.test_spell_formatting_parametrized.TestSpellFormattingMethodsParametrized" name="test_get_enhanced_level_text_parametrized[9-N-damage_types3-attack_info3-9th-level necromancy (necrotic, psychic damage, Constitution saving throw)]" time="0.001" /><testcase classname="tests.core.config.test_latex_config.TestLaTeXDocumentConfig" name="test_get_class_options_list_fonts_dmsguild" time="0.001" /><testcase classname="tests.core.config.test_latex_config.TestLaTeXDocumentConfig" name="test_get_class_options_list_no_fonts" time="0.003" /><testcase classname="tests.core.config.test_latex_config.TestLaTeXDocumentConfig" name="test_get_class_options_list_no_outline" time="0.001" /><testcase classname="tests.core.config.test_latex_config.TestLaTeXDocumentConfig" name="test_get_class_options_list_with_outline" time="0.001" /><testcase classname="tests.core.resolvers.test_content_resolver.TestContentResolver" name="test_resolve_adventure_exact_match" time="0.045" /><testcase classname="tests.core.config.test_environment_variables.TestEnvironmentVariables" name="test_image_config_processing_environment_variables" time="0.006" /><testcase classname="tests.core.config.test_environment_variables.TestEnvironmentVariables" name="test_image_config_content_types_environment_variables" time="0.002" /><testcase classname="tests.core.config.test_environment_variables.TestEnvironmentVariables" name="test_image_config_performance_environment_variables" time="0.008" /><testcase classname="tests.unit.models.test_spell_formatting_parametrized.TestSpellFormattingMethodsParametrized" name="test_get_enhanced_components_text_parametrized[components0-V, S, M (a tiny ball of bat guano)]" time="0.029" /><testcase classname="tests.unit.models.test_spell_formatting_parametrized.TestSpellFormattingMethodsParametrized" name="test_get_enhanced_components_text_parametrized[components1-V, S]" time="0.001" /><testcase classname="tests.unit.models.test_spell_formatting_parametrized.TestSpellFormattingMethodsParametrized" name="test_get_enhanced_components_text_parametrized[components2-V]" time="0.001" /><testcase classname="tests.unit.models.test_spell_formatting_parametrized.TestSpellFormattingMethodsParametrized" name="test_get_enhanced_components_text_parametrized[components3-S]" time="0.010" /><testcase classname="tests.core.config.test_environment_variables.TestEnvironmentVariables" name="test_image_config_advanced_environment_variables" time="0.003" /><testcase classname="tests.unit.models.test_spell_formatting_parametrized.TestSpellFormattingMethodsParametrized" name="test_get_enhanced_components_text_parametrized[components4-M (a diamond worth 1,000 gp)]" time="0.003" /><testcase classname="tests.core.config.test_environment_variables.TestEnvironmentVariables" name="test_type_conversion_boolean" time="0.026" /><testcase classname="tests.core.resolvers.test_content_resolver.TestContentResolver" name="test_resolve_adventure_case_insensitive" time="0.004" /><testcase classname="tests.unit.models.test_spell_formatting_parametrized.TestSpellFormattingMethodsParametrized" name="test_get_enhanced_components_text_parametrized[components5-V, M (a feather)]" time="0.010" /><testcase classname="tests.core.resolvers.test_content_resolver.TestContentResolver" name="test_resolve_book_exact_match" time="0.003" /><testcase classname="tests.unit.test_content_source_manager.TestContentSourceManager" name="test_ensure_all_sources_success" time="0.037" /><testcase classname="tests.core.resolvers.test_content_resolver.TestContentResolver" name="test_resolve_adventure_multiple_matches_picks_preferred" time="0.008" /><testcase classname="tests.core.config.test_latex_config.TestLaTeXDocumentConfig" name="test_get_class_options_list_fonts_and_no_outline" time="0.002" /><testcase classname="tests.core.resolvers.test_content_resolver.TestContentResolver" name="test_resolve_adventure_no_match_with_suggestions" time="0.003" /><testcase classname="tests.unit.test_content_source_manager.TestContentSourceManager" name="test_ensure_all_sources_with_exceptions" time="0.006" /><testcase classname="tests.unit.models.test_spell_formatting_parametrized.TestSpellFormattingMethodsParametrized" name="test_get_enhanced_duration_text_parametrized[duration_config0-Concentration, up to 1 minute]" time="0.001" /><testcase classname="tests.unit.models.test_spell_formatting_parametrized.TestSpellFormattingMethodsParametrized" name="test_get_enhanced_duration_text_parametrized[duration_config1-Instantaneous]" time="0.001" /><testcase classname="tests.unit.models.test_spell_formatting_parametrized.TestSpellFormattingMethodsParametrized" name="test_get_enhanced_duration_text_parametrized[duration_config2-8 hour]" time="0.001" /><testcase classname="tests.unit.models.test_spell_formatting_parametrized.TestSpellFormattingMethodsParametrized" name="test_get_enhanced_duration_text_parametrized[duration_config3-Permanent]" time="0.001" /><testcase classname="tests.core.resolvers.test_content_resolver.TestContentResolver" name="test_resolve_adventure_empty_abbreviation" time="0.002" /><testcase classname="tests.core.resolvers.test_content_resolver.TestContentResolver" name="test_resolve_adventure_whitespace_abbreviation" time="0.001" /><testcase classname="tests.core.resolvers.test_content_resolver.TestContentResolver" name="test_resolve_adventure_no_content_available" time="0.001" /><testcase classname="tests.core.config.test_environment_variables.TestEnvironmentVariables" name="test_type_conversion_integer" time="0.020" /><testcase classname="tests.unit.models.test_spell_formatting_parametrized.TestSpellFormattingMethodsParametrized" name="test_get_enhanced_duration_text_parametrized[duration_config4-Special]" time="0.002" /><testcase classname="tests.unit.test_content_source_manager.TestContentSourceManager" name="test_ensure_github_source_success" time="0.011" /><testcase classname="tests.unit.models.test_spell_formatting_parametrized.TestSpellFormattingMethodsParametrized" name="test_complete_spell_formatting_integration[Fireball-3-V-components0-damage_types0-None-area_tags0-attack_info0]" time="0.001" /><testcase classname="tests.unit.models.test_spell_formatting_parametrized.TestSpellFormattingMethodsParametrized" name="test_complete_spell_formatting_integration[Hold Person-2-E-components1-None-conditions1-None-attack_info1]" time="0.001" /><testcase classname="tests.core.resolvers.test_content_resolver.TestContentResolver" name="test_resolve_adventure_fuzzy_match" time="0.003" /><testcase classname="tests.core.resolvers.test_content_resolver.TestContentResolver" name="test_resolve_any_with_content_type" time="0.003" /><testcase classname="tests.core.resolvers.test_content_resolver.TestContentResolver" name="test_resolve_any_without_content_type" time="0.005" /><testcase classname="tests.unit.test_content_source_manager.TestContentSourceManager" name="test_ensure_github_source_failure" time="0.007" /><testcase classname="tests.unit.models.test_spell_formatting_parametrized.TestSpellFormattingMethodsParametrized" name="test_complete_spell_formatting_integration[Eldritch Blast-0-V-components2-damage_types2-None-None-attack_info2]" time="0.003" /><testcase classname="tests.core.config.test_environment_variables.TestEnvironmentVariables" name="test_type_conversion_path" time="0.039" /><testcase classname="tests.unit.test_content_source_manager.TestContentSourceManager" name="test_ensure_directory_source_success" time="0.013" /><testcase classname="tests.core.config.test_environment_variables.TestEnvironmentVariables" name="test_type_conversion_list" time="0.007" /><testcase classname="tests.core.resolvers.test_content_resolver.TestContentResolver" name="test_find_suggestions_basic" time="0.077" /><testcase classname="tests.unit.test_content_source_manager.TestContentSourceManager" name="test_ensure_directory_source_path_not_exists" time="0.085" /><testcase classname="tests.core.config.test_environment_variables.TestEnvironmentVariables" name="test_invalid_type_conversion_integer" time="0.003" /><testcase classname="tests.core.resolvers.test_content_resolver.TestContentResolver" name="test_find_suggestions_no_content" time="0.017" /><testcase classname="tests.core.config.test_environment_variables.TestEnvironmentVariables" name="test_invalid_enum_values" time="0.003" /><testcase classname="tests.core.config.test_environment_variables.TestEnvironmentVariables" name="test_constraint_validation" time="0.006" /><testcase classname="tests.core.resolvers.test_content_resolver.TestContentResolver" name="test_find_suggestions_limit" time="0.004" /><testcase classname="tests.core.resolvers.test_content_resolver.TestContentResolver" name="test_resolve_content_source_without_abbreviation" time="0.002" /><testcase classname="tests.core.config.test_environment_variables.TestEnvironmentVariables" name="test_range_constraint_validation" time="0.005" /><testcase classname="tests.core.resolvers.test_content_resolver.TestContentResolver" name="test_fuzzy_matching_multiple_results" time="0.007" /><testcase classname="tests.core.config.test_environment_variables.TestEnvironmentVariables" name="test_complex_nested_configuration" time="0.011" /><testcase classname="tests.core.resolvers.test_content_resolver.TestContentResolver" name="test_search_fallback_no_fuzzy_matches" time="0.002" /><testcase classname="tests.unit.test_content_source_manager.TestContentSourceManager" name="test_ensure_directory_source_path_none" time="0.011" /><testcase classname="tests.core.resolvers.test_content_resolver.TestContentResolver" name="test_various_input_formats[cos-True]" time="0.002" /><testcase classname="tests.core.resolvers.test_content_resolver.TestContentResolver" name="test_various_input_formats[COS-True]" time="0.004" /><testcase classname="tests.core.config.test_environment_variables.TestEnvironmentVariables" name="test_partial_configuration_override" time="0.002" /><testcase classname="tests.core.resolvers.test_content_resolver.TestContentResolver" name="test_various_input_formats[CoS-True]" time="0.004" /><testcase classname="tests.unit.test_content_source_manager.TestContentSourceManager" name="test_ensure_directory_source_not_directory" time="0.018" /><testcase classname="tests.core.config.test_environment_variables.TestEnvironmentVariables" name="test_empty_environment_variables" time="0.014" /><testcase classname="tests.core.resolvers.test_content_resolver.TestContentResolver" name="test_various_input_formats[  cos  -True]" time="0.002" /><testcase classname="tests.core.resolvers.test_content_resolver.TestContentResolver" name="test_various_input_formats[xyz-False]" time="0.002" /><testcase classname="tests.core.resolvers.test_content_resolver.TestContentResolver" name="test_various_input_formats[-False]" time="0.001" /><testcase classname="tests.unit.test_content_source_manager.TestContentSourceManager" name="test_build_content_index_already_built" time="0.008" /><testcase classname="tests.core.config.test_environment_variables.TestEnvironmentVariables" name="test_case_insensitive_environment_variables" time="0.002" /><testcase classname="tests.core.config.test_environment_variables.TestEnvironmentVariables" name="test_environment_variable_precedence_over_defaults" time="0.004" /><testcase classname="tests.core.config.test_environment_variables.TestEnvironmentVariables" name="test_json_parsing_in_environment_variables" time="0.002" /><testcase classname="tests.unit.test_content_source_manager.TestContentSourceManager" name="test_build_content_index_force_rebuild" time="0.007" /><testcase classname="tests.core.config.test_environment_variables.TestEnvironmentVariables" name="test_invalid_json_in_environment_variables" time="0.004" /><testcase classname="tests.unit.test_content_source_manager.TestContentSourceManager" name="test_build_content_index_with_exception" time="0.006" /><testcase classname="tests.core.config.test_environment_variables.TestEnvironmentVariables" name="test_complete_configuration_via_environment" time="0.006" /><testcase classname="tests.unit.test_content_source_manager.TestContentSourceManager" name="test_get_source_files_github" time="0.004" /><testcase classname="tests.core.text.test_tag_resolver_pydantic.TestTagResolver" name="test_tag_resolver_creation_with_omnidexer" time="0.101" /><testcase classname="tests.latex_engine.core.images.test_enhanced_image_placer.TestEnhancedImagePlacer" name="test_initialization_with_intelligent_features" time="0.246" /><testcase classname="tests.unit.test_content_source_manager.TestContentSourceManager" name="test_get_source_files_directory" time="0.007" /><testcase classname="tests.latex_engine.core.images.test_enhanced_image_placer.TestEnhancedImagePlacer" name="test_initialization_without_intelligent_features" time="0.004" /><testcase classname="tests.latex_engine.core.images.test_enhanced_image_placer.TestEnhancedImagePlacer" name="test_initialization_fallback_on_error" time="0.006" /><testcase classname="tests.unit.test_content_source_manager.TestContentSourceManager" name="test_get_source_files_directory_not_exists" time="0.008" /><testcase classname="tests.latex_engine.core.images.test_enhanced_image_placer.TestEnhancedImagePlacer" name="test_place_image_enhanced_basic" time="0.052" /><testcase classname="tests.unit.test_content_source_manager.TestContentSourceManager" name="test_get_source_files_directory_none_path" time="0.010" /><testcase classname="tests.unit.test_content_source_manager.TestContentSourceManager" name="test_get_source_files_unsupported_type" time="0.006" /><testcase classname="tests.unit.test_content_source_manager.TestContentSourceManager" name="test_get_all_content_files_not_built" time="0.007" /><testcase classname="tests.unit.test_content_source_manager.TestContentSourceManager" name="test_get_all_content_files_success" time="0.016" /><testcase classname="tests.latex_engine.core.images.test_enhanced_image_placer.TestEnhancedImagePlacer" name="test_place_image_enhanced_with_contexts" time="0.015" /><testcase classname="tests.unit.test_content_source_manager.TestContentSourceManager" name="test_get_source_files_not_built" time="0.006" /><testcase classname="tests.unit.test_content_source_manager.TestContentSourceManager" name="test_get_source_files_success" time="0.004" /><testcase classname="tests.unit.test_content_source_manager.TestContentSourceManager" name="test_get_source_files_not_found" time="0.002" /><testcase classname="tests.unit.test_content_source_manager.TestContentSourceManager" name="test_get_files_by_pattern_not_built" time="0.003" /><testcase classname="tests.latex_engine.core.images.test_enhanced_image_placer.TestEnhancedImagePlacer" name="test_place_image_enhanced_fallback_on_error" time="0.013" /><testcase classname="tests.unit.test_content_source_manager.TestContentSourceManager" name="test_get_files_by_pattern_success" time="0.003" /><testcase classname="tests.core.text.test_tag_resolver_pydantic.TestTagResolver" name="test_tag_resolver_creation_without_omnidexer" time="0.026" /><testcase classname="tests.unit.test_content_source_manager.TestContentSourceManager" name="test_get_files_by_pattern_no_matches" time="0.006" /><testcase classname="tests.latex_engine.core.images.test_enhanced_image_placer.TestEnhancedImagePlacer" name="test_place_image_enhanced_disabled_features" time="0.008" /><testcase classname="tests.unit.test_content_source_manager.TestContentSourceManager" name="test_get_source_info_not_found" time="0.003" /><testcase classname="tests.unit.test_content_source_manager.TestContentSourceManager" name="test_get_source_info_github" time="0.002" /><testcase classname="tests.latex_engine.core.images.test_enhanced_image_placer.TestEnhancedImagePlacer" name="test_place_image_backward_compatibility" time="0.012" /><testcase classname="tests.core.text.test_tag_resolver_pydantic.TestTagResolver" name="test_tag_resolver_custom_init_creates_renderer" time="0.025" /><testcase classname="tests.unit.test_content_source_manager.TestContentSourceManager" name="test_get_source_info_directory" time="0.015" /><testcase classname="tests.latex_engine.core.images.test_enhanced_image_placer.TestEnhancedImagePlacer" name="test_place_image_fallback_to_base" time="0.010" /><testcase classname="tests.latex_engine.core.images.test_enhanced_image_placer.TestEnhancedImagePlacer" name="test_place_image_disabled_intelligent_features" time="0.014" /><testcase classname="tests.unit.test_content_source_manager.TestContentSourceManager" name="test_get_source_info_github_no_git_info" time="0.009" /><testcase classname="tests.unit.test_content_source_manager.TestContentSourceManager" name="test_update_source_not_found" time="0.008" /><testcase classname="tests.core.text.test_tag_resolver_pydantic.TestTagResolver" name="test_tag_resolver_process_text_success" time="0.034" /><testcase classname="tests.unit.test_content_source_manager.TestContentSourceManager" name="test_update_source_github_success" time="0.006" /><testcase classname="tests.latex_engine.core.images.test_enhanced_image_placer.TestEnhancedImagePlacer" name="test_create_image_metadata" time="0.012" /><testcase classname="tests.unit.test_content_source_manager.TestContentSourceManager" name="test_update_source_directory_success" time="0.010" /><testcase classname="tests.latex_engine.core.images.test_enhanced_image_placer.TestEnhancedImagePlacer" name="test_create_content_context" time="0.005" /><testcase classname="tests.unit.test_content_source_manager.TestContentSourceManager" name="test_update_source_failure" time="0.006" /><testcase classname="tests.latex_engine.core.images.test_enhanced_image_placer.TestEnhancedImagePlacer" name="test_create_content_context_type_mapping" time="0.005" /><testcase classname="tests.core.text.test_tag_resolver_pydantic.TestTagResolver" name="test_tag_resolver_process_text_empty_input" time="0.028" /><testcase classname="tests.latex_engine.core.images.test_enhanced_image_placer.TestEnhancedImagePlacer" name="test_create_document_context" time="0.002" /><testcase classname="tests.unit.test_content_source_manager.TestContentSourceManager" name="test_remove_source_data_not_found" time="0.004" /><testcase classname="tests.latex_engine.core.images.test_enhanced_image_placer.TestEnhancedImagePlacer" name="test_create_document_context_defaults" time="0.002" /><testcase classname="tests.latex_engine.core.images.test_enhanced_image_placer.TestEnhancedImagePlacer" name="test_create_page_context" time="0.002" /><testcase classname="tests.unit.test_content_source_manager.TestContentSourceManager" name="test_remove_source_data_github_success" time="0.009" /><testcase classname="tests.latex_engine.core.images.test_enhanced_image_placer.TestEnhancedImagePlacer" name="test_create_user_preferences" time="0.004" /><testcase classname="tests.latex_engine.core.images.test_enhanced_image_placer.TestEnhancedImagePlacer" name="test_select_placement_strategy_specialized" time="0.003" /><testcase classname="tests.unit.test_content_source_manager.TestContentSourceManager" name="test_remove_source_data_directory_success" time="0.006" /><testcase classname="tests.renderers.latex.test_reference_resolver.TestReferenceResolver" name="test_init" time="0.687" /><testcase classname="tests.latex_engine.core.images.test_enhanced_image_placer.TestEnhancedImagePlacer" name="test_select_placement_strategy_fallback" time="0.003" /><testcase classname="tests.latex_engine.core.images.test_enhanced_image_placer.TestEnhancedImagePlacer" name="test_get_placement_statistics" time="0.002" /><testcase classname="tests.unit.test_content_source_manager.TestContentSourceManager" name="test_remove_source_data_exception" time="0.007" /><testcase classname="tests.core.text.test_tag_resolver_pydantic.TestTagResolver" name="test_tag_resolver_process_text_parse_error" time="0.047" /><testcase classname="tests.latex_engine.core.images.test_enhanced_image_placer.TestEnhancedImagePlacer" name="test_clear_placement_cache" time="0.003" /><testcase classname="tests.latex_engine.core.images.test_enhanced_image_placer.TestEnhancedImagePlacer" name="test_base_config_compatibility" time="0.003" /><testcase classname="tests.unit.test_content_source_manager.TestContentSourceManager" name="test_get_statistics_not_built" time="0.005" /><testcase classname="tests.latex_engine.core.images.test_enhanced_image_placer.TestEnhancedImagePlacer" name="test_layout_impact_analysis" time="0.009" /><testcase classname="tests.unit.test_content_source_manager.TestContentSourceManager" name="test_get_statistics_success" time="0.009" /><testcase classname="tests.latex_engine.core.images.test_enhanced_image_placer.TestEnhancedImagePlacer" name="test_output_optimization_integration" time="0.034" /><testcase classname="tests.unit.test_content_source_manager.TestContentSourceManager" name="test_get_statistics_empty_sources" time="0.002" /><testcase classname="tests.core.text.test_tag_resolver_pydantic.TestTagResolver" name="test_tag_resolver_process_text_unexpected_error" time="0.032" /><testcase classname="tests.renderers.latex.test_entry_processor_core.TestRecursiveEntryProcessor" name="test_init_default" time="0.742" /><testcase classname="tests.core.sources.test_github.TestGitHubSourceManager" name="test_init" time="0.746" /><testcase classname="tests.latex_engine.core.images.test_layout_analyzer.TestLayoutAnalyzer" name="test_initialization" time="0.050" /><testcase classname="tests.latex_engine.core.images.test_layout_analyzer.TestLayoutAnalyzer" name="test_initialization_with_custom_constraints" time="0.005" /><testcase classname="tests.core.text.test_tag_resolver_pydantic.TestTagResolver" name="test_tag_resolver_register_handler" time="0.035" /><testcase classname="tests.latex_engine.core.images.test_layout_analyzer.TestLayoutAnalyzer" name="test_analyze_page_space" time="0.008" /><testcase classname="tests.latex_engine.core.images.test_layout_analyzer.TestLayoutAnalyzer" name="test_analyze_page_space_nearly_full" time="0.006" /><testcase classname="tests.latex_engine.core.images.test_layout_analyzer.TestLayoutAnalyzer" name="test_analyze_page_space_mostly_empty" time="0.001" /><testcase classname="tests.latex_engine.core.images.test_layout_analyzer.TestLayoutAnalyzer" name="test_predict_page_breaks" time="0.004" /><testcase classname="tests.latex_engine.core.images.test_layout_analyzer.TestLayoutAnalyzer" name="test_predict_page_breaks_with_images" time="0.001" /><testcase classname="tests.core.text.test_tag_resolver_pydantic.TestTagResolver" name="test_tag_resolver_basic_functionality" time="0.033" /><testcase classname="tests.latex_engine.core.images.test_layout_analyzer.TestLayoutAnalyzer" name="test_optimize_image_sequence_empty" time="0.001" /><testcase classname="tests.latex_engine.core.images.test_layout_analyzer.TestLayoutAnalyzer" name="test_optimize_image_sequence_single_image" time="0.007" /><testcase classname="tests.latex_engine.core.images.test_layout_analyzer.TestLayoutAnalyzer" name="test_optimize_image_sequence_multiple_images" time="0.003" /><testcase classname="tests.latex_engine.core.images.test_layout_analyzer.TestLayoutAnalyzer" name="test_optimize_image_sequence_with_clustering" time="0.003" /><testcase classname="tests.latex_engine.core.images.test_layout_analyzer.TestLayoutAnalyzer" name="test_assess_layout_quality_no_images" time="0.002" /><testcase classname="tests.latex_engine.core.images.test_layout_analyzer.TestLayoutAnalyzer" name="test_assess_layout_quality_with_images" time="0.008" /><testcase classname="tests.core.text.test_tag_resolver_pydantic.TestTagResolver" name="test_tag_resolver_get_supported_tag_types" time="0.027" /><testcase classname="tests.latex_engine.core.images.test_layout_analyzer.TestLayoutAnalyzer" name="test_assess_layout_quality_overcrowded" time="0.004" /><testcase classname="tests.latex_engine.core.images.test_layout_analyzer.TestLayoutAnalyzer" name="test_space_fragment_analysis" time="0.002" /><testcase classname="tests.latex_engine.core.images.test_layout_analyzer.TestLayoutAnalyzer" name="test_image_size_recommendations" time="0.001" /><testcase classname="tests.latex_engine.core.images.test_layout_analyzer.TestLayoutAnalyzer" name="test_break_quality_adjustment" time="0.003" /><testcase classname="tests.renderers.latex.test_reference_resolver.TestReferenceResolver" name="test_resolve_content_reference_basic" time="0.180" /><testcase classname="tests.latex_engine.core.images.test_layout_analyzer.TestLayoutAnalyzer" name="test_break_deduplication" time="0.002" /><testcase classname="tests.latex_engine.core.images.test_layout_analyzer.TestLayoutAnalyzer" name="test_image_coherence_calculation" time="0.003" /><testcase classname="tests.core.text.test_tag_resolver_pydantic.TestTagResolver" name="test_tag_resolver_has_handler" time="0.027" /><testcase classname="tests.latex_engine.core.images.test_layout_analyzer.TestLayoutAnalyzer" name="test_single_image_coherence" time="0.003" /><testcase classname="tests.latex_engine.core.images.test_layout_analyzer.TestLayoutAnalyzer" name="test_empty_image_coherence" time="0.001" /><testcase classname="tests.renderers.latex.test_entry_processor_core.TestRecursiveEntryProcessor" name="test_init_without_dnd_template" time="0.152" /><testcase classname="tests.renderers.latex.images.test_image_placer.TestImagePlacer" name="test_determine_placement_explicit" time="0.640" /><testcase classname="tests.core.text.test_tag_resolver_pydantic.TestTagResolver" name="test_tag_resolver_arbitrary_types_allowed" time="0.052" /><testcase classname="tests.core.sources.test_github.TestGitHubSourceManager" name="test_get_repo_path_valid_source" time="0.165" /><testcase classname="tests.core.text.test_tag_resolver_pydantic.TestTagResolver" name="test_tag_resolver_custom_handlers_validation" time="0.042" /><testcase classname="tests.core.text.test_tag_resolver_pydantic.TestTagResolver" name="test_tag_resolver_field_default_values" time="0.029" /><testcase classname="tests.renderers.latex.test_reference_resolver.TestReferenceResolver" name="test_resolve_content_reference_no_cross_ref_manager" time="0.137" /><testcase classname="tests.core.text.test_tag_resolver_pydantic.TestTagResolver" name="test_tag_resolver_complex_text_processing_scenario" time="0.035" /><testcase classname="tests.renderers.latex.test_entry_processor_new_types.TestNewEntryTypes" name="test_process_entry_dict_actions" time="0.711" /><testcase classname="tests.renderers.latex.images.test_image_placer.TestImagePlacer" name="test_determine_placement_creature_context" time="0.151" /><testcase classname="tests.renderers.latex.test_entry_processor_core.TestRecursiveEntryProcessor" name="test_process_entries_empty_list" time="0.158" /><testcase classname="tests.core.text.test_tag_resolver_pydantic.TestTagResolver" name="test_tag_resolver_unicode_handling" time="0.031" /><testcase classname="tests.core.sources.test_github.TestGitHubSourceManager" name="test_get_repo_path_invalid_source" time="0.144" /><testcase classname="tests.core.text.test_tag_resolver_pydantic.TestTagResolver" name="test_tag_resolver_very_long_text" time="0.032" /><testcase classname="tests.core.text.test_tag_resolver_pydantic.TestTagResolver" name="test_tag_resolver_multiple_instances_independence" time="0.060" /><testcase classname="tests.renderers.latex.test_reference_resolver.TestReferenceResolver" name="test_resolve_content_reference_with_hyperlink" time="0.149" /><testcase classname="tests.core.text.test_tag_resolver_pydantic.TestTagResolver" name="test_tag_resolver_integration_with_real_parser" time="0.060" /><testcase classname="tests.renderers.latex.test_entry_processor_core.TestRecursiveEntryProcessor" name="test_process_entries_string_only" time="0.155" /><testcase classname="tests.renderers.latex.images.test_image_placer.TestImagePlacer" name="test_determine_placement_item_context" time="0.164" /><testcase classname="tests.core.text.test_tag_resolver_pydantic.TestTagResolver" name="test_tag_resolver_error_logging" time="0.032" /><testcase classname="tests.core.sources.test_github.TestGitHubSourceManager" name="test_ensure_repository_clone_new" time="0.188" /><testcase classname="tests.core.text.test_tag_resolver_pydantic.TestTagResolver" name="test_tag_resolver_renderer_creation_integration" time="0.026" /><testcase classname="tests.core.text.test_tag_parser.TestTagParser" name="test_parser_initialization" time="0.566" /><testcase classname="tests.core.text.test_tag_resolver_pydantic.TestTagResolver" name="test_tag_resolver_config_arbitrary_types" time="0.028" /><testcase classname="tests.renderers.latex.test_entry_processor_new_types.TestNewEntryTypes" name="test_process_entry_dict_actions_no_name" time="0.172" /><testcase classname="tests.renderers.latex.test_reference_resolver.TestReferenceResolver" name="test_resolve_content_reference_without_hyperlink" time="0.167" /><testcase classname="tests.core.loaders.test_index_entry.TestIndexEntry" name="test_index_entry_direct_creation" time="0.003" /><testcase classname="tests.core.loaders.test_index_entry.TestIndexEntry" name="test_index_entry_hash_id_validation" time="0.002" /><testcase classname="tests.core.loaders.test_index_entry.TestIndexEntry" name="test_index_entry_lookup_key_validation" time="0.001" /><testcase classname="tests.core.loaders.test_index_entry.TestIndexEntry" name="test_index_entry_create_classmethod_spell" time="0.001" /><testcase classname="tests.renderers.latex.test_entry_processor_core.TestRecursiveEntryProcessor" name="test_process_entries_mixed_types" time="0.254" /><testcase classname="tests.core.loaders.test_index_entry.TestIndexEntry" name="test_index_entry_create_classmethod_creature" time="0.002" /><testcase classname="tests.core.loaders.test_index_entry.TestIndexEntry" name="test_index_entry_create_with_dict_source" time="0.001" /><testcase classname="tests.renderers.latex.images.test_image_placer.TestImagePlacer" name="test_determine_placement_chapter_art_context" time="0.149" /><testcase classname="tests.core.loaders.test_index_entry.TestIndexEntry" name="test_index_entry_create_with_string_source" time="0.001" /><testcase classname="tests.core.loaders.test_index_entry.TestIndexEntry" name="test_index_entry_create_with_object_source_no_abbreviation" time="0.001" /><testcase classname="tests.core.loaders.test_index_entry.TestIndexEntry" name="test_index_entry_hash_consistency" time="0.002" /><testcase classname="tests.core.loaders.test_index_entry.TestIndexEntry" name="test_index_entry_lookup_key_generation" time="0.002" /><testcase classname="tests.core.loaders.test_index_entry.TestIndexEntry" name="test_index_entry_arbitrary_types_allowed" time="0.002" /><testcase classname="tests.core.loaders.test_index_entry.TestIndexEntry" name="test_index_entry_content_type_validation" time="0.003" /><testcase classname="tests.core.loaders.test_index_entry.TestIndexEntry" name="test_index_entry_unicode_handling" time="0.001" /><testcase classname="tests.core.loaders.test_index_entry.TestIndexEntry" name="test_index_entry_very_long_names" time="0.001" /><testcase classname="tests.core.loaders.test_index_entry.TestIndexEntry" name="test_index_entry_empty_source_abbreviation" time="0.002" /><testcase classname="tests.core.loaders.test_index_entry.TestIndexEntry" name="test_index_entry_special_characters_in_names" time="0.002" /><testcase classname="tests.core.loaders.test_index_entry.TestIndexEntry" name="test_index_entry_none_handling" time="0.005" /><testcase classname="tests.core.loaders.test_index_entry.TestIndexEntry" name="test_index_entry_model_validation_edge_cases" time="0.001" /><testcase classname="tests.core.loaders.test_index_entry.TestIndexEntry" name="test_index_entry_immutability" time="0.002" /><testcase classname="tests.core.loaders.test_index_entry.TestIndexEntry" name="test_index_entry_create_deterministic_hashing" time="0.004" /><testcase classname="tests.core.sources.test_github.TestGitHubSourceManager" name="test_ensure_repository_update_existing" time="0.150" /><testcase classname="tests.core.resolvers.test_content_resolution_result.TestContentResolutionResult" name="test_content_resolution_result_creation_minimal" time="0.001" /><testcase classname="tests.core.resolvers.test_content_resolution_result.TestContentResolutionResult" name="test_content_resolution_result_creation_full" time="0.001" /><testcase classname="tests.core.resolvers.test_content_resolution_result.TestContentResolutionResult" name="test_content_resolution_result_status_validation" time="0.001" /><testcase classname="tests.core.resolvers.test_content_resolution_result.TestContentResolutionResult" name="test_content_resolution_result_query_validation" time="0.005" /><testcase classname="tests.core.resolvers.test_content_resolution_result.TestContentResolutionResult" name="test_content_resolution_result_suggestions_validation" time="0.003" /><testcase classname="tests.core.assets.test_image_manager.TestImageManager" name="test_init_default_sources" time="0.555" /><testcase classname="tests.core.resolvers.test_content_resolution_result.TestContentResolutionResult" name="test_content_resolution_result_is_success_property" time="0.001" /><testcase classname="tests.core.resolvers.test_content_resolution_result.TestContentResolutionResult" name="test_content_resolution_result_needs_user_selection_property" time="0.000" /><testcase classname="tests.core.resolvers.test_content_resolution_result.TestContentResolutionResult" name="test_content_resolution_result_has_suggestions_property" time="0.002" /><testcase classname="tests.core.resolvers.test_content_resolution_result.TestContentResolutionResult" name="test_content_resolution_result_arbitrary_types_allowed" time="0.002" /><testcase classname="tests.core.resolvers.test_content_resolution_result.TestContentResolutionResult" name="test_content_resolution_result_typical_success_scenario" time="0.001" /><testcase classname="tests.core.resolvers.test_content_resolution_result.TestContentResolutionResult" name="test_content_resolution_result_typical_multiple_matches_scenario" time="0.001" /><testcase classname="tests.core.resolvers.test_content_resolution_result.TestContentResolutionResult" name="test_content_resolution_result_typical_no_match_with_suggestions_scenario" time="0.001" /><testcase classname="tests.core.resolvers.test_content_resolution_result.TestContentResolutionResult" name="test_content_resolution_result_fuzzy_match_scenario" time="0.001" /><testcase classname="tests.core.resolvers.test_content_resolution_result.TestContentResolutionResult" name="test_content_resolution_result_edge_cases" time="0.001" /><testcase classname="tests.core.resolvers.test_content_resolution_result.TestContentResolutionResult" name="test_content_resolution_result_suggestions_order_preservation" time="0.000" /><testcase classname="tests.core.resolvers.test_content_resolution_result.TestContentResolutionResult" name="test_content_resolution_result_mixed_content_types" time="0.002" /><testcase classname="tests.core.resolvers.test_content_resolution_result.TestContentResolutionResult" name="test_content_resolution_result_status_consistency_validation" time="0.001" /><testcase classname="tests.core.resolvers.test_content_resolution_result.TestContentResolutionResult" name="test_content_resolution_result_default_factory_behavior" time="0.001" /><testcase classname="tests.core.resolvers.test_content_resolution_result.TestContentResolutionResult" name="test_content_resolution_result_complex_suggestions_scenarios" time="0.000" /><testcase classname="tests.core.resolvers.test_content_resolution_result.TestContentResolutionResult" name="test_content_resolution_result_serialization_compatibility" time="0.002" /><testcase classname="tests.renderers.latex.test_reference_resolver.TestReferenceResolver" name="test_resolve_content_reference_with_display_text" time="0.201" /><testcase classname="tests.renderers.latex.test_entry_processor_new_types.TestNewEntryTypes" name="test_process_entry_dict_attack" time="0.229" /><testcase classname="tests.core.text.test_tag_parser.TestTagParser" name="test_parser_initialization_missing_grammar" time="0.263" /><testcase classname="tests.renderers.latex.images.test_image_placer.TestImagePlacer" name="test_determine_placement_default" time="0.222" /><testcase classname="tests.core.sources.test_github.TestGitHubSourceManager" name="test_ensure_repository_no_update_when_disabled" time="0.253" /><testcase classname="tests.core.assets.test_image_manager.TestImageManager" name="test_init_cache_dir_setup" time="0.260" /><testcase classname="tests.renderers.latex.test_entry_processor_core.TestRecursiveEntryProcessor" name="test_process_entry_dict_section" time="0.267" /><testcase classname="tests.renderers.latex.test_reference_resolver.TestReferenceResolver" name="test_resolve_content_reference_force_hyperlink" time="0.250" /><testcase classname="tests.renderers.latex.test_entry_processor_new_types.TestNewEntryTypes" name="test_process_entry_dict_attack_no_name" time="0.248" /><testcase classname="tests.renderers.latex.images.test_image_placer.TestImagePlacer" name="test_determine_size_spec_explicit" time="0.223" /><testcase classname="tests.core.sources.test_github.TestGitHubSourceManager" name="test_ensure_repository_invalid_source_type" time="0.144" /><testcase classname="tests.core.text.test_tag_parser.TestTagParser" name="test_parse_empty_text" time="0.239" /><testcase classname="tests.core.assets.test_image_manager.TestImageManager" name="test_resolve_image_local_path" time="0.180" /><testcase classname="tests.renderers.latex.test_entry_processor_core.TestRecursiveEntryProcessor" name="test_process_entry_dict_entries_block" time="0.164" /><testcase classname="tests.renderers.latex.test_reference_resolver.TestReferenceResolver" name="test_apply_basic_formatting_all_types" time="0.164" /><testcase classname="tests.renderers.latex.images.test_image_placer.TestImagePlacer" name="test_determine_size_spec_creature_wrap" time="0.160" /><testcase classname="tests.renderers.latex.test_entry_processor_new_types.TestNewEntryTypes" name="test_process_entry_dict_options" time="0.177" /><testcase classname="tests.core.sources.test_github.TestGitHubSourceManager" name="test_clone_repository_success" time="0.201" /><testcase classname="tests.core.text.test_tag_parser.TestTagParser" name="test_parse_none_text" time="0.191" /><testcase classname="tests.core.assets.test_image_manager.TestImageManager" name="test_resolve_image_url_cached" time="0.171" /><testcase classname="tests.renderers.latex.test_entry_processor_core.TestRecursiveEntryProcessor" name="test_process_entry_dict_inset_readaloud" time="0.147" /><testcase classname="tests.renderers.latex.test_error_parser.TestLaTeXErrorParser" name="test_parser_initialization" time="0.612" /><testcase classname="tests.renderers.latex.test_reference_resolver.TestReferenceResolver" name="test_should_include_page_ref_appendix_mode" time="0.143" /><testcase classname="tests.renderers.latex.test_entry_processor_new_types.TestNewEntryTypes" name="test_process_entry_dict_options_empty" time="0.145" /><testcase classname="tests.renderers.latex.images.test_image_placer.TestImagePlacer" name="test_determine_size_spec_creature_float" time="0.172" /><testcase classname="tests.core.sources.test_github.TestGitHubSourceManager" name="test_clone_repository_with_branch" time="0.157" /><testcase classname="tests.core.text.test_tag_parser.TestTagParser" name="test_parse_plain_text" time="0.184" /><testcase classname="tests.core.assets.test_image_manager.TestImageManager" name="test_resolve_image_url_download" time="0.162" /><testcase classname="tests.renderers.latex.test_error_parser.TestLaTeXErrorParser" name="test_parse_missing_file_error" time="0.149" /><testcase classname="tests.renderers.latex.test_reference_resolver.TestReferenceResolver" name="test_should_include_page_ref_major_types" time="0.154" /><testcase classname="tests.renderers.latex.test_entry_processor_core.TestRecursiveEntryProcessor" name="test_process_entry_dict_inset_with_name" time="0.200" /><testcase classname="tests.renderers.latex.test_entry_processor_new_types.TestNewEntryTypes" name="test_process_entry_dict_variant" time="0.146" /><testcase classname="tests.renderers.latex.images.test_image_placer.TestImagePlacer" name="test_size_hint_to_spec_regular" time="0.160" /><testcase classname="tests.core.sources.test_github.TestGitHubSourceManager" name="test_clone_repository_no_url" time="0.156" /><testcase classname="tests.core.text.test_tag_parser.TestTagParser" name="test_parse_simple_creature_tag" time="0.184" /><testcase classname="tests.core.assets.test_image_manager.TestImageManager" name="test_resolve_local_path_assets_dir" time="0.174" /><testcase classname="tests.renderers.latex.test_error_parser.TestLaTeXErrorParser" name="test_parse_package_error" time="0.155" /><testcase classname="tests.renderers.latex.test_reference_resolver.TestReferenceResolver" name="test_track_reference_relationship" time="0.151" /><testcase classname="tests.renderers.latex.test_entry_processor_core.TestRecursiveEntryProcessor" name="test_process_entry_dict_inset_without_name" time="0.171" /><testcase classname="tests.renderers.latex.test_entry_processor_new_types.TestNewEntryTypes" name="test_process_entry_dict_variant_no_name" time="0.165" /><testcase classname="tests.renderers.latex.images.test_image_placer.TestImagePlacer" name="test_size_hint_to_spec_wrapped" time="0.148" /><testcase classname="tests.core.sources.test_github.TestGitHubSourceManager" name="test_clone_repository_git_failure" time="0.180" /><testcase classname="tests.renderers.latex.test_error_parser.TestLaTeXErrorParser" name="test_parse_undefined_control_sequence" time="0.152" /><testcase classname="tests.core.assets.test_image_manager.TestImageManager" name="test_resolve_local_path_images_dir" time="0.162" /><testcase classname="tests.renderers.latex.test_reference_resolver.TestReferenceResolver" name="test_track_reference_relationship_no_duplicates" time="0.181" /><testcase classname="tests.renderers.latex.test_entry_processor_core.TestRecursiveEntryProcessor" name="test_process_entry_dict_image_with_title" time="0.170" /><testcase classname="tests.core.text.test_tag_parser.TestTagParser" name="test_parse_creature_tag_with_display_text" time="0.215" /><testcase classname="tests.renderers.latex.test_entry_processor_new_types.TestNewEntryTypes" name="test_process_entry_dict_variant_sub" time="0.155" /><testcase classname="tests.renderers.latex.images.test_image_placer.TestImagePlacer" name="test_generate_inline_command" time="0.153" /><testcase classname="tests.core.sources.test_github.TestGitHubSourceManager" name="test_clone_repository_exception_cleanup" time="0.156" /><testcase classname="tests.renderers.latex.test_error_parser.TestLaTeXErrorParser" name="test_parse_font_error" time="0.143" /><testcase classname="tests.core.assets.test_image_manager.TestImageManager" name="test_resolve_local_path_not_found" time="0.171" /><testcase classname="tests.renderers.latex.test_reference_resolver.TestReferenceResolver" name="test_create_definition_label" time="0.163" /><testcase classname="tests.renderers.latex.test_entry_processor_new_types.TestNewEntryTypes" name="test_process_entry_dict_variant_sub_no_name" time="0.149" /><testcase classname="tests.renderers.latex.test_entry_processor_core.TestRecursiveEntryProcessor" name="test_process_entry_dict_image_without_title" time="0.171" /><testcase classname="tests.renderers.latex.images.test_image_placer.TestImagePlacer" name="test_generate_wrap_command_right" time="0.156" /><testcase classname="tests.core.text.test_tag_parser.TestTagParser" name="test_parse_creature_tag_with_page" time="0.185" /><testcase classname="tests.renderers.latex.test_error_parser.TestLaTeXErrorParser" name="test_parse_fontspec_error" time="0.146" /><testcase classname="tests.core.sources.test_github.TestGitHubSourceManager" name="test_update_repository_success" time="0.171" /><testcase classname="tests.renderers.latex.test_reference_resolver.TestReferenceResolver" name="test_create_definition_label_no_cross_ref_manager" time="0.147" /><testcase classname="tests.renderers.latex.test_entry_processor_core.TestRecursiveEntryProcessor" name="test_process_entry_dict_image_no_href" time="0.149" /><testcase classname="tests.renderers.latex.test_entry_processor_new_types.TestNewEntryTypes" name="test_process_entry_dict_ability_dc" time="0.167" /><testcase classname="tests.renderers.latex.images.test_image_placer.TestImagePlacer" name="test_generate_wrap_command_left" time="0.155" /><testcase classname="tests.core.assets.test_image_manager.TestImageManager" name="test_download_and_cache_success" time="0.204" /><testcase classname="tests.core.text.test_tag_parser.TestTagParser" name="test_parse_mixed_content" time="0.190" /><testcase classname="tests.renderers.latex.test_error_parser.TestLaTeXErrorParser" name="test_parse_dnd_package_error" time="0.154" /><testcase classname="tests.core.sources.test_github.TestGitHubSourceManager" name="test_update_repository_not_git_repo" time="0.181" /><testcase classname="tests.renderers.latex.test_reference_resolver.TestReferenceResolver" name="test_resolve_adventure_reference_full" time="0.150" /><testcase classname="tests.renderers.latex.images.test_image_placer.TestImagePlacer" name="test_generate_margin_command" time="0.153" /><testcase classname="tests.core.assets.test_image_manager.TestImageManager" name="test_download_and_cache_failure" time="0.146" /><testcase classname="tests.renderers.latex.test_entry_processor_new_types.TestNewEntryTypes" name="test_process_entry_dict_ability_dc_no_name" time="0.173" /><testcase classname="tests.renderers.latex.test_entry_processor_core.TestRecursiveEntryProcessor" name="test_process_entry_dict_image_no_href_no_title" time="0.194" /><testcase classname="tests.renderers.latex.test_error_parser.TestLaTeXErrorParser" name="test_parse_warning" time="0.182" /><testcase classname="tests.renderers.latex.test_reference_resolver.TestReferenceResolver" name="test_resolve_adventure_reference_chapter_only" time="0.161" /><testcase classname="tests.core.sources.test_github.TestGitHubSourceManager" name="test_update_repository_git_failure" time="0.169" /><testcase classname="tests.renderers.latex.images.test_image_placer.TestImagePlacer" name="test_generate_margin_command_no_title" time="0.160" /><testcase classname="tests.core.assets.test_image_manager.TestImageManager" name="test_construct_source_url_5etools" time="0.189" /><testcase classname="tests.renderers.latex.test_entry_processor_new_types.TestNewEntryTypes" name="test_process_entry_dict_ability_attack_mod" time="0.190" /><testcase classname="tests.renderers.latex.test_entry_processor_core.TestRecursiveEntryProcessor" name="test_process_entry_dict_image_disabled" time="0.173" /><testcase classname="tests.core.text.test_tag_parser.TestTagParser" name="test_parse_escaped_characters" time="0.317" /><testcase classname="tests.renderers.latex.test_error_parser.TestLaTeXErrorParser" name="test_parse_multiple_errors" time="0.142" /><testcase classname="tests.renderers.latex.test_reference_resolver.TestReferenceResolver" name="test_resolve_adventure_reference_page_only" time="0.142" /><testcase classname="tests.core.sources.test_github.TestGitHubSourceManager" name="test_update_repository_exception" time="0.173" /><testcase classname="tests.renderers.latex.images.test_image_placer.TestImagePlacer" name="test_generate_full_width_command" time="0.170" /><testcase classname="tests.core.assets.test_image_manager.TestImageManager" name="test_construct_source_url_other_domain" time="0.151" /><testcase classname="tests.renderers.latex.test_entry_processor_core.TestRecursiveEntryProcessor" name="test_process_entry_dict_list_unordered" time="0.164" /><testcase classname="tests.renderers.latex.test_entry_processor_new_types.TestNewEntryTypes" name="test_process_entry_dict_ability_generic" time="0.173" /><testcase classname="tests.renderers.latex.test_error_parser.TestLaTeXErrorParser" name="test_parse_empty_log" time="0.144" /><testcase classname="tests.renderers.latex.test_reference_resolver.TestReferenceResolver" name="test_resolve_adventure_reference_name_only" time="0.154" /><testcase classname="tests.core.text.test_tag_parser.TestTagParser" name="test_parse_various_tag_types" time="0.217" /><testcase classname="tests.core.sources.test_github.TestGitHubSourceManager" name="test_is_git_available_true" time="0.168" /><testcase classname="tests.renderers.latex.test_error_parser.TestLaTeXErrorParser" name="test_parse_no_errors" time="0.104" /><testcase classname="tests.renderers.latex.images.test_image_placer.TestImagePlacer" name="test_generate_float_command" time="0.190" /><testcase classname="tests.core.assets.test_image_manager.TestImageManager" name="test_download_from_url_success" time="0.208" /><testcase classname="tests.renderers.latex.test_entry_processor_core.TestRecursiveEntryProcessor" name="test_process_entry_dict_list_ordered" time="0.204" /><testcase classname="tests.renderers.latex.test_entry_processor_new_types.TestNewEntryTypes" name="test_process_entry_dict_spellcasting" time="0.205" /><testcase classname="tests.renderers.latex.test_reference_resolver.TestReferenceResolver" name="test_resolve_adventure_reference_default_context" time="0.169" /><testcase classname="tests.core.text.test_tag_parser.TestTagParser" name="test_parse_malformed_tags_error_recovery" time="0.256" /><testcase classname="tests.core.sources.test_github.TestGitHubSourceManager" name="test_is_git_available_false_not_found" time="0.180" /><testcase classname="tests.renderers.latex.test_error_parser.TestLaTeXErrorParser" name="test_analyze_compilation_failure_timeout" time="0.154" /><testcase classname="tests.renderers.latex.images.test_image_placer.TestImagePlacer" name="test_generate_label_from_id" time="0.171" /><testcase classname="tests.core.assets.test_image_manager.TestImageManager" name="test_download_from_url_http_error" time="0.166" /><testcase classname="tests.renderers.latex.test_reference_resolver.TestReferenceResolver" name="test_resolve_book_reference_with_page" time="0.159" /><testcase classname="tests.renderers.latex.test_entry_processor_new_types.TestNewEntryTypes" name="test_process_entry_dict_bonus" time="0.167" /><testcase classname="tests.renderers.latex.test_entry_processor_core.TestRecursiveEntryProcessor" name="test_process_entry_dict_list_empty" time="0.175" /><testcase classname="tests.renderers.latex.test_error_parser.TestLaTeXErrorParser" name="test_analyze_compilation_failure_with_stderr" time="0.166" /><testcase classname="tests.core.sources.test_github.TestGitHubSourceManager" name="test_is_git_available_false_command_error" time="0.161" /><testcase classname="tests.renderers.latex.test_entry_processor_core.TestRecursiveEntryProcessor" name="test_process_entry_dict_list_with_dict_items" time="0.121" /><testcase classname="tests.renderers.latex.test_reference_resolver.TestReferenceResolver" name="test_resolve_book_reference_without_page" time="0.127" /><testcase classname="tests.renderers.latex.images.test_image_placer.TestImagePlacer" name="test_generate_label_from_title" time="0.176" /><testcase classname="tests.core.text.test_tag_parser.TestTagParser" name="test_parse_exception_handling" time="0.223" /><testcase classname="tests.renderers.latex.test_entry_processor_new_types.TestNewEntryTypes" name="test_process_entry_dict_bonus_negative" time="0.159" /><testcase classname="tests.core.assets.test_image_manager.TestImageManager" name="test_download_from_url_exception" time="0.216" /><testcase classname="tests.core.sources.test_github.TestGitHubSourceManager" name="test_get_repository_info_success" time="0.160" /><testcase classname="tests.renderers.latex.test_error_parser.TestLaTeXErrorParser" name="test_analyze_compilation_failure_generic" time="0.161" /><testcase classname="tests.renderers.latex.test_reference_resolver.TestReferenceResolver" name="test_resolve_book_reference_default_context" time="0.137" /><testcase classname="tests.renderers.latex.test_entry_processor_core.TestRecursiveEntryProcessor" name="test_process_entry_dict_table_with_dnd_template" time="0.148" /><testcase classname="tests.renderers.latex.images.test_image_placer.TestImagePlacer" name="test_generate_label_none" time="0.169" /><testcase classname="tests.renderers.latex.test_entry_processor_new_types.TestNewEntryTypes" name="test_process_entry_dict_bonus_speed" time="0.193" /><testcase classname="tests.core.text.test_tag_parser.TestTagParser" name="test_parse_tag_parse_error_handling" time="0.223" /><testcase classname="tests.renderers.latex.test_reference_resolver.TestReferenceResolver" name="test_resolve_section_reference" time="0.124" /><testcase classname="tests.core.assets.test_image_manager.TestImageManager" name="test_generate_cache_key" time="0.194" /><testcase classname="tests.renderers.latex.test_error_parser.TestLaTeXErrorParser" name="test_analyze_compilation_success" time="0.172" /><testcase classname="tests.renderers.latex.test_entry_processor_core.TestRecursiveEntryProcessor" name="test_process_entry_dict_table_empty_rows" time="0.127" /><testcase classname="tests.renderers.latex.images.test_image_placer.TestImagePlacer" name="test_get_required_packages_wrap" time="0.137" /><testcase classname="tests.core.sources.test_github.TestGitHubSourceManager" name="test_get_repository_info_no_repo" time="0.280" /><testcase classname="tests.renderers.latex.test_reference_resolver.TestReferenceResolver" name="test_resolve_section_reference_no_hyperlink_manager" time="0.144" /><testcase classname="tests.renderers.latex.test_entry_processor_new_types.TestNewEntryTypes" name="test_process_entry_dict_dice" time="0.175" /><testcase classname="tests.renderers.latex.test_error_parser.TestLaTeXErrorParser" name="test_get_error_summary_empty" time="0.177" /><testcase classname="tests.core.assets.test_image_manager.TestImageManager" name="test_add_source" time="0.187" /><testcase classname="tests.renderers.latex.test_entry_processor_core.TestRecursiveEntryProcessor" name="test_process_entry_dict_table_no_caption_empty" time="0.183" /><testcase classname="tests.renderers.latex.images.test_image_placer.TestImagePlacer" name="test_get_required_packages_float" time="0.148" /><testcase classname="tests.core.text.test_tag_parser.TestTagParser" name="test_parse_complex_content_with_whitespace" time="0.214" /><testcase classname="tests.core.sources.test_github.TestGitHubSourceManager" name="test_get_repository_info_not_git_repo" time="0.164" /><testcase classname="tests.renderers.latex.test_reference_resolver.TestReferenceResolver" name="test_sanitize_section_label" time="0.142" /><testcase classname="tests.renderers.latex.test_entry_processor_new_types.TestNewEntryTypes" name="test_process_entry_dict_dice_multiple" time="0.151" /><testcase classname="tests.renderers.latex.images.test_image_placer.TestImagePlacer" name="test_get_required_packages_full_width" time="0.147" /><testcase classname="tests.renderers.latex.test_entry_processor_core.TestRecursiveEntryProcessor" name="test_process_entry_dict_quote" time="0.158" /><testcase classname="tests.core.assets.test_image_manager.TestImageManager" name="test_add_local_source" time="0.158" /><testcase classname="tests.renderers.latex.test_error_parser.TestLaTeXErrorParser" name="test_get_error_summary_single_error" time="0.181" /><testcase classname="tests.core.text.test_tag_parser.TestTagParser" name="test_parse_tag_with_numbers_in_name" time="0.182" /><testcase classname="tests.renderers.latex.test_entry_processor_new_types.TestNewEntryTypes" name="test_process_entry_dict_item_simple" time="0.141" /><testcase classname="tests.core.sources.test_github.TestGitHubSourceManager" name="test_get_repository_info_git_command_failure" time="0.174" /><testcase classname="tests.renderers.latex.test_reference_resolver.TestReferenceResolver" name="test_generate_forward_reference_list" time="0.161" /><testcase classname="tests.renderers.latex.images.test_image_placer.TestImagePlacer" name="test_place_image_integration" time="0.140" /><testcase classname="tests.renderers.latex.test_entry_processor_core.TestRecursiveEntryProcessor" name="test_process_entry_dict_quote_no_by" time="0.150" /><testcase classname="tests.core.assets.test_image_manager.TestImageManager" name="test_cleanup_cache" time="0.189" /><testcase classname="tests.core.text.test_tag_parser.TestTagParser" name="test_parse_tag_with_special_characters" time="0.176" /><testcase classname="tests.renderers.latex.test_error_parser.TestLaTeXErrorParser" name="test_get_error_summary_multiple_severities" time="0.203" /><testcase classname="tests.renderers.latex.test_reference_resolver.TestReferenceResolver" name="test_generate_forward_reference_list_empty" time="0.142" /><testcase classname="tests.core.sources.test_github.TestGitHubSourceManager" name="test_remove_repository_success" time="0.145" /><testcase classname="tests.test_rules_intelligence.TestRulesIntelligence" name="test_enhanced_cross_reference_manager_initialization" time="0.120" /><testcase classname="tests.renderers.latex.test_entry_processor_new_types.TestNewEntryTypes" name="test_process_entry_dict_item_with_entries" time="0.168" /><testcase classname="tests.renderers.latex.test_entry_processor_core.TestRecursiveEntryProcessor" name="test_process_entry_dict_generic" time="0.181" /><testcase classname="tests.core.assets.test_image_manager.TestImageManager" name="test_get_cache_info" time="0.169" /><testcase classname="tests.unit.test_base_renderer.TestBaseRenderer" name="test_base_renderer_cannot_be_instantiated" time="0.001" /><testcase classname="tests.unit.test_base_renderer.TestBaseRenderer" name="test_concrete_renderer_creation" time="0.000" /><testcase classname="tests.unit.test_base_renderer.TestBaseRenderer" name="test_concrete_renderer_with_config" time="0.000" /><testcase classname="tests.unit.test_base_renderer.TestBaseRenderer" name="test_concrete_renderer_with_none_config" time="0.000" /><testcase classname="tests.unit.test_base_renderer.TestBaseRenderer" name="test_output_format_abstract_property" time="0.000" /><testcase classname="tests.renderers.latex.test_error_parser.TestLaTeXErrorParser" name="test_get_error_summary_limits_critical_errors" time="0.142" /><testcase classname="tests.unit.test_base_renderer.TestBaseRenderer" name="test_render_abstract_method" time="0.001" /><testcase classname="tests.unit.test_base_renderer.TestBaseRenderer" name="test_validate_content_default_implementation" time="0.001" /><testcase classname="tests.unit.test_base_renderer.TestBaseRenderer" name="test_get_supported_content_types_default_implementation" time="0.000" /><testcase classname="tests.unit.test_base_renderer.TestBaseRenderer" name="test_render_to_file_success" time="0.002" /><testcase classname="tests.unit.test_base_renderer.TestBaseRenderer" name="test_render_to_file_creates_directories" time="0.006" /><testcase classname="tests.renderers.latex.test_reference_resolver.TestReferenceResolver" name="test_generate_reverse_reference_list" time="0.152" /><testcase classname="tests.unit.test_base_renderer.TestBaseRenderer" name="test_render_to_file_with_context" time="0.004" /><testcase classname="tests.test_rules_intelligence.TestRulesIntelligence" name="test_rule_relationship_model" time="0.141" /><testcase classname="tests.core.text.test_tag_parser.TestTagParser" name="test_parse_consecutive_tags" time="0.180" /><testcase classname="tests.unit.test_base_renderer.TestBaseRenderer" name="test_render_to_file_render_error_propagation" time="0.005" /><testcase classname="tests.unit.test_base_renderer.TestBaseRenderer" name="test_render_to_file_write_error_handling" time="0.002" /><testcase classname="tests.core.sources.test_github.TestGitHubSourceManager" name="test_remove_repository_not_exists" time="0.163" /><testcase classname="tests.unit.test_base_renderer.TestBaseRenderer" name="test_render_to_file_utf8_encoding" time="0.006" /><testcase classname="tests.unit.test_base_renderer.TestBaseRenderer" name="test_config_immutability" time="0.000" /><testcase classname="tests.unit.test_base_renderer.TestBaseRenderer" name="test_render_to_file_none_context" time="0.002" /><testcase classname="tests.unit.test_base_renderer.TestBaseRenderer" name="test_multiple_abstract_methods_enforcement" time="0.000" /><testcase classname="tests.unit.test_base_renderer.TestBaseRenderer" name="test_partial_abstract_implementation" time="0.000" /><testcase classname="tests.unit.test_base_renderer.TestBaseRenderer" name="test_render_to_file_error_message_format" time="0.005" /><testcase classname="tests.renderers.latex.test_entry_processor_new_types.TestNewEntryTypes" name="test_process_entry_dict_item_no_name" time="0.171" /><testcase classname="tests.unit.test_base_renderer.TestBaseRenderer" name="test_config_type_flexibility" time="0.001" /><testcase classname="tests.renderers.latex.test_entry_processor_core.TestRecursiveEntryProcessor" name="test_process_section_depth_tracking" time="0.157" /><testcase classname="tests.renderers.latex.test_error_parser.TestLaTeXErrorParser" name="test_suggestions_for_categories" time="0.178" /><testcase classname="tests.test_rules_intelligence.TestRulesIntelligence" name="test_rule_intelligence_service_initialization" time="0.158" /><testcase classname="tests.renderers.latex.test_reference_resolver.TestReferenceResolver" name="test_generate_reverse_reference_list_empty" time="0.170" /><testcase classname="tests.core.sources.test_github.TestGitHubSourceManager" name="test_remove_repository_failure" time="0.156" /><testcase classname="tests.renderers.latex.test_content_organizer.TestContentOrganizer" name="test_organizer_initialization" time="0.157" /><testcase classname="tests.renderers.latex.test_entry_processor_new_types.TestNewEntryTypes" name="test_process_entry_dict_item_punctuation_handling" time="0.166" /><testcase classname="tests.core.text.test_tag_parser.TestTagParser" name="test_parse_empty_tag_parts" time="0.204" /><testcase classname="tests.renderers.latex.test_entry_processor_core.TestRecursiveEntryProcessor" name="test_get_section_command_all_depths" time="0.137" /><testcase classname="tests.latex_engine.core.images.test_content_aware_strategy.TestContentAwarePlacementStrategy" name="test_determine_placement_basic" time="0.053" /><testcase classname="tests.latex_engine.core.images.test_content_aware_strategy.TestContentAwarePlacementStrategy" name="test_determine_placement_with_page_context" time="0.004" /><testcase classname="tests.latex_engine.core.images.test_content_aware_strategy.TestContentAwarePlacementStrategy" name="test_determine_placement_with_user_preferences" time="0.007" /><testcase classname="tests.latex_engine.core.images.test_content_aware_strategy.TestContentAwarePlacementStrategy" name="test_analyze_image_characteristics" time="0.005" /><testcase classname="tests.latex_engine.core.images.test_content_aware_strategy.TestContentAwarePlacementStrategy" name="test_analyze_image_characteristics_artistic" time="0.005" /><testcase classname="tests.latex_engine.core.images.test_content_aware_strategy.TestContentAwarePlacementStrategy" name="test_analyze_content_flow" time="0.006" /><testcase classname="tests.latex_engine.core.images.test_content_aware_strategy.TestContentAwarePlacementStrategy" name="test_analyze_content_flow_bestiary" time="0.004" /><testcase classname="tests.latex_engine.core.images.test_content_aware_strategy.TestContentAwarePlacementStrategy" name="test_analyze_page_position" time="0.003" /><testcase classname="tests.latex_engine.core.images.test_content_aware_strategy.TestContentAwarePlacementStrategy" name="test_analyze_surrounding_context" time="0.003" /><testcase classname="tests.latex_engine.core.images.test_content_aware_strategy.TestContentAwarePlacementStrategy" name="test_analyze_user_preferences" time="0.004" /><testcase classname="tests.latex_engine.core.images.test_content_aware_strategy.TestContentAwarePlacementStrategy" name="test_analyze_technical_constraints" time="0.002" /><testcase classname="tests.core.references.test_hyperlink_manager.TestHyperlinkManager" name="test_manager_initialization" time="0.180" /><testcase classname="tests.latex_engine.core.images.test_content_aware_strategy.TestContentAwarePlacementStrategy" name="test_calculate_placement_scores" time="0.002" /><testcase classname="tests.latex_engine.core.images.test_content_aware_strategy.TestContentAwarePlacementStrategy" name="test_determine_optimal_size" time="0.002" /><testcase classname="tests.latex_engine.core.images.test_content_aware_strategy.TestContentAwarePlacementStrategy" name="test_determine_optimal_size_full_width" time="0.004" /><testcase classname="tests.core.sources.test_github.TestGitHubSourceManager" name="test_list_content_files_success" time="0.176" /><testcase classname="tests.latex_engine.core.images.test_content_aware_strategy.TestContentAwarePlacementStrategy" name="test_calculate_confidence" time="0.006" /><testcase classname="tests.latex_engine.core.images.test_content_aware_strategy.TestContentAwarePlacementStrategy" name="test_calculate_confidence_close_scores" time="0.002" /><testcase classname="tests.latex_engine.core.images.test_content_aware_strategy.TestContentAwarePlacementStrategy" name="test_strategy_initialization" time="0.004" /><testcase classname="tests.test_rules_intelligence.TestRulesIntelligence" name="test_register_rule_content_success" time="0.395" /><testcase classname="tests.renderers.latex.test_reference_resolver.TestReferenceResolver" name="test_find_unresolved_references_no_cross_ref_manager" time="0.200" /><testcase classname="tests.latex_engine.core.images.test_content_aware_strategy.TestContentAwarePlacementStrategy" name="test_concurrent_factor_analysis" time="0.014" /><testcase classname="tests.latex_engine.core.images.test_content_aware_strategy.TestContentAwarePlacementStrategy" name="test_error_handling_in_factors" time="0.016" /><testcase classname="tests.core.text.test_tag_parser.TestTagParser" name="test_grammar_file_exists" time="0.218" /><testcase classname="tests.renderers.latex.test_content_organizer.TestContentOrganizer" name="test_sort_spells" time="0.238" /><testcase classname="tests.renderers.latex.test_entry_processor_core.TestRecursiveEntryProcessor" name="test_process_text_with_tags_no_resolver" time="0.209" /><testcase classname="tests.unit.models.test_adventures.TestAdventure" name="test_adventure_creation_minimal" time="0.106" /><testcase classname="tests.core.references.test_hyperlink_manager.TestHyperlinkManager" name="test_should_create_hyperlink" time="0.160" /><testcase classname="tests.core.sources.test_github.TestGitHubSourceManager" name="test_list_content_files_no_repo" time="0.151" /><testcase classname="tests.renderers.latex.test_reference_resolver.TestReferenceResolver" name="test_find_unresolved_references_with_issues" time="0.136" /><testcase classname="tests.unit.models.test_adventures.TestAdventure" name="test_adventure_creation_full" time="0.069" /><testcase classname="tests.renderers.latex.test_entry_processor_core.TestRecursiveEntryProcessor" name="test_process_text_with_tags_empty_text" time="0.138" /><testcase classname="tests.renderers.latex.test_content_organizer.TestContentOrganizer" name="test_sort_creatures" time="0.163" /><testcase classname="tests.core.text.test_tag_parser.TestTagParser" name="test_parser_initialization_lark_error" time="0.201" /><testcase classname="tests.unit.models.test_adventures.TestAdventure" name="test_adventure_from_metadata_content_structure" time="0.050" /><testcase classname="tests.core.references.test_hyperlink_manager.TestHyperlinkManager" name="test_create_basic_hyperlink" time="0.144" /><testcase classname="tests.renderers.latex.test_reference_resolver.TestReferenceResolver" name="test_find_unresolved_references_with_content_no_definition_page" time="0.143" /><testcase classname="tests.core.sources.test_github.TestGitHubSourceManager" name="test_list_content_files_exclude_patterns" time="0.159" /><testcase classname="tests.unit.models.test_adventures.TestAdventure" name="test_adventure_from_content_only_structure" time="0.039" /><testcase classname="tests.test_rules_intelligence.TestRulesIntelligence" name="test_discover_rule_relationships" time="0.277" /><testcase classname="tests.unit.models.test_adventures.TestAdventure" name="test_adventure_from_metadata_only_structure" time="0.051" /><testcase classname="tests.renderers.latex.test_entry_processor_core.TestRecursiveEntryProcessor" name="test_escape_latex_special_characters" time="0.162" /><testcase classname="tests.renderers.latex.test_content_organizer.TestContentOrganizer" name="test_sort_creatures_string_cr" time="0.148" /><testcase classname="tests.renderers.latex.test_entry_processor_errors.TestRecursiveEntryProcessorEnhanced" name="test_initialization_with_validation_mode" time="0.148" /><testcase classname="tests.unit.models.test_adventures.TestAdventure" name="test_id_validation" time="0.063" /><testcase classname="tests.renderers.latex.test_reference_resolver.TestReferenceResolver" name="test_find_unresolved_references_resolved" time="0.155" /><testcase classname="tests.core.references.test_hyperlink_manager.TestHyperlinkManager" name="test_create_hyperlink_no_page_ref" time="0.173" /><testcase classname="tests.core.sources.test_github.TestGitHubSourceManager" name="test_list_content_files_file_access_error" time="0.164" /><testcase classname="tests.cli.commands.test_data_commands.TestDataCommands" name="test_data_list_command" time="0.150" /><testcase classname="tests.unit.models.test_adventures.TestAdventure" name="test_level_validation" time="0.070" /><testcase classname="tests.renderers.latex.test_entry_processor_core.TestRecursiveEntryProcessor" name="test_escape_latex_unicode_characters" time="0.153" /><testcase classname="tests.renderers.latex.test_content_organizer.TestContentOrganizer" name="test_sort_items" time="0.163" /><testcase classname="tests.unit.models.test_adventures.TestAdventure" name="test_has_content_method" time="0.055" /><testcase classname="tests.renderers.latex.test_entry_processor_errors.TestRecursiveEntryProcessorEnhanced" name="test_process_entries_string_and_dict" time="0.238" /><testcase classname="tests.renderers.latex.test_reference_resolver.TestReferenceResolver" name="test_generate_reference_report" time="0.143" /><testcase classname="tests.core.references.test_hyperlink_manager.TestHyperlinkManager" name="test_create_hyperlink_custom_style" time="0.145" /><testcase classname="tests.unit.models.test_adventures.TestAdventure" name="test_is_metadata_only_method" time="0.049" /><testcase classname="tests.test_rules_intelligence.TestRulesIntelligence" name="test_find_rule_cross_references_success" time="0.194" /><testcase classname="tests.cli.commands.test_data_commands.TestDataCommands" name="test_data_status_command" time="0.235" /><testcase classname="tests.renderers.latex.test_entry_processor_core.TestRecursiveEntryProcessor" name="test_escape_latex_complex_text" time="0.133" /><testcase classname="tests.unit.models.test_adventures.TestAdventure" name="test_get_content_file_path_method" time="0.059" /><testcase classname="tests.renderers.latex.test_reference_resolver.TestReferenceResolver" name="test_generate_reference_report_no_managers" time="0.118" /><testcase classname="tests.renderers.latex.test_content_organizer.TestContentOrganizer" name="test_sort_alphabetically" time="0.149" /><testcase classname="tests.core.references.test_hyperlink_manager.TestHyperlinkManager" name="test_apply_text_formatting" time="0.137" /><testcase classname="tests.unit.models.test_adventures.TestAdventure" name="test_get_content_summary_method" time="0.066" /><testcase classname="tests.test_rules_intelligence.TestRulesIntelligence" name="test_find_rule_cross_references_invalid_params" time="0.158" /><testcase classname="tests.renderers.latex.test_entry_processor_core.TestRecursiveEntryProcessor" name="test_escape_latex_empty_text" time="0.151" /><testcase classname="tests.unit.models.test_adventures.TestAdventure" name="test_metadata_post_init_creation" time="0.090" /><testcase classname="tests.renderers.latex.test_entry_processor_errors.TestRecursiveEntryProcessorEnhanced" name="test_process_known_entry_types" time="0.195" /><testcase classname="tests.cli.commands.test_data_commands.TestDataCommands" name="test_data_scan_command" time="0.121" /><testcase classname="tests.renderers.latex.test_content_organizer.TestContentOrganizer" name="test_organize_content" time="0.163" /><testcase classname="tests.renderers.latex.test_reference_resolver.TestReferenceResolver" name="test_clear_cache" time="0.171" /><testcase classname="tests.unit.models.test_adventures.TestAdventure" name="test_metadata_field_sync" time="0.052" /><testcase classname="tests.core.references.test_hyperlink_manager.TestHyperlinkManager" name="test_content_type_styles" time="0.165" /><testcase classname="tests.unit.models.test_adventures.TestAdventure" name="test_get_level_range_method" time="0.048" /><testcase classname="tests.unit.models.test_adventures.TestAdventure" name="test_get_storyline_text_method" time="0.042" /><testcase classname="tests.cli.commands.test_data_commands.TestDataCommands" name="test_data_check_command" time="0.059" /><testcase classname="tests.renderers.latex.test_entry_processor_core.TestRecursiveEntryProcessor" name="test_escape_latex_none_text" time="0.197" /><testcase classname="tests.test_rules_intelligence.TestRulesIntelligence" name="test_validate_rule_combination_success" time="0.219" /><testcase classname="tests.renderers.latex.test_entry_processor_errors.TestRecursiveEntryProcessorEnhanced" name="test_process_unknown_entry_type_permissive" time="0.213" /><testcase classname="tests.cli.commands.test_data_commands.TestDataCommands" name="test_data_set_primary_valid_path" time="0.071" /><testcase classname="tests.unit.models.test_adventures.TestAdventure" name="test_get_chapter_count_method" time="0.065" /><testcase classname="tests.renderers.latex.test_content_organizer.TestContentOrganizer" name="test_organize_by_source" time="0.190" /><testcase classname="tests.renderers.latex.test_reference_resolver.TestReferenceResolver" name="test_export_reference_data_for_compilation" time="0.209" /><testcase classname="tests.core.references.test_hyperlink_manager.TestHyperlinkManager" name="test_create_external_link" time="0.191" /><testcase classname="tests.cli.commands.test_data_commands.TestDataCommands" name="test_data_set_primary_invalid_path" time="0.080" /><testcase classname="tests.unit.models.test_adventures.TestAdventure" name="test_model_validation_warnings" time="0.078" /><testcase classname="tests.renderers.latex.test_entry_processor_core.TestRecursiveEntryProcessor" name="test_escape_latex_additional_unicode_chars" time="0.154" /><testcase classname="tests.unit.models.test_adventures.TestAdventure" name="test_has_meaningful_metadata_method" time="0.069" /><testcase classname="tests.test_rules_intelligence.TestRulesIntelligence" name="test_validate_rule_combination_invalid_params" time="0.180" /><testcase classname="tests.cli.commands.test_data_commands.TestDataCommands" name="test_data_set_primary_not_directory" time="0.072" /><testcase classname="tests.renderers.latex.test_content_organizer.TestContentOrganizer" name="test_organize_by_level_spells" time="0.167" /><testcase classname="tests.core.references.test_hyperlink_manager.TestHyperlinkManager" name="test_create_section_reference" time="0.157" /><testcase classname="tests.unit.models.test_adventures.TestAdventure" name="test_edge_cases" time="0.049" /><testcase classname="tests.renderers.latex.test_reference_resolver.TestReferenceResolver" name="test_export_reference_data_no_cross_ref_manager" time="0.162" /><testcase classname="tests.unit.test_books.TestChapter" name="test_book_chapter_creation_minimal" time="0.000" /><testcase classname="tests.unit.test_books.TestChapter" name="test_book_chapter_creation_full" time="0.001" /><testcase classname="tests.unit.test_books.TestChapter" name="test_book_chapter_get_chapter_number_chapter" time="0.000" /><testcase classname="tests.renderers.latex.test_entry_processor_errors.TestRecursiveEntryProcessorEnhanced" name="test_process_unknown_entry_type_strict" time="0.192" /><testcase classname="tests.unit.test_books.TestChapter" name="test_book_chapter_get_chapter_number_part" time="0.000" /><testcase classname="tests.unit.test_books.TestChapter" name="test_book_chapter_get_chapter_number_appendix" time="0.000" /><testcase classname="tests.unit.test_books.TestChapter" name="test_book_chapter_get_chapter_number_unknown_type" time="0.000" /><testcase classname="tests.unit.test_books.TestChapter" name="test_book_chapter_get_chapter_number_no_ordinal" time="0.000" /><testcase classname="tests.unit.test_books.TestChapter" name="test_book_chapter_get_chapter_number_missing_fields" time="0.000" /><testcase classname="tests.unit.test_books.TestChapter" name="test_book_chapter_get_chapter_number_various_identifiers" time="0.000" /><testcase classname="tests.unit.test_books.TestChapter" name="test_book_chapter_get_formatted_headers_strings" time="0.001" /><testcase classname="tests.unit.test_books.TestChapter" name="test_book_chapter_get_formatted_headers_dicts" time="0.000" /><testcase classname="tests.unit.test_books.TestChapter" name="test_book_chapter_get_formatted_headers_mixed" time="0.000" /><testcase classname="tests.unit.test_books.TestChapter" name="test_book_chapter_get_formatted_headers_no_headers" time="0.000" /><testcase classname="tests.cli.commands.test_data_commands.TestDataCommands" name="test_data_add_homebrew_valid_path" time="0.064" /><testcase classname="tests.unit.test_books.TestChapter" name="test_book_chapter_get_formatted_headers_empty_headers" time="0.000" /><testcase classname="tests.unit.test_books.TestChapter" name="test_book_chapter_get_formatted_headers_dict_without_header" time="0.000" /><testcase classname="tests.unit.test_books.TestChapter" name="test_book_chapter_parse_headers_validator_with_dict_extraction" time="0.001" /><testcase classname="tests.unit.test_books.TestChapter" name="test_book_chapter_parse_headers_validator_list" time="0.000" /><testcase classname="tests.unit.test_books.TestChapter" name="test_book_chapter_validation_name_required" time="0.001" /><testcase classname="tests.core.config.test_config_loader.TestConfigLoader" name="test_load_from_env_default" time="0.003" /><testcase classname="tests.core.config.test_config_loader.TestConfigLoader" name="test_load_from_file_success" time="0.007" /><testcase classname="tests.core.config.test_config_loader.TestConfigLoader" name="test_load_from_file_not_found" time="0.001" /><testcase classname="tests.core.config.test_config_loader.TestConfigLoader" name="test_load_from_file_invalid_yaml" time="0.002" /><testcase classname="tests.core.config.test_config_loader.TestConfigLoader" name="test_load_from_file_validation_error" time="0.004" /><testcase classname="tests.core.config.test_config_loader.TestConfigLoader" name="test_load_from_file_empty_file" time="0.003" /><testcase classname="tests.core.config.test_config_loader.TestConfigLoader" name="test_merge_configs_empty" time="0.002" /><testcase classname="tests.core.config.test_config_loader.TestConfigLoader" name="test_merge_configs_single" time="0.002" /><testcase classname="tests.core.config.test_config_loader.TestConfigLoader" name="test_merge_configs_multiple" time="0.012" /><testcase classname="tests.core.config.test_config_loader.TestConfigLoader" name="test_merge_configs_deep_merge" time="0.006" /><testcase classname="tests.cli.commands.test_data_commands.TestDataCommands" name="test_data_add_homebrew_invalid_path" time="0.050" /><testcase classname="tests.core.config.test_config_loader.TestConfigLoader" name="test_validate_config_valid" time="0.005" /><testcase classname="tests.renderers.latex.test_entry_processor_core.TestRecursiveEntryProcessor" name="test_escape_latex_mixed_content" time="0.166" /><testcase classname="tests.core.config.test_config_loader.TestConfigLoader" name="test_validate_config_invalid" time="0.006" /><testcase classname="tests.core.config.test_config_loader.TestConfigLoader" name="test_load_with_overrides_defaults_only" time="0.004" /><testcase classname="tests.core.config.test_config_loader.TestConfigLoader" name="test_load_with_overrides_file_only" time="0.007" /><testcase classname="tests.core.config.test_config_loader.TestConfigLoader" name="test_load_with_overrides_env_variables" time="0.008" /><testcase classname="tests.core.config.test_config_loader.TestConfigLoader" name="test_load_with_overrides_precedence" time="0.018" /><testcase classname="tests.cli.commands.test_data_commands.TestDataCommands" name="test_data_add_homebrew_with_name_and_description" time="0.053" /><testcase classname="tests.core.config.test_config_loader.TestConfigLoader" name="test_deep_merge_dicts" time="0.002" /><testcase classname="tests.renderers.latex.test_content_organizer.TestContentOrganizer" name="test_organize_by_level_creatures" time="0.186" /><testcase classname="tests.test_rules_intelligence.TestRulesIntelligence" name="test_search_rules_intelligent_success" time="0.215" /><testcase classname="tests.core.references.test_hyperlink_manager.TestHyperlinkManager" name="test_create_footnote_reference" time="0.177" /><testcase classname="tests.core.parsers.test_entry_parser_validation.TestEntryParserEnhanced" name="test_initialization_with_validation_mode" time="0.177" /><testcase classname="tests.cli.commands.test_data_commands.TestDataCommands" name="test_data_add_url_valid" time="0.051" /><testcase classname="tests.renderers.latex.test_entry_processor_errors.TestRecursiveEntryProcessorEnhanced" name="test_process_unknown_entry_type_silent" time="0.200" /><testcase classname="tests.cli.commands.test_data_commands.TestDataCommands" name="test_data_add_url_invalid_scheme" time="0.062" /><testcase classname="tests.core.references.test_cross_reference_manager.TestCrossReferenceManager" name="test_manager_initialization" time="0.171" /><testcase classname="tests.cli.commands.test_data_commands.TestDataCommands" name="test_data_add_url_with_custom_name" time="0.049" /><testcase classname="tests.core.references.test_hyperlink_manager.TestHyperlinkManager" name="test_set_content_style" time="0.136" /><testcase classname="tests.renderers.latex.test_content_organizer.TestContentOrganizer" name="test_get_level_key_unknown_content" time="0.169" /><testcase classname="tests.core.parsers.test_entry_parser_validation.TestEntryParserEnhanced" name="test_parse_string_entry" time="0.179" /><testcase classname="tests.test_rules_intelligence.TestRulesIntelligence" name="test_search_rules_intelligent_invalid_params" time="0.162" /><testcase classname="tests.renderers.latex.test_entry_processor_errors.TestRecursiveEntryProcessorEnhanced" name="test_processing_error_handling" time="0.149" /><testcase classname="tests.cli.commands.test_data_commands.TestDataCommands" name="test_data_remove_prevents_srd_removal" time="0.055" /><testcase classname="tests.core.references.test_content_reference_manager.TestContentReferenceManager" name="test_init" time="0.230" /><testcase classname="tests.core.references.test_cross_reference_manager.TestCrossReferenceManager" name="test_register_content" time="0.168" /><testcase classname="tests.cli.commands.test_data_commands.TestDataCommands" name="test_data_remove_with_confirmation_cancel" time="0.050" /><testcase classname="tests.core.references.test_hyperlink_manager.TestHyperlinkManager" name="test_set_page_reference_types" time="0.158" /><testcase classname="tests.cli.commands.test_data_commands.TestDataCommands" name="test_data_remove_with_confirmation_proceed" time="0.054" /><testcase classname="tests.renderers.latex.test_content_organizer.TestContentOrganizer" name="test_create_hierarchical_sections" time="0.151" /><testcase classname="tests.test_rules_intelligence.TestRulesIntelligence" name="test_get_rule_suggestions_success" time="0.161" /><testcase classname="tests.core.parsers.test_entry_parser_validation.TestEntryParserEnhanced" name="test_parse_non_dict_entry" time="0.157" /><testcase classname="tests.cli.commands.test_data_commands.TestDataCommands" name="test_data_help_shows_usage_examples" time="0.060" /><testcase classname="tests.renderers.latex.test_entry_processor_errors.TestRecursiveEntryProcessorEnhanced" name="test_depth_tracking" time="0.188" /><testcase classname="tests.core.references.test_content_reference_manager.TestContentReferenceManager" name="test_init_without_omnidexer" time="0.195" /><testcase classname="tests.core.references.test_cross_reference_manager.TestCrossReferenceManager" name="test_register_duplicate_content" time="0.153" /><testcase classname="tests.cli.commands.test_data_commands.TestDataCommands" name="test_data_individual_command_help" time="0.193" /><testcase classname="tests.core.references.test_hyperlink_manager.TestHyperlinkManager" name="test_enable_disable_features" time="0.153" /><testcase classname="tests.renderers.latex.test_content_organizer.TestContentOrganizer" name="test_create_section_for_content_type_article" time="0.146" /><testcase classname="tests.renderers.latex.test_entry_processor_errors.TestRecursiveEntryProcessorEnhanced" name="test_processing_statistics_tracking" time="0.147" /><testcase classname="tests.core.parsers.test_entry_parser_validation.TestEntryParserEnhanced" name="test_parse_known_entry_types" time="0.189" /><testcase classname="tests.test_rules_intelligence.TestRulesIntelligence" name="test_get_rule_suggestions_invalid_params" time="0.205" /><testcase classname="tests.core.references.test_cross_reference_manager.TestCrossReferenceManager" name="test_generate_reference_id" time="0.127" /><testcase classname="tests.core.references.test_content_reference_manager.TestContentReferenceManager" name="test_track_reference_basic" time="0.146" /><testcase classname="tests.renderers.latex.test_content_organizer.TestContentOrganizer" name="test_create_section_for_content_type_book" time="0.119" /><testcase classname="tests.core.references.test_hyperlink_manager.TestHyperlinkManager" name="test_get_latex_packages" time="0.127" /><testcase classname="tests.core.text.test_tag_resolver.TestContentTracker" name="test_content_tracker_basic_tracking" time="0.002" /><testcase classname="tests.core.text.test_tag_resolver.TestContentTracker" name="test_content_tracker_deduplication" time="0.001" /><testcase classname="tests.core.text.test_tag_resolver.TestContentTracker" name="test_content_tracker_sorting" time="0.000" /><testcase classname="tests.core.text.test_tag_resolver.TestContentTracker" name="test_content_tracker_clear" time="0.001" /><testcase classname="tests.core.text.test_tag_resolver.TestContentTracker" name="test_tracked_content_normalization" time="0.003" /><testcase classname="tests.core.text.test_tag_resolver.TestContentTracker" name="test_tracked_content_equality_and_hashing" time="0.001" /><testcase classname="tests.core.text.test_tag_resolver.TestContentTracker" name="test_tracked_content_to_tuple" time="0.001" /><testcase classname="tests.core.text.test_tag_resolver.TestContentTracker" name="test_get_tracked_content_by_type" time="0.001" /><testcase classname="tests.core.text.test_tag_resolver.TestContentTracker" name="test_get_content_count" time="0.001" /><testcase classname="tests.core.text.test_tag_resolver.TestContentTracker" name="test_get_content_types" time="0.002" /><testcase classname="tests.core.text.test_tag_resolver.TestContentTracker" name="test_get_statistics" time="0.001" /><testcase classname="tests.core.text.test_tag_resolver.TestContentTracker" name="test_has_content" time="0.001" /><testcase classname="tests.core.text.test_tag_resolver.TestContentTracker" name="test_remove_content" time="0.001" /><testcase classname="tests.core.text.test_tag_resolver.TestContentTracker" name="test_merge_tracker" time="0.002" /><testcase classname="tests.core.text.test_tag_resolver.TestContentTracker" name="test_export_for_appendix" time="0.001" /><testcase classname="tests.core.text.test_tag_resolver.TestContentTracker" name="test_content_with_pages" time="0.003" /><testcase classname="tests.core.text.test_tag_resolver.TestContentTracker" name="test_edge_cases" time="0.001" /><testcase classname="tests.core.parsers.test_entry_parser_validation.TestEntryParserEnhanced" name="test_parse_unknown_entry_type_permissive" time="0.191" /><testcase classname="tests.renderers.latex.test_entry_processor_errors.TestRecursiveEntryProcessorEnhanced" name="test_processing_statistics_with_errors" time="0.169" /><testcase classname="tests.test_rules_intelligence.TestRulesIntelligence" name="test_performance_statistics" time="0.167" /><testcase classname="tests.core.references.test_cross_reference_manager.TestCrossReferenceManager" name="test_generate_latex_label" time="0.169" /><testcase classname="tests.core.references.test_content_reference_manager.TestContentReferenceManager" name="test_track_reference_deduplication" time="0.163" /><testcase classname="tests.core.references.test_hyperlink_manager.TestHyperlinkManager" name="test_get_latex_setup_commands" time="0.155" /><testcase classname="tests.renderers.latex.test_content_organizer.TestContentOrganizer" name="test_create_spell_subsections" time="0.168" /><testcase classname="tests.renderers.latex.test_content_processor.TestCreatureProcessor" name="test_supports_content_type" time="0.197" /><testcase classname="tests.renderers.latex.test_entry_processor_errors.TestRecursiveEntryProcessorEnhanced" name="test_log_processing_summary" time="0.170" /><testcase classname="tests.core.parsers.test_entry_parser_validation.TestEntryParserEnhanced" name="test_parse_unknown_entry_type_strict" time="0.146" /><testcase classname="tests.core.references.test_content_reference_manager.TestContentReferenceManager" name="test_track_reference_case_insensitive_deduplication" time="0.157" /><testcase classname="tests.test_rules_intelligence.TestRulesIntelligence" name="test_clear_analysis_cache" time="0.169" /><testcase classname="tests.core.references.test_cross_reference_manager.TestCrossReferenceManager" name="test_sanitize_for_id" time="0.171" /><testcase classname="tests.core.references.test_hyperlink_manager.TestHyperlinkManager" name="test_create_bookmark" time="0.158" /><testcase classname="tests.renderers.latex.test_content_organizer.TestContentOrganizer" name="test_create_creature_subsections" time="0.152" /><testcase classname="tests.renderers.latex.test_content_processor.TestCreatureProcessor" name="test_process_invalid_content_type" time="0.155" /><testcase classname="tests.core.parsers.test_entry_parser_validation.TestEntryParserEnhanced" name="test_parse_malformed_entry_handling" time="0.159" /><testcase classname="tests.core.references.test_cross_reference_manager.TestCrossReferenceManager" name="test_get_reference" time="0.153" /><testcase classname="tests.renderers.latex.test_entry_processor_errors.TestRecursiveEntryProcessorEnhanced" name="test_reset_statistics" time="0.171" /><testcase classname="tests.core.references.test_hyperlink_manager.TestHyperlinkManager" name="test_sanitize_bookmark_id" time="0.147" /><testcase classname="tests.core.references.test_content_reference_manager.TestContentReferenceManager" name="test_track_tag_reference" time="0.168" /><testcase classname="tests.renderers.latex.test_content_organizer.TestContentOrganizer" name="test_create_item_subsections" time="0.144" /><testcase classname="tests.test_rules_intelligence.TestRulesIntelligence" name="test_rebuild_relationship_index" time="0.180" /><testcase classname="tests.renderers.latex.test_content_processor.TestCreatureProcessor" name="test_process_basic_creature" time="0.174" /><testcase classname="tests.core.references.test_hyperlink_manager.TestHyperlinkManager" name="test_validate_hyperlinks" time="0.146" /><testcase classname="tests.renderers.latex.test_entry_processor_errors.TestRecursiveEntryProcessorEnhanced" name="test_validation_mode_override" time="0.164" /><testcase classname="tests.core.parsers.test_entry_parser_validation.TestEntryParserEnhanced" name="test_variant_rule_detection_book_content" time="0.176" /><testcase classname="tests.core.references.test_content_reference_manager.TestContentReferenceManager" name="test_track_deep_index_references_no_omnidexer" time="0.160" /><testcase classname="tests.renderers.latex.test_content_organizer.TestContentOrganizer" name="test_format_content_type_title" time="0.160" /><testcase classname="tests.test_rules_intelligence.TestRulesIntelligence" name="test_rule_search_result_creation" time="0.150" /><testcase classname="tests.core.references.test_cross_reference_manager.TestCrossReferenceManager" name="test_get_reference_by_name" time="0.268" /><testcase classname="tests.core.references.test_hyperlink_manager.TestHyperlinkManager" name="test_get_hyperlink_statistics" time="0.159" /><testcase classname="tests.renderers.latex.test_template_engine.TestLaTeXTemplateEngine" name="test_init_default_config" time="0.001" /><testcase classname="tests.renderers.latex.test_template_engine.TestLaTeXTemplateEngine" name="test_init_custom_config" time="0.003" /><testcase classname="tests.renderers.latex.test_template_engine.TestLaTeXTemplateEngine" name="test_latex_escape_filter" time="0.001" /><testcase classname="tests.renderers.latex.test_template_engine.TestLaTeXTemplateEngine" name="test_latex_formatting_filters" time="0.001" /><testcase classname="tests.renderers.latex.test_template_engine.TestLaTeXTemplateEngine" name="test_dnd_ability_modifier_filter" time="0.001" /><testcase classname="tests.renderers.latex.test_template_engine.TestLaTeXTemplateEngine" name="test_dnd_challenge_rating_filter" time="0.001" /><testcase classname="tests.renderers.latex.test_template_engine.TestLaTeXTemplateEngine" name="test_dnd_spell_level_filter" time="0.001" /><testcase classname="tests.renderers.latex.test_template_engine.TestLaTeXTemplateEngine" name="test_create_template_context" time="0.001" /><testcase classname="tests.renderers.latex.test_template_engine.TestLaTeXTemplateEngine" name="test_template_exists" time="0.001" /><testcase classname="tests.renderers.latex.test_content_processor.TestCreatureProcessor" name="test_get_numeric_cr_fractions" time="0.180" /><testcase classname="tests.renderers.latex.test_content_organizer.TestContentOrganizer" name="test_create_table_of_contents_data" time="0.154" /><testcase classname="tests.unit.test_books.TestBook" name="test_book_creation_minimal" time="0.001" /><testcase classname="tests.unit.test_books.TestBook" name="test_book_creation_with_chapters" time="0.002" /><testcase classname="tests.renderers.latex.test_template_engine.TestLaTeXTemplateEngine" name="test_get_template_path" time="0.001" /><testcase classname="tests.renderers.latex.test_template_engine.TestLaTeXTemplateEngine" name="test_list_templates" time="0.007" /><testcase classname="tests.core.references.test_content_reference_manager.TestContentReferenceManager" name="test_track_deep_index_references_with_omnidexer" time="0.170" /><testcase classname="tests.unit.test_books.TestBook" name="test_book_creation_with_metadata" time="0.003" /><testcase classname="tests.unit.test_books.TestBook" name="test_book_creation_with_individual_metadata_fields" time="0.001" /><testcase classname="tests.renderers.latex.test_template_engine.TestLaTeXTemplateEngine" name="test_validate_template_valid" time="0.045" /><testcase classname="tests.renderers.latex.test_entry_processor_errors.TestRecursiveEntryProcessorEnhanced" name="test_debug_logging_enabled" time="0.179" /><testcase classname="tests.core.parsers.test_entry_parser_validation.TestEntryParserEnhanced" name="test_variant_rule_detection_adventure_content" time="0.171" /><testcase classname="tests.unit.test_books.TestBook" name="test_book_model_post_init_no_metadata_creation" time="0.001" /><testcase classname="tests.unit.test_books.TestBook" name="test_book_model_post_init_partial_metadata_creation" time="0.000" /><testcase classname="tests.unit.test_books.TestBook" name="test_book_get_chapter_count_zero" time="0.000" /><testcase classname="tests.unit.test_books.TestBook" name="test_book_get_chapter_count_multiple" time="0.001" /><testcase classname="tests.unit.test_books.TestBook" name="test_book_get_authors_text_from_metadata" time="0.003" /><testcase classname="tests.unit.test_books.TestBook" name="test_book_get_authors_text_fallback_to_individual" time="0.000" /><testcase classname="tests.unit.test_books.TestBook" name="test_book_get_authors_text_no_authors" time="0.000" /><testcase classname="tests.test_rules_intelligence.TestRulesIntelligence" name="test_error_handling_in_tools" time="0.186" /><testcase classname="tests.unit.test_books.TestBook" name="test_book_get_authors_text_metadata_takes_precedence" time="0.001" /><testcase classname="tests.unit.test_books.TestBook" name="test_book_parse_author_string_input" time="0.000" /><testcase classname="tests.unit.test_books.TestBook" name="test_book_parse_author_list_input" time="0.000" /><testcase classname="tests.unit.test_books.TestBook" name="test_book_inheritance_from_base_content" time="0.000" /><testcase classname="tests.unit.test_books.TestBook" name="test_book_validation_name_required" time="0.001" /><testcase classname="tests.unit.test_books.TestBook" name="test_book_validation_source_required" time="0.002" /><testcase classname="tests.renderers.latex.test_template_engine.TestLaTeXTemplateEngine" name="test_validate_template_invalid" time="0.002" /><testcase classname="tests.renderers.latex.test_template_engine.TestLaTeXTemplateEngine" name="test_template_caching_removed" time="0.001" /><testcase classname="tests.renderers.latex.test_template_engine.TestLaTeXTemplateEngine" name="test_render_template_not_found" time="0.002" /><testcase classname="tests.renderers.latex.test_template_engine.TestLaTeXTemplateEngine" name="test_post_process_output" time="0.006" /><testcase classname="tests.renderers.latex.test_template_engine.TestLaTeXTemplateEngine" name="test_jinja_environment_configuration" time="0.003" /><testcase classname="tests.core.references.test_cross_reference_manager.TestCrossReferenceManager" name="test_create_latex_reference" time="0.191" /><testcase classname="tests.renderers.latex.test_content_processor.TestCreatureProcessor" name="test_get_numeric_cr_integers" time="0.189" /><testcase classname="tests.core.parsers.test_entry_parser_validation.TestEntryParserEnhanced" name="test_variant_rule_heuristic_replacement" time="0.185" /><testcase classname="tests.core.references.test_content_reference_manager.TestContentReferenceManager" name="test_track_deep_index_references_with_error" time="0.189" /><testcase classname="tests.renderers.latex.test_entry_processor_errors.TestRecursiveEntryProcessorEnhanced" name="test_generic_entry_fallback_logging" time="0.202" /><testcase classname="tests.test_rules_intelligence.TestRulesIntelligence" name="test_rule_intelligence_config_validation" time="0.185" /><testcase classname="tests.renderers.latex.test_document_renderer_integration.TestLaTeXDocumentRendererIntegration" name="test_renderer_initialization_with_compiler" time="0.182" /><testcase classname="tests.core.test_entry_registry.TestEntryTypeRegistry" name="test_initialization" time="0.151" /><testcase classname="tests.core.references.test_cross_reference_manager.TestCrossReferenceManager" name="test_create_latex_label" time="0.173" /><testcase classname="tests.core.parsers.test_entry_parser_validation.TestEntryParserEnhanced" name="test_processing_statistics_tracking" time="0.163" /><testcase classname="tests.renderers.latex.test_content_processor.TestCreatureProcessor" name="test_get_numeric_cr_invalid" time="0.172" /><testcase classname="tests.core.test_entry_registry.TestEntryTypeRegistry" name="test_known_types_comprehensive" time="0.138" /><testcase classname="tests.core.references.test_content_reference_manager.TestContentReferenceManager" name="test_infer_content_type" time="0.176" /><testcase classname="tests.test_rules_intelligence.TestRulesIntelligence" name="test_performance_targets" time="0.167" /><testcase classname="tests.renderers.latex.test_entry_processor_errors.TestRecursiveEntryProcessorEnhanced" name="test_process_entries_error_resilience" time="0.173" /><testcase classname="tests.renderers.latex.test_document_renderer_integration.TestLaTeXDocumentRendererIntegration" name="test_create_compilation_config_defaults" time="0.185" /><testcase classname="tests.core.references.test_cross_reference_manager.TestCrossReferenceManager" name="test_get_references_by_type" time="0.161" /><testcase classname="tests.core.parsers.test_entry_parser_validation.TestEntryParserEnhanced" name="test_processing_statistics_with_errors" time="0.170" /><testcase classname="tests.core.references.test_content_reference_manager.TestContentReferenceManager" name="test_get_references_by_type" time="0.176" /><testcase classname="tests.core.test_entry_registry.TestEntryTypeRegistry" name="test_is_known_type" time="0.182" /><testcase classname="tests.core.registry.test_registry_manager.TestRegistryManager" name="test_apply_registrations_calls_all_updates" time="0.169" /><testcase classname="tests.renderers.latex.test_content_processor.TestCreatureProcessor" name="test_get_cr_category" time="0.194" /><testcase classname="tests.core.references.test_cross_reference_manager.TestCrossReferenceManager" name="test_reference_statistics" time="0.107" /><testcase classname="tests.renderers.latex.test_entry_processor_errors.TestRecursiveEntryProcessorEnhanced" name="test_empty_entry_type_handling" time="0.186" /><testcase classname="tests.renderers.latex.test_document_renderer_integration.TestLaTeXDocumentRendererIntegration" name="test_create_compilation_config_from_renderer_config" time="0.171" /><testcase classname="tests.core.parsers.test_entry_parser_validation.TestEntryParserEnhanced" name="test_log_processing_summary" time="0.168" /><testcase classname="tests.core.references.test_content_reference_manager.TestContentReferenceManager" name="test_get_references_by_type_case_insensitive" time="0.156" /><testcase classname="tests.core.test_entry_registry.TestEntryTypeRegistry" name="test_get_category" time="0.153" /><testcase classname="tests.core.registry.test_registry_manager.TestRegistryManager" name="test_update_source_manager" time="0.152" /><testcase classname="tests.renderers.latex.test_content_processor.TestCreatureProcessor" name="test_get_size_category" time="0.158" /><testcase classname="tests.core.references.test_cross_reference_manager.TestCrossReferenceManager" name="test_export_for_latex_document" time="0.156" /><testcase classname="tests.renderers.latex.test_document_renderer_integration.TestLaTeXDocumentRendererIntegration" name="test_create_compilation_config_invalid_engine" time="0.152" /><testcase classname="tests.renderers.latex.test_entry_processor_errors.TestRecursiveEntryProcessorEnhanced" name="test_malformed_entry_structure" time="0.172" /><testcase classname="tests.core.parsers.test_entry_parser_validation.TestEntryParserEnhanced" name="test_nested_entry_processing_with_validation" time="0.168" /><testcase classname="tests.core.references.test_content_reference_manager.TestContentReferenceManager" name="test_get_unique_references_by_type" time="0.172" /><testcase classname="tests.core.references.test_cross_reference_manager.TestCrossReferenceManager" name="test_validate_references" time="0.154" /><testcase classname="tests.core.test_entry_registry.TestEntryTypeRegistry" name="test_validate_entry_type_known" time="0.184" /><testcase classname="tests.core.registry.test_registry_manager.TestRegistryManager" name="test_update_source_manager_import_error" time="0.175" /><testcase classname="tests.renderers.latex.test_content_processor.TestCreatureProcessor" name="test_calculate_proficiency_bonus" time="0.181" /><testcase classname="tests.renderers.latex.test_document_renderer_integration.TestLaTeXDocumentRendererIntegration" name="test_compile_to_pdf_single_content" time="0.168" /><testcase classname="tests.renderers.latex.test_entry_processor_errors.TestRecursiveEntryProcessorEnhanced" name="test_context_source_name_handling" time="0.172" /><testcase classname="tests.core.text.test_tag_types.TestSpecialTag" name="test_special_tag_creation_minimal" time="0.001" /><testcase classname="tests.core.text.test_tag_types.TestSpecialTag" name="test_special_tag_creation_full" time="0.002" /><testcase classname="tests.core.text.test_tag_types.TestSpecialTag" name="test_special_tag_tag_type_validation" time="0.002" /><testcase classname="tests.core.text.test_tag_types.TestSpecialTag" name="test_special_tag_value_validation" time="0.001" /><testcase classname="tests.core.text.test_tag_types.TestSpecialTag" name="test_special_tag_display_text_validation" time="0.001" /><testcase classname="tests.core.text.test_tag_types.TestSpecialTag" name="test_special_tag_effective_value_property" time="0.000" /><testcase classname="tests.core.text.test_tag_types.TestSpecialTag" name="test_special_tag_str_method" time="0.000" /><testcase classname="tests.core.text.test_tag_types.TestSpecialTag" name="test_special_tag_frozen_config" time="0.002" /><testcase classname="tests.core.text.test_tag_types.TestSpecialTag" name="test_special_tag_metadata_arbitrary_dict" time="0.001" /><testcase classname="tests.core.text.test_tag_types.TestSpecialTag" name="test_special_tag_various_types[dice-1d6]" time="0.001" /><testcase classname="tests.core.text.test_tag_types.TestSpecialTag" name="test_special_tag_various_types[hit-+5]" time="0.002" /><testcase classname="tests.core.text.test_tag_types.TestSpecialTag" name="test_special_tag_various_types[dc-15]" time="0.001" /><testcase classname="tests.core.text.test_tag_types.TestSpecialTag" name="test_special_tag_various_types[damage-2d8+3]" time="0.004" /><testcase classname="tests.core.text.test_tag_types.TestSpecialTag" name="test_special_tag_various_types[save-Dexterity]" time="0.011" /><testcase classname="tests.core.text.test_tag_types.TestSpecialTag" name="test_special_tag_various_types[skill-Perception]" time="0.005" /><testcase classname="tests.core.registry.test_registry_manager.TestRegistryManager" name="test_update_omnidexer" time="0.150" /><testcase classname="tests.core.parsers.test_entry_parser_validation.TestEntryParserEnhanced" name="test_validation_mode_override" time="0.189" /><testcase classname="tests.core.references.test_cross_reference_manager.TestCrossReferenceManager" name="test_set_reference_format" time="0.173" /><testcase classname="tests.core.references.test_content_reference_manager.TestContentReferenceManager" name="test_get_content_tracker" time="0.192" /><testcase classname="tests.core.test_entry_registry.TestEntryTypeRegistry" name="test_validate_entry_type_unknown_strict" time="0.202" /><testcase classname="tests.renderers.latex.test_content_processor.TestCreatureProcessor" name="test_calculate_ability_modifiers" time="0.234" /><testcase classname="tests.renderers.latex.test_document_renderer_integration.TestLaTeXDocumentRendererIntegration" name="test_compile_to_pdf_with_output_path" time="0.231" /><testcase classname="tests.core.registry.test_registry_manager.TestRegistryManager" name="test_update_omnidexer_import_error" time="0.111" /><testcase classname="tests.renderers.latex.test_content_processor.TestSpellProcessor" name="test_supports_content_type" time="0.225" /><testcase classname="tests.core.parsers.test_entry_parser_validation.TestEntryParserEnhanced" name="test_debug_logging_enabled" time="0.171" /><testcase classname="tests.core.references.test_cross_reference_manager.TestCrossReferenceManager" name="test_set_label_prefix" time="0.201" /><testcase classname="tests.core.test_entry_registry.TestEntryTypeRegistry" name="test_validate_entry_type_unknown_permissive" time="0.231" /><testcase classname="tests.renderers.latex.test_document_renderer_integration.TestLaTeXDocumentRendererIntegration" name="test_compile_to_pdf_with_context" time="0.169" /><testcase classname="tests.core.registry.test_registry_manager.TestRegistryManager" name="test_update_content_factory" time="0.164" /><testcase classname="tests.renderers.latex.test_content_processor.TestCreatureProcessor" name="test_calculate_passive_perception_with_proficiency" time="0.197" /><testcase classname="tests.core.references.test_content_reference_manager.TestContentReferenceManager" name="test_get_reference_count" time="0.310" /><testcase classname="tests.core.parsers.test_entry_parser_validation.TestEntryParserEnhanced" name="test_empty_entries_list" time="0.160" /><testcase classname="tests.renderers.latex.test_content_processor.TestSpellProcessor" name="test_process_invalid_content_type" time="0.177" /><testcase classname="tests.core.references.test_cross_reference_manager.TestCrossReferenceManager" name="test_clear_references" time="0.176" /><testcase classname="tests.renderers.latex.test_document_renderer_integration.TestLaTeXDocumentRendererIntegration" name="test_compile_document_to_pdf_multiple_content" time="0.167" /><testcase classname="tests.core.registry.test_registry_manager.TestRegistryManager" name="test_update_content_factory_import_error" time="0.164" /><testcase classname="tests.core.test_entry_registry.TestEntryTypeRegistry" name="test_validate_entry_type_unknown_silent" time="0.150" /><testcase classname="tests.renderers.latex.test_content_processor.TestCreatureProcessor" name="test_calculate_passive_perception_without_proficiency" time="0.164" /><testcase classname="tests.core.references.test_content_reference_manager.TestContentReferenceManager" name="test_get_all_references" time="0.183" /><testcase classname="tests.core.parsers.test_entry_parser_validation.TestEntryParserEnhanced" name="test_none_entries_list" time="0.184" /><testcase classname="tests.unit.models.test_spell_formatting.TestSpellFormattingMethods" name="test_get_spell_attack_text" time="0.005" /><testcase classname="tests.unit.models.test_spell_formatting.TestSpellFormattingMethods" name="test_get_damage_text" time="0.002" /><testcase classname="tests.unit.models.test_spell_formatting.TestSpellFormattingMethods" name="test_get_condition_text" time="0.001" /><testcase classname="tests.unit.models.test_spell_formatting.TestSpellFormattingMethods" name="test_get_area_text" time="0.001" /><testcase classname="tests.unit.models.test_spell_formatting.TestSpellFormattingMethods" name="test_get_enhanced_level_text" time="0.001" /><testcase classname="tests.renderers.latex.test_content_processor.TestSpellProcessor" name="test_process_basic_spell" time="0.196" /><testcase classname="tests.unit.models.test_spell_formatting.TestSpellFormattingMethods" name="test_get_enhanced_components_text" time="0.003" /><testcase classname="tests.core.references.test_cross_reference_manager.TestCrossReferenceManager" name="test_merge_references" time="0.171" /><testcase classname="tests.unit.models.test_spell_formatting.TestSpellFormattingMethods" name="test_get_enhanced_duration_text" time="0.003" /><testcase classname="tests.unit.models.test_spell_formatting.TestSpellFormattingMethods" name="test_get_higher_level_scaling_text" time="0.079" /><testcase classname="tests.core.test_entry_registry.TestEntryTypeRegistry" name="test_validate_entry_type_with_context" time="0.178" /><testcase classname="tests.core.registry.test_registry_manager.TestRegistryManager" name="test_update_content_type_resolver" time="0.188" /><testcase classname="tests.renderers.latex.test_document_renderer_integration.TestLaTeXDocumentRendererIntegration" name="test_compile_document_to_pdf_with_output_path" time="0.201" /><testcase classname="tests.unit.models.test_spell_formatting.TestSpellFormattingMethods" name="test_get_spell_list_classes" time="0.002" /><testcase classname="tests.unit.models.test_spell_formatting.TestSpellFormattingMethods" name="test_is_concentration" time="0.001" /><testcase classname="tests.unit.models.test_spell_formatting.TestSpellFormattingMethods" name="test_has_verbal_components" time="0.003" /><testcase classname="tests.renderers.latex.test_content_processor.TestCreatureProcessor" name="test_is_spellcaster_true" time="0.199" /><testcase classname="tests.unit.models.test_spell_formatting.TestSpellFormattingMethods" name="test_has_somatic_components" time="0.001" /><testcase classname="tests.unit.models.test_spell_formatting.TestSpellFormattingMethods" name="test_has_material_components" time="0.001" /><testcase classname="tests.unit.models.test_spell_formatting.TestSpellFormattingMethods" name="test_get_latex_safe_name" time="0.001" /><testcase classname="tests.unit.models.test_spell_formatting.TestSpellFormattingMethods" name="test_edge_cases" time="0.001" /><testcase classname="tests.core.references.test_content_reference_manager.TestContentReferenceManager" name="test_clear" time="0.178" /><testcase classname="tests.renderers.latex.test_compilation_config.TestCompilationConfig" name="test_default_config" time="0.003" /><testcase classname="tests.renderers.latex.test_compilation_config.TestCompilationConfig" name="test_custom_config" time="0.000" /><testcase classname="tests.renderers.latex.test_compilation_config.TestCompilationConfig" name="test_engine_options_initialization" time="0.000" /><testcase classname="tests.renderers.latex.test_compilation_config.TestCompilationConfig" name="test_get_engine_command" time="0.002" /><testcase classname="tests.renderers.latex.test_compilation_config.TestCompilationConfig" name="test_get_engine_command_draft_mode" time="0.002" /><testcase classname="tests.renderers.latex.test_compilation_config.TestCompilationConfig" name="test_should_run_multipass" time="0.002" /><testcase classname="tests.renderers.latex.test_compilation_config.TestCompilationConfig" name="test_get_timeout_for_pass" time="0.001" /><testcase classname="tests.renderers.latex.test_compilation_config.TestCompilationConfig" name="test_for_mode_draft" time="0.001" /><testcase classname="tests.renderers.latex.test_compilation_config.TestCompilationConfig" name="test_for_mode_final" time="0.001" /><testcase classname="tests.renderers.latex.test_compilation_config.TestCompilationConfig" name="test_for_mode_with_kwargs" time="0.000" /><testcase classname="tests.renderers.latex.test_compilation_config.TestCompilationConfig" name="test_validate_success" time="0.000" /><testcase classname="tests.renderers.latex.test_compilation_config.TestCompilationConfig" name="test_validate_errors" time="0.001" /><testcase classname="tests.renderers.latex.test_compilation_config.TestCompilationConfig" name="test_validate_max_passes_too_high" time="0.002" /><testcase classname="tests.renderers.latex.test_compilation_config.TestCompilationConfig" name="test_validate_valid_output_dir" time="0.002" /><testcase classname="tests.renderers.latex.test_content_processor.TestSpellProcessor" name="test_get_spell_level_ordinal" time="0.220" /><testcase classname="tests.core.test_entry_registry.TestEntryTypeRegistry" name="test_validate_entry_structure_string" time="0.184" /><testcase classname="tests.integration.test_error_handling_integration.TestErrorHandlingIntegration" name="test_result_pattern_basic_usage" time="0.229" /><testcase classname="tests.renderers.latex.test_document_renderer_integration.TestLaTeXDocumentRendererIntegration" name="test_compile_document_to_pdf_failure" time="0.170" /><testcase classname="tests.core.registry.test_registry_manager.TestRegistryManager" name="test_update_content_type_resolver_successful_registration" time="0.194" /><testcase classname="tests.renderers.latex.test_content_processor.TestCreatureProcessor" name="test_is_spellcaster_false" time="0.183" /><testcase classname="tests.renderers.latex.test_content_processor.TestItemProcessor" name="test_supports_content_type" time="0.173" /><testcase classname="tests.core.test_entry_registry.TestEntryTypeRegistry" name="test_validate_entry_structure_dict" time="0.157" /><testcase classname="tests.core.registry.test_registry_manager.TestRegistryManager" name="test_update_content_type_resolver_import_error" time="0.143" /><testcase classname="tests.renderers.latex.test_content_processor.TestSpellProcessor" name="test_extract_damage_dice" time="0.187" /><testcase classname="tests.renderers.latex.test_content_processor.TestItemProcessor" name="test_process_invalid_content_type" time="0.137" /><testcase classname="tests.renderers.latex.test_document_renderer_integration.TestLaTeXDocumentRendererIntegration" name="test_validate_latex_environment" time="0.180" /><testcase classname="tests.integration.test_error_handling_integration.TestErrorHandlingIntegration" name="test_validation_result_integration" time="0.201" /><testcase classname="tests.renderers.latex.test_content_processor.TestCreatureProcessor" name="test_is_legendary_true" time="0.175" /><testcase classname="tests.unit.test_configurable_source_manager.TestUnifiedSourceManager" name="test_directory_priority_over_filename_for_races" time="0.373" /><testcase classname="tests.renderers.latex.test_content_processor.TestItemProcessor" name="test_process_basic_item" time="0.140" /><testcase classname="tests.core.test_entry_registry.TestEntryTypeRegistry" name="test_validate_entry_structure_invalid" time="0.174" /><testcase classname="tests.core.registry.test_registry_manager.TestRegistryManager" name="test_update_entry_processor_with_statblock_tags" time="0.195" /><testcase classname="tests.renderers.latex.test_content_processor.TestSpellProcessor" name="test_extract_damage_dice_no_entries" time="0.198" /><testcase classname="tests.renderers.latex.test_document_renderer_integration.TestLaTeXDocumentRendererIntegration" name="test_get_available_engines" time="0.183" /><testcase classname="tests.renderers.latex.test_content_processor.TestCreatureProcessor" name="test_is_legendary_false" time="0.198" /><testcase classname="tests.integration.test_error_handling_integration.TestErrorHandlingIntegration" name="test_field_validation" time="0.228" /><testcase classname="tests.renderers.latex.test_content_processor.TestItemProcessor" name="test_get_item_category_weapon" time="0.168" /><testcase classname="tests.core.test_entry_registry.TestEntryTypeRegistry" name="test_reset_statistics" time="0.197" /><testcase classname="tests.core.registry.test_registry_manager.TestRegistryManager" name="test_update_entry_processor_with_private_attr" time="0.219" /><testcase classname="tests.unit.test_configurable_source_manager.TestUnifiedSourceManager" name="test_directory_priority_over_filename_for_items" time="0.280" /><testcase classname="tests.renderers.latex.test_document_renderer_integration.TestLaTeXDocumentRendererIntegration" name="test_renderer_output_format" time="0.275" /><testcase classname="tests.renderers.latex.test_content_processor.TestSpellProcessor" name="test_extract_spell_tags" time="0.288" /><testcase classname="tests.renderers.latex.test_content_processor.TestCreatureProcessor" name="test_extract_creature_tags" time="0.242" /><testcase classname="tests.unit.test_entry_parser.TestEntryParser" name="test_parser_handles_empty_entries" time="0.004" /><testcase classname="tests.unit.test_entry_parser.TestEntryParser" name="test_parser_ignores_string_entries" time="0.026" /><testcase classname="tests.renderers.latex.test_content_processor.TestItemProcessor" name="test_get_item_category_armor" time="0.201" /><testcase classname="tests.unit.test_entry_parser.TestEntryParser" name="test_parser_ignores_non_dict_entries" time="0.002" /><testcase classname="tests.unit.test_entry_parser.TestEntryParser" name="test_parse_section_adventure" time="0.002" /><testcase classname="tests.unit.test_entry_parser.TestEntryParser" name="test_parse_section_book" time="0.001" /><testcase classname="tests.unit.test_entry_parser.TestEntryParser" name="test_parse_table_adventure" time="0.001" /><testcase classname="tests.unit.test_entry_parser.TestEntryParser" name="test_parse_table_without_caption" time="0.001" /><testcase classname="tests.unit.test_entry_parser.TestEntryParser" name="test_parse_inset_adventure" time="0.003" /><testcase classname="tests.unit.test_entry_parser.TestEntryParser" name="test_parse_inset_without_name" time="0.001" /><testcase classname="tests.unit.test_entry_parser.TestEntryParser" name="test_parse_entries_variant_rule_detection" time="0.009" /><testcase classname="tests.core.test_entry_registry.TestEntryTypeRegistry" name="test_log_statistics" time="0.199" /><testcase classname="tests.unit.test_entry_parser.TestEntryParser" name="test_parse_entries_regular_section_detection" time="0.001" /><testcase classname="tests.unit.test_entry_parser.TestEntryParser" name="test_parse_nested_sections_with_updated_parent" time="0.002" /><testcase classname="tests.unit.test_entry_parser.TestEntryParser" name="test_variant_rule_detection_logic" time="0.005" /><testcase classname="tests.unit.test_entry_parser.TestEntryParser" name="test_mixed_entry_types_parsing" time="0.027" /><testcase classname="tests.integration.test_error_handling_integration.TestErrorHandlingIntegration" name="test_batch_validation" time="0.307" /><testcase classname="tests.core.registry.test_registry_manager.TestRegistryManager" name="test_update_entry_processor_creates_attribute" time="0.177" /><testcase classname="tests.unit.test_configurable_source_manager.TestUnifiedSourceManager" name="test_creature_files_in_creature_directory" time="0.227" /><testcase classname="tests.renderers.latex.test_content_processor.TestSpellProcessor" name="test_has_verbal_component_object" time="0.174" /><testcase classname="tests.renderers.latex.test_document_renderer_integration.TestLaTeXDocumentRendererIntegration" name="test_render_and_compile_integration" time="0.185" /><testcase classname="tests.renderers.latex.test_content_processor.TestItemProcessor" name="test_get_item_category_magic_item" time="0.163" /><testcase classname="tests.core.test_entry_registry.TestEntryTypeRegistry" name="test_log_statistics_empty" time="0.160" /><testcase classname="tests.core.config.test_mcp_config.TestMCPConfig" name="test_default_values" time="0.000" /><testcase classname="tests.core.config.test_mcp_config.TestMCPConfig" name="test_custom_values" time="0.000" /><testcase classname="tests.core.config.test_mcp_config.TestMCPConfig" name="test_validation_port_positive" time="0.000" /><testcase classname="tests.core.config.test_mcp_config.TestMCPConfig" name="test_validation_max_concurrent_requests_positive" time="0.002" /><testcase classname="tests.core.config.test_mcp_config.TestMCPConfig" name="test_validation_timeout_positive" time="0.001" /><testcase classname="tests.core.config.test_mcp_config.TestMCPConfig" name="test_validation_memory_limit_positive" time="0.002" /><testcase classname="tests.core.config.test_mcp_config.TestMCPConfig" name="test_validation_cache_size_positive" time="0.001" /><testcase classname="tests.core.registry.test_registry_manager.TestRegistryManager" name="test_update_entry_processor_no_statblock_tags" time="0.159" /><testcase classname="tests.core.config.test_mcp_config.TestMCPConfig" name="test_validation_host_string" time="0.001" /><testcase classname="tests.core.config.test_mcp_config.TestMCPConfig" name="test_preload_content_types_list" time="0.001" /><testcase classname="tests.core.config.test_mcp_config.TestMCPConfig" name="test_boolean_fields" time="0.001" /><testcase classname="tests.core.config.test_mcp_config.TestMCPConfig" name="test_model_dump" time="0.002" /><testcase classname="tests.core.config.test_mcp_config.TestMCPConfig" name="test_model_validation_comprehensive" time="0.001" /><testcase classname="tests.core.config.test_mcp_config.TestMCPConfig" name="test_environment_integration" time="0.003" /><testcase classname="tests.latex_engine.core.images.test_image_registry.TestAdventureImageRegistry" name="test_initialization" time="0.199" /><testcase classname="tests.integration.test_error_handling_integration.TestErrorHandlingIntegration" name="test_error_chaining" time="0.222" /><testcase classname="tests.renderers.latex.test_document_renderer_integration.TestLaTeXDocumentRendererIntegration" name="test_compiler_config_validation" time="0.174" /><testcase classname="tests.renderers.latex.test_content_processor.TestSpellProcessor" name="test_has_verbal_component_dict" time="0.186" /><testcase classname="tests.unit.test_configurable_source_manager.TestUnifiedSourceManager" name="test_multiple_conflicting_files" time="0.214" /><testcase classname="tests.renderers.latex.test_content_processor.TestItemProcessor" name="test_get_rarity_tier" time="0.173" /><testcase classname="tests.core.registry.test_registry_manager.TestRegistryManager" name="test_update_entry_processor_import_error" time="0.164" /><testcase classname="tests.unit.test_liberal_parsing.TestLiberalParsing" name="test_foundry_file_detection_and_skip" time="0.405" /><testcase classname="tests.latex_engine.core.images.test_image_registry.TestAdventureImageRegistry" name="test_catalog_adventure_images_success" time="0.207" /><testcase classname="tests.renderers.latex.test_document_renderer_integration.TestLaTeXDocumentRendererIntegration" name="test_render_with_structured_document" time="0.168" /><testcase classname="tests.renderers.core.test_enhancers.TestLaTeXFormatEnhancer" name="test_init_with_priority" time="0.001" /><testcase classname="tests.renderers.core.test_enhancers.TestLaTeXFormatEnhancer" name="test_default_priority" time="0.000" /><testcase classname="tests.renderers.core.test_enhancers.TestLaTeXFormatEnhancer" name="test_bold_formatting" time="0.007" /><testcase classname="tests.renderers.core.test_enhancers.TestLaTeXFormatEnhancer" name="test_italic_formatting" time="0.001" /><testcase classname="tests.renderers.core.test_enhancers.TestLaTeXFormatEnhancer" name="test_monospace_formatting" time="0.002" /><testcase classname="tests.renderers.latex.test_content_processor.TestItemProcessor" name="test_requires_attunement_boolean" time="0.174" /><testcase classname="tests.renderers.core.test_enhancers.TestLaTeXFormatEnhancer" name="test_emphasis_formatting" time="0.003" /><testcase classname="tests.renderers.core.test_enhancers.TestLaTeXFormatEnhancer" name="test_plain_formatting" time="0.001" /><testcase classname="tests.renderers.latex.test_content_processor.TestSpellProcessor" name="test_extract_material_component_object" time="0.199" /><testcase classname="tests.renderers.core.test_enhancers.TestLaTeXFormatEnhancer" name="test_latex_escaping" time="0.001" /><testcase classname="tests.renderers.core.test_enhancers.TestLaTeXFormatEnhancer" name="test_adventure_page_reference" time="0.000" /><testcase classname="tests.renderers.core.test_enhancers.TestLaTeXFormatEnhancer" name="test_book_page_reference" time="0.001" /><testcase classname="tests.integration.test_error_handling_integration.TestErrorHandlingIntegration" name="test_standard_logging" time="0.295" /><testcase classname="tests.renderers.core.test_enhancers.TestLaTeXFormatEnhancer" name="test_skip_page_one" time="0.001" /><testcase classname="tests.renderers.core.test_enhancers.TestLaTeXFormatEnhancer" name="test_disabled_formatting" time="0.001" /><testcase classname="tests.renderers.core.test_enhancers.TestLaTeXFormatEnhancer" name="test_no_config" time="0.001" /><testcase classname="tests.unit.test_model_validation_edge_cases.TestModelValidationEdgeCases" name="test_spell_complex_entries_structures" time="0.089" /><testcase classname="tests.unit.test_configurable_source_manager.TestUnifiedSourceManager" name="test_filename_pattern_as_fallback" time="0.218" /><testcase classname="tests.latex_engine.core.images.test_phase3_content_integration.TestItemImageIntegration" name="test_item_integration_initialization" time="0.231" /><testcase classname="tests.unit.test_model_validation_edge_cases.TestModelValidationEdgeCases" name="test_spell_higher_level_variations" time="0.001" /><testcase classname="tests.unit.test_model_validation_edge_cases.TestModelValidationEdgeCases" name="test_creature_type_variations" time="0.002" /><testcase classname="tests.unit.test_model_validation_edge_cases.TestModelValidationEdgeCases" name="test_creature_alignment_variations" time="0.005" /><testcase classname="tests.unit.test_model_validation_edge_cases.TestModelValidationEdgeCases" name="test_creature_hp_variations" time="0.002" /><testcase classname="tests.unit.test_model_validation_edge_cases.TestModelValidationEdgeCases" name="test_creature_ac_variations" time="0.003" /><testcase classname="tests.unit.test_model_validation_edge_cases.TestModelValidationEdgeCases" name="test_creature_ability_complex_entries" time="1.255" /><testcase classname="tests.latex_engine.core.images.test_image_registry.TestAdventureImageRegistry" name="test_catalog_adventure_images_discovery_failure" time="0.211" /><testcase classname="tests.renderers.latex.test_content_processor.TestItemProcessor" name="test_requires_attunement_string" time="0.191" /><testcase classname="tests.renderers.latex.test_content_processor.TestSpellProcessor" name="test_extract_material_component_dict" time="0.207" /><testcase classname="tests.latex_engine.core.images.test_phase3_content_integration.TestItemImageIntegration" name="test_integrate_item_collection_success" time="0.187" /><testcase classname="tests.unit.test_configurable_source_manager.TestUnifiedSourceManager" name="test_fluff_files_get_priority" time="0.236" /><testcase classname="tests.integration.test_error_handling_integration.TestErrorHandlingIntegration" name="test_basic_logging_context" time="0.271" /><testcase classname="tests.renderers.latex.test_content_processor.TestItemProcessor" name="test_get_damage_output_weapon" time="0.151" /><testcase classname="tests.unit.test_liberal_parsing.TestLiberalParsing" name="test_template_file_detection_and_skip" time="0.232" /><testcase classname="tests.latex_engine.core.images.test_image_registry.TestAdventureImageRegistry" name="test_batch_preprocess_adventure_success" time="0.211" /><testcase classname="tests.renderers.latex.test_content_processor.TestSpellProcessor" name="test_requires_concentration_true" time="0.191" /><testcase classname="tests.latex_engine.core.images.test_phase3_content_integration.TestItemImageIntegration" name="test_integrate_single_item_success" time="0.181" /><testcase classname="tests.unit.test_configurable_source_manager.TestUnifiedSourceManager" name="test_no_double_assignment" time="0.214" /><testcase classname="tests.renderers.latex.test_content_processor.TestItemProcessor" name="test_get_damage_output_non_weapon" time="0.163" /><testcase classname="tests.unit.test_liberal_parsing.TestLiberalParsing" name="test_copy_template_detection_and_skip" time="0.189" /><testcase classname="tests.integration.test_error_handling_integration.TestErrorHandlingIntegration" name="test_try_result_utility" time="0.212" /><testcase classname="tests.renderers.latex.test_content_processor.TestSpellProcessor" name="test_requires_concentration_dict" time="0.141" /><testcase classname="tests.latex_engine.core.images.test_image_registry.TestAdventureImageRegistry" name="test_batch_preprocess_adventure_catalog_failure" time="0.175" /><testcase classname="tests.latex_engine.core.images.test_phase3_content_integration.TestItemImageIntegration" name="test_discover_item_images" time="0.150" /><testcase classname="tests.renderers.latex.test_content_processor.TestItemProcessor" name="test_get_armor_rating_armor" time="0.149" /><testcase classname="tests.unit.test_configurable_source_manager.TestUnifiedSourceManager" name="test_metadata_file_discovery" time="0.200" /><testcase classname="tests.unit.test_liberal_parsing.TestLiberalParsing" name="test_fluff_file_detection_and_liberal_parsing" time="0.191" /><testcase classname="tests.latex_engine.core.images.test_image_registry.TestAdventureImageRegistry" name="test_get_adventure_image_statistics_success" time="0.185" /><testcase classname="tests.renderers.latex.test_content_processor.TestSpellProcessor" name="test_extract_upcast_effects" time="0.193" /><testcase classname="tests.integration.test_error_handling_integration.TestErrorHandlingIntegration" name="test_standardized_entry_validator" time="0.251" /><testcase classname="tests.latex_engine.core.images.test_phase3_content_integration.TestItemImageIntegration" name="test_categorize_item" time="0.156" /><testcase classname="tests.renderers.latex.test_content_processor.TestItemProcessor" name="test_get_armor_rating_non_armor" time="0.192" /><testcase classname="tests.unit.test_liberal_parsing.TestLiberalParsing" name="test_missing_required_fields_default_handling" time="0.175" /><testcase classname="tests.unit.test_configurable_source_manager.TestUnifiedSourceManager" name="test_content_file_discovery" time="0.226" /><testcase classname="tests.latex_engine.core.images.test_image_registry.TestAdventureImageRegistry" name="test_get_registry_overview" time="0.188" /><testcase classname="tests.renderers.latex.test_content_processor.TestSpellProcessor" name="test_get_class_availability" time="0.209" /><testcase classname="tests.latex_engine.core.images.test_phase3_content_integration.TestItemImageIntegration" name="test_select_optimal_item_image" time="0.186" /><testcase classname="tests.renderers.latex.test_content_processor.TestItemProcessor" name="test_get_value_tier" time="0.184" /><testcase classname="tests.integration.test_error_handling_integration.TestErrorHandlingIntegration" name="test_error_severity_handling" time="0.264" /><testcase classname="tests.unit.test_liberal_parsing.TestLiberalParsing" name="test_complex_spell_entry_text_extraction" time="0.186" /><testcase classname="tests.unit.test_omnidexer.TestOmnidexer" name="test_omnidexer_creation" time="0.401" /><testcase classname="tests.latex_engine.core.images.test_image_registry.TestAdventureImageRegistry" name="test_analyze_image_context" time="0.166" /><testcase classname="tests.latex_engine.core.images.test_phase3_content_integration.TestItemImageIntegration" name="test_create_categorized_galleries" time="0.141" /><testcase classname="tests.unit.test_configurable_source_manager.TestUnifiedSourceManager" name="test_get_metadata_files" time="0.199" /><testcase classname="tests.core.registry.test_registry_integration.TestRegistryIntegration" name="test_full_system_initialization" time="0.164" /><testcase classname="tests.latex_engine.core.images.test_image_registry.TestAdventureImageRegistry" name="test_analyze_image_context_map" time="0.155" /><testcase classname="tests.latex_engine.core.images.test_phase3_content_integration.TestItemImageIntegration" name="test_create_unified_gallery" time="0.160" /><testcase classname="tests.unit.test_liberal_parsing.TestLiberalParsing" name="test_complex_creature_ability_text_extraction" time="1.306" /><testcase classname="tests.integration.test_error_handling_integration.TestErrorHandlingIntegration" name="test_error_suggestions" time="0.255" /><testcase classname="tests.unit.test_configurable_source_manager.TestUnifiedSourceManager" name="test_get_content_files" time="0.196" /><testcase classname="tests.core.registry.test_registry_integration.TestRegistryIntegration" name="test_registry_manager_updates_all_systems" time="0.146" /><testcase classname="tests.unit.test_model_validation_edge_cases.TestModelValidationEdgeCases" name="test_item_complex_entries" time="0.001" /><testcase classname="tests.unit.test_model_validation_edge_cases.TestModelValidationEdgeCases" name="test_source_format_variations" time="0.001" /><testcase classname="tests.unit.test_model_validation_edge_cases.TestModelValidationEdgeCases" name="test_damage_resistance_immunity_formats" time="0.001" /><testcase classname="tests.unit.test_model_validation_edge_cases.TestModelValidationEdgeCases" name="test_skill_bonus_formats" time="0.002" /><testcase classname="tests.latex_engine.core.images.test_image_registry.TestAdventureImageRegistry" name="test_process_single_image" time="0.241" /><testcase classname="tests.unit.test_model_validation_edge_cases.TestModelValidationEdgeCases" name="test_passive_perception_formats" time="0.001" /><testcase classname="tests.unit.test_model_validation_edge_cases.TestModelValidationEdgeCases" name="test_challenge_rating_formats" time="0.001" /><testcase classname="tests.latex_engine.core.images.test_phase3_content_integration.TestItemImageIntegration" name="test_create_item_context" time="0.155" /><testcase classname="tests.core.registry.test_registry_integration.TestRegistryIntegration" name="test_content_creation_with_factory" time="0.144" /><testcase classname="tests.integration.test_error_handling_integration.TestErrorHandlingIntegration" name="test_integration_with_pydantic_errors" time="0.199" /><testcase classname="tests.unit.test_configurable_source_manager.TestUnifiedSourceManager" name="test_content_files_skipped_during_discovery" time="0.222" /><testcase classname="tests.unit.test_omnidexer.TestOmnidexer" name="test_loader_registration" time="0.256" /><testcase classname="tests.latex_engine.core.images.test_phase3_content_integration.TestItemImageIntegration" name="test_create_basic_item_latex" time="0.145" /><testcase classname="tests.core.text.test_tag_parser.TestTagASTTransformer" name="test_transformer_initialization" time="0.200" /><testcase classname="tests.core.registry.test_registry_integration.TestRegistryIntegration" name="test_omnidexer_has_content_types" time="0.309" /><testcase classname="tests.latex_engine.core.images.test_image_registry.TestAdventureImageRegistry" name="test_batch_process_image_category" time="0.284" /><testcase classname="tests.integration.test_error_handling_integration.TestErrorHandlingIntegration" name="test_end_to_end_error_flow" time="0.219" /><testcase classname="tests.latex_engine.core.images.test_phase3_content_integration.TestItemImageIntegration" name="test_create_basic_item_gallery" time="0.155" /><testcase classname="tests.unit.test_configurable_source_manager.TestUnifiedSourceManager" name="test_interface_consistency" time="0.212" /><testcase classname="tests.core.text.test_tag_parser.TestTagASTTransformer" name="test_document_transform" time="0.165" /><testcase classname="tests.unit.test_omnidexer.TestOmnidexer" name="test_empty_data_loading" time="0.239" /><testcase classname="tests.latex_engine.core.images.test_phase3_content_integration.TestItemImageIntegration" name="test_extract_categories" time="0.166" /><testcase classname="tests.integration.test_error_handling_integration.TestErrorHandlingIntegration" name="test_performance_with_large_batch" time="0.219" /><testcase classname="tests.integration.test_modern_container_integration.TestServiceContainer" name="test_container_creation" time="0.076" /><testcase classname="tests.unit.test_configurable_source_manager.TestUnifiedSourceManager" name="test_separate_discovery_completeness" time="0.194" /><testcase classname="tests.latex_engine.core.images.test_image_registry.TestAdventureImageRegistry" name="test_create_sample_discovery_images" time="0.200" /><testcase classname="tests.core.text.test_tag_parser.TestTagASTTransformer" name="test_text_transform" time="0.219" /><testcase classname="tests.core.registry.test_registry_integration.TestRegistryIntegration" name="test_source_manager_has_patterns" time="0.207" /><testcase classname="tests.integration.test_modern_container_integration.TestServiceContainer" name="test_singleton_lifecycle" time="0.005" /><testcase classname="tests.integration.test_modern_container_integration.TestServiceContainer" name="test_scoped_lifecycle" time="0.014" /><testcase classname="tests.integration.test_modern_container_integration.TestServiceContainer" name="test_transient_lifecycle" time="0.009" /><testcase classname="tests.latex_engine.core.images.test_phase3_content_integration.TestItemImageIntegration" name="test_get_integration_statistics" time="0.153" /><testcase classname="tests.integration.test_modern_container_integration.TestServiceContainer" name="test_async_resource_lifecycle" time="0.012" /><testcase classname="tests.integration.test_modern_container_integration.TestServiceContainer" name="test_dependency_injection" time="0.011" /><testcase classname="tests.integration.test_modern_container_integration.TestServiceContainer" name="test_container_performance_with_realistic_services" time="0.011" /><testcase classname="tests.integration.test_modern_container_integration.TestServiceContainer" name="test_request_scoped_container" time="0.014" /><testcase classname="tests.latex_engine.core.images.test_adventure_integration.TestAdventureImageIntegration" name="test_initialization" time="0.154" /><testcase classname="tests.integration.test_modern_container_integration.TestServiceContainer" name="test_container_closure" time="0.010" /><testcase classname="tests.integration.test_modern_container_integration.TestServiceContainer" name="test_container_repr" time="0.009" /><testcase classname="tests.integration.test_modern_container_integration.TestServiceContainer" name="test_sync_singleton_caching" time="0.011" /><testcase classname="tests.latex_engine.core.images.test_image_registry.TestAdventureImageRegistry" name="test_persist_catalog" time="0.174" /><testcase classname="tests.integration.test_modern_container_integration.TestServiceContainer" name="test_sync_cache_non_singleton_fallback" time="0.005" /><testcase classname="tests.renderers.latex.test_progress_tracker.TestProgressTracker" name="test_progress_tracker_initialization" time="0.002" /><testcase classname="tests.renderers.latex.test_progress_tracker.TestProgressTracker" name="test_progress_tracker_none_style" time="0.001" /><testcase classname="tests.renderers.latex.test_progress_tracker.TestProgressTracker" name="test_progress_tracker_rich_style" time="0.000" /><testcase classname="tests.core.registry.test_registry_integration.TestRegistryIntegration" name="test_entry_processor_has_statblock_tags" time="0.160" /><testcase classname="tests.renderers.latex.test_progress_tracker.TestProgressTracker" name="test_progress_tracker_rich_fallback" time="0.005" /><testcase classname="tests.renderers.latex.test_progress_tracker.TestProgressTracker" name="test_compilation_context_manager" time="0.003" /><testcase classname="tests.renderers.latex.test_progress_tracker.TestProgressTracker" name="test_compilation_context_manager_with_exception" time="0.003" /><testcase classname="tests.core.text.test_tag_parser.TestTagASTTransformer" name="test_text_fragment_transform" time="0.199" /><testcase classname="tests.renderers.latex.test_progress_tracker.TestProgressTracker" name="test_compilation_pass_context_manager" time="0.001" /><testcase classname="tests.renderers.latex.test_progress_tracker.TestProgressTracker" name="test_compilation_pass_context_manager_with_exception" time="0.002" /><testcase classname="tests.renderers.latex.test_progress_tracker.TestProgressTracker" name="test_update_progress" time="0.002" /><testcase classname="tests.renderers.latex.test_progress_tracker.TestProgressTracker" name="test_show_error" time="0.003" /><testcase classname="tests.renderers.latex.test_progress_tracker.TestProgressTracker" name="test_progress_property" time="0.001" /><testcase classname="tests.renderers.latex.test_progress_tracker.TestProgressTracker" name="test_full_workflow_integration" time="0.004" /><testcase classname="tests.latex_engine.core.images.test_phase3_content_integration.TestGalleryProcessor" name="test_gallery_processor_initialization" time="0.207" /><testcase classname="tests.renderers.latex.images.test_image_processor.TestImageProcessor" name="test_process_image_entry_disabled" time="0.133" /><testcase classname="tests.latex_engine.core.images.test_adventure_integration.TestAdventureImageIntegration" name="test_get_integration_statistics" time="0.187" /><testcase classname="tests.core.registry.test_registry_integration.TestRegistryIntegration" name="test_all_migrated_content_types_registered" time="0.209" /><testcase classname="tests.renderers.latex.test_tag_renderer.TestLaTeXTagRenderer" name="test_content_reference_rendering_resolved" time="0.194" /><testcase classname="tests.core.text.test_tag_parser.TestTagASTTransformer" name="test_tag_type_transform" time="0.216" /><testcase classname="tests.latex_engine.core.images.test_phase3_content_integration.TestGalleryProcessor" name="test_process_empty_gallery" time="0.166" /><testcase classname="tests.unit.test_omnidexer.TestOmnidexer" name="test_data_loading_and_indexing" time="0.602" /><testcase classname="tests.renderers.latex.images.test_image_processor.TestImageProcessor" name="test_process_image_entry_no_href" time="0.169" /><testcase classname="tests.latex_engine.core.images.test_adventure_integration.TestAdventureImageIntegration" name="test_integrate_adventure_images_success" time="0.215" /><testcase classname="tests.renderers.latex.test_tag_renderer.TestLaTeXTagRenderer" name="test_content_reference_rendering_unresolved" time="0.168" /><testcase classname="tests.latex_engine.core.images.test_phase3_content_integration.TestGalleryProcessor" name="test_process_gallery_basic" time="0.178" /><testcase classname="tests.core.text.test_tag_parser.TestTagASTTransformer" name="test_escaped_char_transform" time="0.206" /><testcase classname="tests.unit.test_liberal_parsing.TestLiberalParsing" name="test_complex_item_entry_text_extraction" time="0.222" /><testcase classname="tests.core.registry.test_registry_integration.TestRegistryIntegration" name="test_registry_metadata_completeness" time="0.250" /><testcase classname="tests.renderers.latex.images.test_image_processor.TestImageProcessor" name="test_process_image_entry_no_title" time="0.171" /><testcase classname="tests.latex_engine.core.images.test_adventure_integration.TestAdventureImageIntegration" name="test_integrate_adventure_images_discovery_failure" time="0.164" /><testcase classname="tests.renderers.latex.test_tag_renderer.TestLaTeXTagRenderer" name="test_content_reference_with_display_text" time="0.140" /><testcase classname="tests.latex_engine.core.images.test_phase3_content_integration.TestGalleryProcessor" name="test_determine_layout" time="0.169" /><testcase classname="tests.core.registry.test_registry_integration.TestRegistryIntegration" name="test_decorator_based_registration_works" time="0.162" /><testcase classname="tests.core.text.test_tag_parser.TestTagASTTransformer" name="test_tag_transform_missing_type" time="0.193" /><testcase classname="tests.renderers.latex.images.test_image_processor.TestImageProcessor" name="test_process_image_pipeline_exception" time="0.183" /><testcase classname="tests.unit.test_liberal_parsing.TestLiberalParsing" name="test_creature_type_choice_format_handling" time="0.195" /><testcase classname="tests.latex_engine.core.images.test_adventure_integration.TestAdventureImageIntegration" name="test_integrate_adventure_images_latex_generation_failure" time="0.192" /><testcase classname="tests.renderers.latex.test_tag_renderer.TestLaTeXTagRenderer" name="test_content_reference_with_page_numbers" time="0.159" /><testcase classname="tests.unit.test_omnidexer.TestOmnidexer" name="test_find_by_type_and_name" time="0.472" /><testcase classname="tests.renderers.latex.images.test_image_processor.TestImageProcessor" name="test_resolve_image_path_local" time="0.111" /><testcase classname="tests.core.registry.test_registry_integration.TestRegistryIntegration" name="test_system_consistency" time="0.197" /><testcase classname="tests.latex_engine.core.images.test_phase3_content_integration.TestGalleryProcessor" name="test_process_gallery_image_success" time="0.175" /><testcase classname="tests.unit.test_liberal_parsing.TestLiberalParsing" name="test_creature_alignment_nested_format_handling" time="0.190" /><testcase classname="tests.latex_engine.core.images.test_adventure_integration.TestAdventureImageIntegration" name="test_extract_adventure_metadata" time="0.162" /><testcase classname="tests.renderers.latex.test_tag_renderer.TestLaTeXTagRenderer" name="test_formatting_node_rendering" time="0.162" /><testcase classname="tests.renderers.latex.images.test_image_processor.TestImageProcessor" name="test_resolve_image_path_url" time="0.133" /><testcase classname="tests.core.text.test_tag_parser.TestTagASTTransformer" name="test_tag_transform_with_string_parts" time="0.307" /><testcase classname="tests.latex_engine.core.images.test_phase3_content_integration.TestGalleryProcessor" name="test_process_gallery_image_fallback" time="0.152" /><testcase classname="tests.core.registry.test_registry_integration.TestRegistryIntegration" name="test_error_handling_when_not_initialized" time="0.211" /><testcase classname="tests.latex_engine.core.images.test_adventure_integration.TestAdventureImageIntegration" name="test_determine_chapter_type" time="0.164" /><testcase classname="tests.unit.test_liberal_parsing.TestLiberalParsing" name="test_hp_and_ac_special_format_handling" time="0.189" /><testcase classname="tests.renderers.latex.test_tag_renderer.TestLaTeXTagRenderer" name="test_special_tag_rendering" time="0.175" /><testcase classname="tests.renderers.latex.images.test_image_processor.TestImageProcessor" name="test_convert_format_disabled" time="0.162" /><testcase classname="tests.latex_engine.core.images.test_phase3_content_integration.TestGalleryProcessor" name="test_generate_grid_layout" time="0.167" /><testcase classname="tests.core.text.test_tag_parser.TestTagASTTransformer" name="test_tag_transform_with_list_parts" time="0.223" /><testcase classname="tests.unit.test_omnidexer.TestOmnidexer" name="test_find_without_source" time="0.416" /><testcase classname="tests.latex_engine.core.images.test_adventure_integration.TestAdventureImageIntegration" name="test_categorize_adventure_images" time="0.159" /><testcase classname="tests.renderers.latex.test_tag_renderer.TestLaTeXTagRenderer" name="test_special_tag_with_display_text" time="0.147" /><testcase classname="tests.core.registry.test_registry_integration.TestRegistryIntegration" name="test_initialization_idempotent" time="0.168" /><testcase classname="tests.renderers.latex.images.test_image_processor.TestImageProcessor" name="test_convert_format_not_needed" time="0.154" /><testcase classname="tests.unit.test_liberal_parsing.TestLiberalParsing" name="test_skill_complex_format_handling" time="0.210" /><testcase classname="tests.latex_engine.core.images.test_phase3_content_integration.TestGalleryProcessor" name="test_generate_showcase_layout" time="0.161" /><testcase classname="tests.renderers.latex.test_tag_renderer.TestLaTeXTagRenderer" name="test_filter_tag_rendering" time="0.168" /><testcase classname="tests.renderers.latex.images.test_image_processor.TestImageProcessor" name="test_optimize_image_disabled" time="0.157" /><testcase classname="tests.unit.models.test_creature_stat_blocks.TestCreatureStatBlockRendering" name="test_ability_score_modifier_calculation" time="0.167" /><testcase classname="tests.latex_engine.core.images.test_adventure_integration.TestAdventureImageIntegration" name="test_select_optimal_adventure_images" time="0.185" /><testcase classname="tests.core.text.test_tag_parser.TestTagASTTransformer" name="test_content_part_transform" time="0.233" /><testcase classname="tests.latex_engine.core.images.test_phase3_content_integration.TestGalleryProcessor" name="test_generate_sequential_layout" time="0.147" /><testcase classname="tests.unit.test_liberal_parsing.TestLiberalParsing" name="test_liberal_parsing_stress_test" time="0.199" /><testcase classname="tests.unit.test_models.TestCreature" name="test_creature_creation" time="0.001" /><testcase classname="tests.unit.test_models.TestCreature" name="test_ability_modifier_calculation" time="0.002" /><testcase classname="tests.unit.test_models.TestCreature" name="test_ability_text_formatting" time="0.001" /><testcase classname="tests.unit.test_models.TestCreature" name="test_size_type_alignment" time="0.001" /><testcase classname="tests.unit.test_models.TestCreature" name="test_armor_class_parsing" time="0.001" /><testcase classname="tests.unit.test_models.TestCreature" name="test_creature_type_field_validation" time="0.001" /><testcase classname="tests.unit.test_models.TestCreature" name="test_creature_ac_field_validation" time="0.001" /><testcase classname="tests.unit.test_models.TestCreature" name="test_creature_hp_speed_validation" time="0.001" /><testcase classname="tests.unit.test_models.TestCreature" name="test_creature_ability_parsing" time="0.001" /><testcase classname="tests.unit.test_models.TestCreature" name="test_creature_alignment_text_formatting" time="0.001" /><testcase classname="tests.unit.test_models.TestCreature" name="test_creature_cr_text_formatting" time="0.002" /><testcase classname="tests.unit.test_models.TestCreature" name="test_creature_text_methods" time="0.001" /><testcase classname="tests.renderers.latex.images.test_image_processor.TestImageProcessor" name="test_generate_latex_basic_with_title" time="0.167" /><testcase classname="tests.unit.models.test_creature_stat_blocks.TestCreatureStatBlockRendering" name="test_ability_text_formatting" time="0.172" /><testcase classname="tests.renderers.latex.test_tag_renderer.TestLaTeXTagRenderer" name="test_ui_tag_omission" time="0.184" /><testcase classname="tests.latex_engine.core.images.test_adventure_integration.TestAdventureImageIntegration" name="test_group_images_by_chapter" time="0.194" /><testcase classname="tests.latex_engine.core.images.test_phase3_content_integration.TestGalleryProcessor" name="test_generate_comparison_layout" time="0.185" /><testcase classname="tests.unit.test_omnidexer.TestOmnidexer" name="test_find_all_by_name" time="0.450" /><testcase classname="tests.core.text.test_tag_parser.TestTagASTTransformer" name="test_content_part_transform_only_text" time="0.229" /><testcase classname="tests.integration.test_book_conversion.TestBookConversion" name="test_book_conversion_produces_content" time="14.040" /><testcase classname="tests.renderers.latex.images.test_image_processor.TestImageProcessor" name="test_generate_latex_basic_no_title" time="0.156" /><testcase classname="tests.unit.models.test_creature_stat_blocks.TestCreatureStatBlockRendering" name="test_armor_class_processing" time="0.162" /><testcase classname="tests.renderers.latex.test_tag_renderer.TestLaTeXTagRenderer" name="test_latex_escaping" time="0.171" /><testcase classname="tests.latex_engine.core.images.test_adventure_integration.TestAdventureImageIntegration" name="test_create_sample_adventure_images" time="0.173" /><testcase classname="tests.latex_engine.core.images.test_phase3_content_integration.TestGalleryProcessor" name="test_extract_image_command" time="0.173" /><testcase classname="tests.core.text.test_tag_parser.TestTagASTTransformer" name="test_content_part_edge_case" time="0.191" /><testcase classname="tests.core.loaders.test_content_merger.TestContentMerger" name="test_init" time="0.009" /><testcase classname="tests.core.loaders.test_content_merger.TestContentMerger" name="test_normalize_id_to_filename_adventure" time="0.002" /><testcase classname="tests.core.loaders.test_content_merger.TestContentMerger" name="test_normalize_id_to_filename_book" time="0.001" /><testcase classname="tests.core.loaders.test_content_merger.TestContentMerger" name="test_normalize_id_to_filename_unsupported_type" time="0.003" /><testcase classname="tests.core.loaders.test_content_merger.TestContentMerger" name="test_load_content_file_unsupported_type" time="0.003" /><testcase classname="tests.core.loaders.test_content_merger.TestContentMerger" name="test_load_content_file_not_found" time="0.008" /><testcase classname="tests.renderers.latex.images.test_image_processor.TestImageProcessor" name="test_calculate_width_spec_default" time="0.154" /><testcase classname="tests.core.loaders.test_content_merger.TestContentMerger" name="test_load_content_file_success" time="0.007" /><testcase classname="tests.integration.test_creature_real_5etools_data.TestCreatureReal5etoolsDataIntegration" name="test_real_data_basic_creature_loading" time="0.000"><skipped type="pytest.skip" message="Requires at least 50 creatures for meaningful testing. Run 'make test-full-data' to test with full dataset (sets STUDIORUM_TEST_FULL_DATA=1).">/Users/sam/Code/studiorum/tests/integration/test_creature_real_5etools_data.py:65: Requires at least 50 creatures for meaningful testing. Run 'make test-full-data' to test with full dataset (sets STUDIORUM_TEST_FULL_DATA=1).</skipped></testcase><testcase classname="tests.integration.test_creature_real_5etools_data.TestCreatureReal5etoolsDataIntegration" name="test_real_data_cr_distribution" time="0.000"><skipped type="pytest.skip" message="Requires at least 50 creatures for meaningful testing. Run 'make test-full-data' to test with full dataset (sets STUDIORUM_TEST_FULL_DATA=1).">/Users/sam/Code/studiorum/tests/integration/test_creature_real_5etools_data.py:78: Requires at least 50 creatures for meaningful testing. Run 'make test-full-data' to test with full dataset (sets STUDIORUM_TEST_FULL_DATA=1).</skipped></testcase><testcase classname="tests.integration.test_creature_real_5etools_data.TestCreatureReal5etoolsDataIntegration" name="test_real_data_creature_types_variety" time="0.000"><skipped type="pytest.skip" message="Requires at least 50 creatures for meaningful testing. Run 'make test-full-data' to test with full dataset (sets STUDIORUM_TEST_FULL_DATA=1).">/Users/sam/Code/studiorum/tests/integration/test_creature_real_5etools_data.py:96: Requires at least 50 creatures for meaningful testing. Run 'make test-full-data' to test with full dataset (sets STUDIORUM_TEST_FULL_DATA=1).</skipped></testcase><testcase classname="tests.integration.test_creature_real_5etools_data.TestCreatureReal5etoolsDataIntegration" name="test_real_data_source_distribution" time="0.000"><skipped type="pytest.skip" message="Requires at least 50 creatures for meaningful testing. Run 'make test-full-data' to test with full dataset (sets STUDIORUM_TEST_FULL_DATA=1).">/Users/sam/Code/studiorum/tests/integration/test_creature_real_5etools_data.py:116: Requires at least 50 creatures for meaningful testing. Run 'make test-full-data' to test with full dataset (sets STUDIORUM_TEST_FULL_DATA=1).</skipped></testcase><testcase classname="tests.integration.test_creature_real_5etools_data.TestCreatureReal5etoolsDataIntegration" name="test_real_data_complex_creatures_validation" time="0.001"><skipped type="pytest.skip" message="Requires at least 50 creatures for meaningful testing. Run 'make test-full-data' to test with full dataset (sets STUDIORUM_TEST_FULL_DATA=1).">/Users/sam/Code/studiorum/tests/integration/test_creature_real_5etools_data.py:144: Requires at least 50 creatures for meaningful testing. Run 'make test-full-data' to test with full dataset (sets STUDIORUM_TEST_FULL_DATA=1).</skipped></testcase><testcase classname="tests.integration.test_creature_real_5etools_data.TestCreatureReal5etoolsDataIntegration" name="test_real_data_stat_block_generation_quality" time="0.000"><skipped type="pytest.skip" message="Requires at least 50 creatures for meaningful testing. Run 'make test-full-data' to test with full dataset (sets STUDIORUM_TEST_FULL_DATA=1).">/Users/sam/Code/studiorum/tests/integration/test_creature_real_5etools_data.py:176: Requires at least 50 creatures for meaningful testing. Run 'make test-full-data' to test with full dataset (sets STUDIORUM_TEST_FULL_DATA=1).</skipped></testcase><testcase classname="tests.integration.test_creature_real_5etools_data.TestCreatureReal5etoolsDataIntegration" name="test_real_data_markup_processing_coverage" time="0.000"><skipped type="pytest.skip" message="Requires at least 50 creatures for meaningful testing. Run 'make test-full-data' to test with full dataset (sets STUDIORUM_TEST_FULL_DATA=1).">/Users/sam/Code/studiorum/tests/integration/test_creature_real_5etools_data.py:210: Requires at least 50 creatures for meaningful testing. Run 'make test-full-data' to test with full dataset (sets STUDIORUM_TEST_FULL_DATA=1).</skipped></testcase><testcase classname="tests.integration.test_creature_real_5etools_data.TestCreatureReal5etoolsDataIntegration" name="test_real_data_collection_and_filtering_integration" time="0.001"><skipped type="pytest.skip" message="Requires at least 50 creatures for meaningful testing. Run 'make test-full-data' to test with full dataset (sets STUDIORUM_TEST_FULL_DATA=1).">/Users/sam/Code/studiorum/tests/integration/test_creature_real_5etools_data.py:240: Requires at least 50 creatures for meaningful testing. Run 'make test-full-data' to test with full dataset (sets STUDIORUM_TEST_FULL_DATA=1).</skipped></testcase><testcase classname="tests.core.loaders.test_content_merger.TestContentMerger" name="test_load_content_file_malformed_json" time="0.009" /><testcase classname="tests.unit.models.test_creature_stat_blocks.TestCreatureStatBlockRendering" name="test_hit_points_formatting" time="0.167" /><testcase classname="tests.integration.test_creature_real_5etools_data.TestCreatureReal5etoolsDataIntegration" name="test_real_data_edge_cases_handling" time="0.000"><skipped type="pytest.skip" message="Requires at least 50 creatures for meaningful testing. Run 'make test-full-data' to test with full dataset (sets STUDIORUM_TEST_FULL_DATA=1).">/Users/sam/Code/studiorum/tests/integration/test_creature_real_5etools_data.py:290: Requires at least 50 creatures for meaningful testing. Run 'make test-full-data' to test with full dataset (sets STUDIORUM_TEST_FULL_DATA=1).</skipped></testcase><testcase classname="tests.integration.test_creature_real_5etools_data.TestCreatureReal5etoolsDataIntegration" name="test_real_data_performance_with_large_dataset" time="0.004"><skipped type="pytest.skip" message="Requires at least 50 creatures for meaningful testing. Run 'make test-full-data' to test with full dataset (sets STUDIORUM_TEST_FULL_DATA=1).">/Users/sam/Code/studiorum/tests/integration/test_creature_real_5etools_data.py:333: Requires at least 50 creatures for meaningful testing. Run 'make test-full-data' to test with full dataset (sets STUDIORUM_TEST_FULL_DATA=1).</skipped></testcase><testcase classname="tests.core.loaders.test_content_merger.TestContentMerger" name="test_clear_cache" time="0.002" /><testcase classname="tests.core.loaders.test_content_merger.TestContentMerger" name="test_get_cache_stats" time="0.001" /><testcase classname="tests.integration.test_creature_real_5etools_data.TestCreatureReal5etoolsDataIntegration" name="test_real_data_memory_usage_patterns" time="0.001"><skipped type="pytest.skip" message="Requires at least 50 creatures for meaningful testing. Run 'make test-full-data' to test with full dataset (sets STUDIORUM_TEST_FULL_DATA=1).">/Users/sam/Code/studiorum/tests/integration/test_creature_real_5etools_data.py:361: Requires at least 50 creatures for meaningful testing. Run 'make test-full-data' to test with full dataset (sets STUDIORUM_TEST_FULL_DATA=1).</skipped></testcase><testcase classname="tests.core.loaders.test_content_merger.TestContentMerger" name="test_case_insensitive_file_matching" time="0.005" /><testcase classname="tests.renderers.latex.test_tag_renderer.TestLaTeXTagRenderer" name="test_plain_string_rendering" time="0.191" /><testcase classname="tests.latex_engine.core.images.test_adventure_integration.TestAdventureImageIntegration" name="test_latex_generation_methods" time="0.177" /><testcase classname="tests.mcp.tools.test_data_tools.TestDataSourcesMCPTool" name="test_list_action" time="0.009" /><testcase classname="tests.mcp.tools.test_data_tools.TestDataSourcesMCPTool" name="test_status_action" time="0.004" /><testcase classname="tests.mcp.tools.test_data_tools.TestDataSourcesMCPTool" name="test_add_primary_action_valid_path" time="0.007" /><testcase classname="tests.mcp.tools.test_data_tools.TestDataSourcesMCPTool" name="test_add_primary_action_invalid_path" time="0.006" /><testcase classname="tests.latex_engine.core.images.test_phase3_content_integration.TestGalleryProcessor" name="test_get_required_packages" time="0.187" /><testcase classname="tests.property_based.test_spell_properties.TestSpellInvariants" name="test_spell_level_constraints" time="0.015" /><testcase classname="tests.mcp.tools.test_data_tools.TestDataSourcesMCPTool" name="test_add_homebrew_action" time="0.007" /><testcase classname="tests.mcp.tools.test_data_tools.TestDataSourcesMCPTool" name="test_add_url_action" time="0.004" /><testcase classname="tests.property_based.test_spell_properties.TestSpellInvariants" name="test_spell_school_names" time="0.505" /><testcase classname="tests.mcp.tools.test_data_tools.TestDataSourcesMCPTool" name="test_add_url_invalid_url" time="0.006" /><testcase classname="tests.mcp.tools.test_data_tools.TestDataSourcesMCPTool" name="test_remove_action" time="0.009" /><testcase classname="tests.mcp.tools.test_data_tools.TestDataSourcesMCPTool" name="test_missing_context" time="0.003" /><testcase classname="tests.mcp.tools.test_data_tools.TestDataSourcesMCPTool" name="test_unknown_action" time="0.007" /><testcase classname="tests.mcp.tools.test_data_tools.TestDataSourcesMCPTool" name="test_service_exception" time="0.027" /><testcase classname="tests.unit.models.test_creature_stat_blocks.TestCreatureStatBlockRendering" name="test_speed_text_formatting" time="0.173" /><testcase classname="tests.renderers.latex.images.test_format_converter.TestFormatConverter" name="test_is_conversion_needed_webp" time="0.172" /><testcase classname="tests.renderers.latex.test_tag_renderer.TestLaTeXTagRenderer" name="test_unknown_result_type" time="0.191" /><testcase classname="tests.renderers.latex.test_book_rendering_integration.TestBookRenderingIntegration" name="test_simple_book_rendering_structure" time="0.325" /><testcase classname="tests.unit.test_omnidexer.TestOmnidexer" name="test_get_all_by_type" time="0.499" /><testcase classname="tests.renderers.core.test_handlers.TestBaseTagHandler" name="test_base_handler_initialization" time="0.001" /><testcase classname="tests.renderers.core.test_handlers.TestBaseTagHandler" name="test_handles_tag_type" time="0.000" /><testcase classname="tests.renderers.core.test_handlers.TestBaseTagHandler" name="test_should_include_page_reference" time="0.001" /><testcase classname="tests.renderers.core.test_handlers.TestBaseTagHandler" name="test_extract_display_text_with_display_text_nodes" time="0.001" /><testcase classname="tests.renderers.core.test_handlers.TestBaseTagHandler" name="test_extract_display_text_fallback_to_name" time="0.001" /><testcase classname="tests.renderers.core.test_handlers.TestBaseTagHandler" name="test_extract_display_text_final_fallback" time="0.001" /><testcase classname="tests.renderers.core.test_handlers.TestBaseTagHandler" name="test_validate_content_reference_success" time="0.001" /><testcase classname="tests.renderers.core.test_handlers.TestBaseTagHandler" name="test_validate_content_reference_not_found" time="0.001" /><testcase classname="tests.renderers.core.test_handlers.TestBaseTagHandler" name="test_validate_content_reference_no_omnidexer" time="0.001" /><testcase classname="tests.renderers.core.test_handlers.TestBaseTagHandler" name="test_track_content_for_appendix" time="0.001" /><testcase classname="tests.renderers.core.test_handlers.TestBaseTagHandler" name="test_track_content_no_tracker" time="0.001" /><testcase classname="tests.unit.test_books.TestBookMetadata" name="test_book_metadata_creation_empty" time="0.001" /><testcase classname="tests.unit.test_books.TestBookMetadata" name="test_book_metadata_creation_full" time="0.000" /><testcase classname="tests.unit.test_books.TestBookMetadata" name="test_book_metadata_get_authors_text_single_author" time="0.001" /><testcase classname="tests.unit.test_books.TestBookMetadata" name="test_book_metadata_get_authors_text_two_authors" time="0.001" /><testcase classname="tests.unit.test_books.TestBookMetadata" name="test_book_metadata_get_authors_text_three_authors" time="0.000" /><testcase classname="tests.unit.test_books.TestBookMetadata" name="test_book_metadata_get_authors_text_four_authors" time="0.000" /><testcase classname="tests.unit.test_books.TestBookMetadata" name="test_book_metadata_get_authors_text_no_authors" time="0.001" /><testcase classname="tests.unit.test_books.TestBookMetadata" name="test_book_metadata_get_authors_text_empty_list" time="0.002" /><testcase classname="tests.unit.test_books.TestBookMetadata" name="test_book_metadata_parse_author_string_input" time="0.002" /><testcase classname="tests.unit.test_books.TestBookMetadata" name="test_book_metadata_parse_author_list_input" time="0.001" /><testcase classname="tests.unit.test_books.TestBookMetadata" name="test_book_metadata_parse_author_none_input" time="0.001" /><testcase classname="tests.unit.models.test_creature_stat_blocks.TestCreatureStatBlockRendering" name="test_creature_type_formatting" time="0.169" /><testcase classname="tests.unit.models.test_creature_markup_processing.TestCreatureMarkupProcessing" name="test_ability_name_markup_processing" time="0.184" /><testcase classname="tests.renderers.latex.images.test_format_converter.TestFormatConverter" name="test_is_conversion_needed_png" time="0.188" /><testcase classname="tests.unit.test_creature_filtering_collection.TestCreatureFilterCriteria" name="test_basic_filter_criteria_creation" time="0.191" /><testcase classname="tests.unit.models.test_creature_markup_processing.TestCreatureMarkupProcessing" name="test_ability_description_markup_processing" time="0.173" /><testcase classname="tests.unit.models.test_creature_stat_blocks.TestCreatureStatBlockRendering" name="test_size_type_alignment_formatting" time="0.186" /><testcase classname="tests.renderers.latex.images.test_format_converter.TestFormatConverter" name="test_is_conversion_needed_jpg" time="0.150" /><testcase classname="tests.renderers.latex.test_book_rendering_integration.TestBookRenderingIntegration" name="test_complex_book_rendering_with_nested_content" time="0.298" /><testcase classname="tests.property_based.test_spell_properties.TestSpellInvariants" name="test_school_abbreviation_expansion" time="0.007" /><testcase classname="tests.property_based.test_spell_properties.TestSpellInvariants" name="test_spell_components_validation" time="0.020" /><testcase classname="tests.unit.test_creature_filtering_collection.TestCreatureFilterCriteria" name="test_cr_range_parsing" time="0.155" /><testcase classname="tests.property_based.test_spell_properties.TestSpellInvariants" name="test_spell_serialization_roundtrip" time="0.331" /><testcase classname="tests.unit.models.test_creature_stat_blocks.TestCreatureStatBlockRendering" name="test_challenge_rating_with_xp" time="0.180" /><testcase classname="tests.unit.models.test_creature_markup_processing.TestCreatureMarkupProcessing" name="test_armor_class_markup_processing" time="0.200" /><testcase classname="tests.renderers.latex.images.test_format_converter.TestFormatConverter" name="test_is_conversion_needed_pdf" time="0.197" /><testcase classname="tests.unit.test_omnidexer.TestOmnidexer" name="test_get_all_by_source" time="0.502" /><testcase classname="tests.unit.test_creature_filtering_collection.TestCreatureFilterCriteria" name="test_fractional_cr_validation" time="0.155" /><testcase classname="tests.renderers.latex.test_book_rendering_integration.TestBookRenderingIntegration" name="test_book_chapter_numbering_in_output" time="0.252" /><testcase classname="tests.unit.models.test_creature_stat_blocks.TestCreatureStatBlockRendering" name="test_saving_throws_formatting" time="0.168" /><testcase classname="tests.renderers.latex.images.test_format_converter.TestFormatConverter" name="test_is_conversion_needed_unknown" time="0.161" /><testcase classname="tests.unit.models.test_creature_markup_processing.TestCreatureMarkupProcessing" name="test_senses_markup_processing" time="0.208" /><testcase classname="tests.unit.test_creature_filtering_collection.TestCreatureFilterCriteria" name="test_cr_validation_bounds" time="0.173" /><testcase classname="tests.property_based.test_spell_properties.TestSpellInvariants" name="test_spell_level_text_formatting" time="0.526" /><testcase classname="tests.renderers.latex.images.test_format_converter.TestFormatConverter" name="test_convert_webp_to_png_file_not_found" time="0.168" /><testcase classname="tests.unit.models.test_creature_stat_blocks.TestCreatureStatBlockRendering" name="test_skills_formatting" time="0.182" /><testcase classname="tests.renderers.latex.test_book_rendering_integration.TestBookRenderingIntegration" name="test_book_metadata_inclusion" time="0.262" /><testcase classname="tests.unit.models.test_creature_markup_processing.TestCreatureMarkupProcessing" name="test_markup_processing_fallback" time="0.183" /><testcase classname="tests.unit.test_creature_filtering_collection.TestCreatureFilterCriteria" name="test_creature_name_filtering" time="0.167" /><testcase classname="tests.unit.test_omnidexer.TestOmnidexer" name="test_search_functionality" time="0.436" /><testcase classname="tests.unit.models.test_creature_stat_blocks.TestCreatureStatBlockRendering" name="test_senses_processing" time="0.174" /><testcase classname="tests.renderers.latex.images.test_format_converter.TestFormatConverter" name="test_convert_webp_to_png_success" time="0.195" /><testcase classname="tests.unit.test_creature_filtering_collection.TestCreatureFilterCriteria" name="test_size_filtering" time="0.179" /><testcase classname="tests.unit.models.test_creature_markup_processing.TestCreatureMarkupProcessing" name="test_complex_entry_markup_processing" time="0.209" /><testcase classname="tests.renderers.latex.test_book_rendering_integration.TestBookRenderingIntegration" name="test_multiple_books_rendering" time="0.292" /><testcase classname="tests.unit.models.test_creature_stat_blocks.TestCreatureStatBlockRendering" name="test_damage_resistances_formatting" time="0.162" /><testcase classname="tests.renderers.latex.images.test_format_converter.TestFormatConverter" name="test_convert_webp_to_png_custom_output" time="0.152" /><testcase classname="tests.unit.test_creature_filtering_collection.TestCreatureFilterCriteria" name="test_alignment_filtering" time="0.141" /><testcase classname="tests.unit.models.test_creature_markup_processing.TestCreatureMarkupProcessing" name="test_rendering_context_creation" time="0.145" /><testcase classname="tests.property_based.test_spell_properties.TestSpellInvariants" name="test_spell_components_text_formatting" time="0.707" /><testcase classname="tests.cli.commands.test_base_convert_command.TestBaseConvertCommand" name="test_init" time="1.251" /><testcase classname="tests.renderers.latex.images.test_format_converter.TestFormatConverter" name="test_convert_to_compatible_format_webp" time="0.190" /><testcase classname="tests.unit.test_creature_filtering_collection.TestCreatureFilterCriteria" name="test_source_filtering" time="0.178" /><testcase classname="tests.unit.test_omnidexer.TestOmnidexer" name="test_search_by_name_prefix" time="0.478" /><testcase classname="tests.unit.models.test_creature_markup_processing.TestCreatureMarkupProcessing" name="test_attack_markup_processing" time="0.203" /><testcase classname="tests.renderers.latex.test_book_rendering_integration.TestBookRenderingIntegration" name="test_book_rendering_error_handling" time="0.288" /><testcase classname="tests.unit.test_creature_filtering_collection.TestCreatureFilterCriteria" name="test_complex_filter_criteria" time="0.124" /><testcase classname="tests.renderers.latex.images.test_format_converter.TestFormatConverter" name="test_convert_to_compatible_format_png" time="0.189" /><testcase classname="tests.unit.models.test_creature_markup_processing.TestCreatureMarkupProcessing" name="test_spell_reference_markup" time="0.221" /><testcase classname="tests.unit.test_creature_filtering_collection.TestCreatureFilterCriteria" name="test_is_name_only_filter" time="0.214" /><testcase classname="tests.renderers.latex.test_book_rendering_integration.TestBookRenderingIntegration" name="test_book_rendering_without_chapters" time="0.281" /><testcase classname="tests.renderers.latex.images.test_format_converter.TestFormatConverter" name="test_convert_to_compatible_format_unknown" time="0.231" /><testcase classname="tests.unit.models.test_creature_markup_processing.TestCreatureMarkupProcessing" name="test_condition_markup_processing" time="0.229" /><testcase classname="tests.unit.test_creature_filtering_collection.TestCreatureFilterCriteria" name="test_sorting_mode_options" time="0.174" /><testcase classname="tests.property_based.test_spell_properties.TestSpellInvariants" name="test_spell_name_non_empty" time="0.568" /><testcase classname="tests.unit.test_omnidexer.TestOmnidexer" name="test_is_loaded_check" time="0.565" /><testcase classname="tests.cli.commands.test_setup_commands.TestSetupHelperFunctions" name="test_setup_defaults" time="0.186" /><testcase classname="tests.renderers.latex.test_book_rendering_integration.TestBookRenderingIntegration" name="test_book_compilation_integration" time="0.312" /><testcase classname="tests.unit.models.test_creature_markup_processing.TestCreatureMarkupProcessing" name="test_recharge_markup_processing" time="0.149" /><testcase classname="tests.core.text.test_tag_types.TestContentReference" name="test_content_reference_creation_minimal" time="0.000" /><testcase classname="tests.core.text.test_tag_types.TestContentReference" name="test_content_reference_creation_full" time="0.001" /><testcase classname="tests.core.text.test_tag_types.TestContentReference" name="test_content_reference_name_validation" time="0.001" /><testcase classname="tests.core.loaders.test_metadata_content_detection.TestMetadataContentDetection" name="test_detect_adventure_metadata_file" time="0.138" /><testcase classname="tests.core.text.test_tag_types.TestContentReference" name="test_content_reference_source_validation" time="0.002" /><testcase classname="tests.core.text.test_tag_types.TestContentReference" name="test_content_reference_display_text_validation" time="0.001" /><testcase classname="tests.core.text.test_tag_types.TestContentReference" name="test_content_reference_is_resolved_property" time="0.001" /><testcase classname="tests.core.text.test_tag_types.TestContentReference" name="test_content_reference_effective_name_property" time="0.002" /><testcase classname="tests.core.text.test_tag_types.TestContentReference" name="test_content_reference_str_method" time="0.001" /><testcase classname="tests.core.text.test_tag_types.TestContentReference" name="test_content_reference_frozen_config" time="0.000" /><testcase classname="tests.core.text.test_tag_types.TestContentReference" name="test_content_reference_arbitrary_types_allowed" time="0.001" /><testcase classname="tests.cli.commands.test_setup_commands.TestSetupHelperFunctions" name="test_setup_custom_with_defaults" time="0.132" /><testcase classname="tests.core.loaders.test_metadata_content_detection.TestMetadataContentDetection" name="test_detect_adventure_content_file" time="0.168" /><testcase classname="tests.renderers.latex.test_book_rendering_integration.TestBookRenderingIntegration" name="test_book_rendering_with_custom_context" time="0.220" /><testcase classname="tests.cli.commands.test_setup_commands.TestSetupHelperFunctions" name="test_setup_custom_with_additional_sources" time="0.159" /><testcase classname="tests.core.loaders.test_metadata_content_detection.TestMetadataContentDetection" name="test_detect_book_metadata_file" time="0.114" /><testcase classname="tests.unit.test_omnidexer.TestOmnidexer" name="test_statistics" time="0.390" /><testcase classname="tests.cli.test_config_integration.TestCLIConfigIntegration" name="test_cli_default_config" time="0.050" /><testcase classname="tests.cli.commands.test_setup_commands.TestSetupHelperFunctions" name="test_setup_local_valid_directory" time="0.133" /><testcase classname="tests.cli.test_config_integration.TestCLIConfigIntegration" name="test_cli_with_config_file" time="0.207" /><testcase classname="tests.core.loaders.test_metadata_content_detection.TestMetadataContentDetection" name="test_detect_book_content_file" time="0.141" /><testcase classname="tests.renderers.latex.test_book_rendering_integration.TestBookRenderingIntegration" name="test_book_rendering_performance_baseline" time="0.246" /><testcase classname="tests.property_based.test_spell_properties.TestSpellInvariants" name="test_spell_latex_safety" time="0.632" /><testcase classname="tests.cli.commands.test_setup_commands.TestSetupHelperFunctions" name="test_setup_local_invalid_path" time="0.138" /><testcase classname="tests.cli.commands.test_base_convert_command.TestBaseConvertCommand" name="test_apply_config_hierarchy_basic" time="0.752" /><testcase classname="tests.cli.test_config_integration.TestCLIConfigIntegration" name="test_cli_invalid_config_file" time="0.041" /><testcase classname="tests.core.loaders.test_metadata_content_detection.TestMetadataContentDetection" name="test_other_content_types_not_detected_as_metadata" time="0.182" /><testcase classname="tests.cli.test_config_integration.TestCLIConfigIntegration" name="test_cli_nonexistent_config_file" time="0.031" /><testcase classname="tests.cli.commands.test_setup_commands.TestSetupHelperFunctions" name="test_setup_local_not_directory" time="0.145" /><testcase classname="tests.cli.test_config_integration.TestCLIConfigIntegration" name="test_cli_config_validation_error" time="0.053" /><testcase classname="tests.renderers.latex.test_book_rendering_integration.TestBookRenderingIntegration" name="test_book_rendering_memory_usage" time="0.655" /><testcase classname="tests.cli.test_config_integration.TestCLIConfigIntegration" name="test_cli_env_variable_override" time="0.074" /><testcase classname="tests.cli.test_config_integration.TestCLIConfigIntegration" name="test_cli_precedence_file_over_default" time="0.043" /><testcase classname="tests.core.loaders.test_metadata_content_detection.TestMetadataContentDetection" name="test_adventure_metadata_vs_content_distinction" time="0.179" /><testcase classname="tests.cli.test_config_integration.TestCLIConfigIntegration" name="test_cli_config_with_mcp_settings" time="0.055" /><testcase classname="tests.cli.commands.test_setup_commands.TestSetupHelperFunctions" name="test_add_source_interactive_github_success" time="0.189" /><testcase classname="tests.cli.test_config_integration.TestCLIConfigIntegration" name="test_config_global_state_isolation" time="0.071" /><testcase classname="tests.integration.test_creature_edge_cases_real_data.TestCreatureEdgeCasesRealData" name="test_variable_cr_creatures" time="0.897"><skipped type="pytest.skip" message="No variable CR creatures found in dataset">/Users/sam/Code/studiorum/tests/integration/test_creature_edge_cases_real_data.py:64: No variable CR creatures found in dataset</skipped></testcase><testcase classname="tests.core.loaders.test_metadata_content_detection.TestMetadataContentDetection" name="test_book_metadata_vs_content_distinction" time="0.139" /><testcase classname="tests.cli.test_config_integration.TestCLIConfigIntegration" name="test_config_backward_compatibility" time="0.132" /><testcase classname="tests.cli.commands.test_setup_commands.TestSetupHelperFunctions" name="test_add_source_interactive_github_duplicate_name" time="0.212" /><testcase classname="tests.core.loaders.test_metadata_content_detection.TestMetadataContentDetection" name="test_loader_can_still_load_content_files_directly" time="0.270" /><testcase classname="tests.property_based.test_spell_properties.TestSpellInvariants" name="test_spell_time_formatting" time="0.079" /><testcase classname="tests.integration.test_data_source_refactor.TestDataSourceRefactorIntegration" name="test_complete_workflow" time="0.586" /><testcase classname="tests.property_based.test_spell_properties.TestSpellInvariants" name="test_spell_duration_concentration_rules" time="0.021" /><testcase classname="tests.unit.test_adventure_deep_indexing.TestAdventureDeepIndexing" name="test_adventure_implements_deep_indexable" time="0.023" /><testcase classname="tests.cli.commands.test_setup_commands.TestSetupHelperFunctions" name="test_add_source_interactive_directory_success" time="0.194" /><testcase classname="tests.unit.test_adventure_deep_indexing.TestAdventureDeepIndexing" name="test_adventure_with_no_content_returns_empty_list" time="0.244" /><testcase classname="tests.cli.commands.test_base_convert_command.TestBaseConvertCommand" name="test_apply_config_hierarchy_all_cli_args" time="0.696" /><testcase classname="tests.latex_engine.core.images.test_phase3_content_integration.TestBestiaryImageIntegration" name="test_bestiary_integration_initialization" time="0.241" /><testcase classname="tests.core.loaders.test_metadata_content_detection.TestMetadataContentDetection" name="test_loader_can_still_load_book_content_files_directly" time="0.182" /><testcase classname="tests.cli.commands.test_setup_commands.TestSetupHelperFunctions" name="test_add_source_interactive_directory_invalid_path" time="0.130" /><testcase classname="tests.unit.test_adventure_deep_indexing.TestAdventureDeepIndexing" name="test_adventure_with_chapter_but_no_entries" time="0.021" /><testcase classname="tests.renderers.latex.test_document_structure.TestDocumentStructureBuilder" name="test_builder_initialization" time="0.120" /><testcase classname="tests.latex_engine.core.images.test_phase3_content_integration.TestBestiaryImageIntegration" name="test_integrate_creature_images_success" time="0.183" /><testcase classname="tests.unit.test_adventure_deep_indexing.TestAdventureDeepIndexing" name="test_adventure_parses_section_entries" time="0.031" /><testcase classname="tests.core.loaders.test_metadata_content_detection.TestMetadataContentDetection" name="test_loader_processes_metadata_files_normally" time="0.177" /><testcase classname="tests.integration.test_creature_edge_cases_real_data.TestCreatureEdgeCasesRealData" name="test_complex_ac_structures" time="0.616" /><testcase classname="tests.unit.test_adventure_deep_indexing.TestAdventureDeepIndexing" name="test_adventure_parses_table_entries" time="0.020" /><testcase classname="tests.unit.test_adventure_deep_indexing.TestAdventureDeepIndexing" name="test_adventure_parses_inset_entries" time="0.015" /><testcase classname="tests.unit.test_book_deep_indexing.TestBookDeepIndexing" name="test_book_implements_deep_indexable" time="0.001" /><testcase classname="tests.unit.test_book_deep_indexing.TestBookDeepIndexing" name="test_book_parses_section_entries" time="0.138" /><testcase classname="tests.unit.test_adventure_deep_indexing.TestAdventureDeepIndexing" name="test_adventure_parses_nested_sections" time="0.015" /><testcase classname="tests.unit.test_adventure_deep_indexing.TestAdventureDeepIndexing" name="test_adventure_handles_multiple_chapters" time="0.042" /><testcase classname="tests.unit.test_adventure_deep_indexing.TestAdventureDeepIndexing" name="test_adventure_handles_parsing_errors_gracefully" time="0.056" /><testcase classname="tests.renderers.latex.test_document_structure.TestDocumentStructureBuilder" name="test_organize_content_by_type" time="0.170" /><testcase classname="tests.latex_engine.core.images.test_phase3_content_integration.TestBestiaryImageIntegration" name="test_integrate_creature_images_no_images" time="0.188" /><testcase classname="tests.unit.test_adventure_deep_indexing.TestAdventureDeepIndexing" name="test_adventure_generates_unique_hash_keys" time="0.013" /><testcase classname="tests.unit.test_book_deep_indexing.TestBookDeepIndexing" name="test_book_parses_variant_rules" time="0.025" /><testcase classname="tests.unit.test_book_deep_indexing.TestBookDeepIndexing" name="test_book_distinguishes_variant_rules_from_sections" time="0.024" /><testcase classname="tests.unit.test_book_deep_indexing.TestBookDeepIndexing" name="test_book_parses_table_entries" time="0.019" /><testcase classname="tests.integration.test_data_source_refactor.TestDataSourceRefactorIntegration" name="test_cli_config_commands" time="0.221" /><testcase classname="tests.unit.test_book_deep_indexing.TestBookDeepIndexing" name="test_book_parses_inset_entries" time="0.013" /><testcase classname="tests.renderers.latex.test_document_structure.TestDocumentStructureBuilder" name="test_build_adventure_structure" time="0.118" /><testcase classname="tests.unit.test_book_deep_indexing.TestBookDeepIndexing" name="test_book_handles_complex_nested_structure" time="0.026" /><testcase classname="tests.unit.test_book_deep_indexing.TestBookDeepIndexing" name="test_book_handles_5etools_data_format" time="0.018" /><testcase classname="tests.unit.test_book_deep_indexing.TestBookDeepIndexing" name="test_book_generates_appropriate_content_names" time="0.024" /><testcase classname="tests.unit.test_book_deep_indexing.TestBookDeepIndexing" name="test_book_with_multiple_chapters_and_ordinals" time="0.025" /><testcase classname="tests.latex_engine.core.images.test_phase3_content_integration.TestBestiaryImageIntegration" name="test_discover_creature_images" time="0.198" /><testcase classname="tests.unit.test_creature_filtering_collection.TestCreatureCollector" name="test_collect_by_names_only" time="0.184" /><testcase classname="tests.renderers.latex.test_document_structure.TestDocumentStructureBuilder" name="test_build_supplement_structure" time="0.165" /><testcase classname="tests.cli.commands.test_base_convert_command.TestBaseConvertCommand" name="test_apply_config_hierarchy_none_values" time="0.719" /><testcase classname="tests.unit.test_data_validation_stress.TestDataValidationStress" name="test_load_all_spells_no_validation_errors" time="0.095" /><testcase classname="tests.integration.test_data_source_refactor.TestDataSourceRefactorIntegration" name="test_deprecated_cli_commands_removed" time="0.042" /><testcase classname="tests.integration.test_data_source_refactor.TestDataSourceRefactorIntegration" name="test_mcp_tool_integration" time="0.009" /><testcase classname="tests.integration.test_data_source_refactor.TestDataSourceRefactorIntegration" name="test_performance_benchmarks" time="0.453" /><testcase classname="tests.latex_engine.core.images.test_phase3_content_integration.TestBestiaryImageIntegration" name="test_categorize_creature_images" time="0.136" /><testcase classname="tests.unit.test_creature_filtering_collection.TestCreatureCollector" name="test_collect_by_cr_range" time="0.212" /><testcase classname="tests.unit.test_data_validation_stress.TestDataValidationStress" name="test_load_all_creatures_no_validation_errors" time="0.081" /><testcase classname="tests.renderers.latex.test_document_structure.TestDocumentStructureBuilder" name="test_build_article_structure" time="0.139" /><testcase classname="tests.unit.test_data_validation_stress.TestDataValidationStress" name="test_load_all_items_no_validation_errors" time="0.078" /><testcase classname="tests.unit.test_data_validation_stress.TestDataValidationStress" name="test_omnidexer_full_data_load" time="1.037" /><testcase classname="tests.integration.test_creature_edge_cases_real_data.TestCreatureEdgeCasesRealData" name="test_special_speed_configurations" time="0.670"><skipped type="pytest.skip" message="No special speed creatures found">/Users/sam/Code/studiorum/tests/integration/test_creature_edge_cases_real_data.py:125: No special speed creatures found</skipped></testcase><testcase classname="tests.latex_engine.core.images.test_phase3_content_integration.TestBestiaryImageIntegration" name="test_select_optimal_images" time="0.238" /><testcase classname="tests.renderers.latex.test_document_structure.TestDocumentStructureBuilder" name="test_generate_latex_structure" time="0.202" /><testcase classname="tests.unit.test_creature_filtering_collection.TestCreatureCollector" name="test_collect_by_creature_type" time="0.219" /><testcase classname="tests.integration.test_data_source_refactor.TestDataSourceRefactorIntegration" name="test_error_handling_and_recovery" time="0.278" /><testcase classname="tests.renderers.latex.test_document_structure.TestDocumentStructureBuilder" name="test_create_document_context" time="0.212" /><testcase classname="tests.latex_engine.core.images.test_phase3_content_integration.TestBestiaryImageIntegration" name="test_generate_integrated_latex" time="0.243" /><testcase classname="tests.unit.test_creature_filtering_collection.TestCreatureCollector" name="test_collect_by_size" time="0.207" /><testcase classname="tests.cli.commands.test_base_convert_command.TestBaseConvertCommand" name="test_get_content_loader_omnidexer_source" time="0.167" /><testcase classname="tests.unit.test_creature_filtering_collection.TestCreatureCollector" name="test_collect_by_source" time="0.186" /><testcase classname="tests.renderers.latex.test_document_structure.TestDocumentStructureBuilder" name="test_format_content_type_title" time="0.207" /><testcase classname="tests.integration.test_data_source_refactor.TestDataSourceRefactorIntegration" name="test_migration_completed" time="0.089" /><testcase classname="tests.latex_engine.core.images.test_phase3_content_integration.TestBestiaryImageIntegration" name="test_create_bestiary_context" time="0.259" /><testcase classname="tests.integration.test_data_source_refactor.TestDataSourceRefactorIntegration" name="test_configuration_validation" time="0.006" /><testcase classname="tests.integration.test_data_source_refactor.TestDataSourceRefactorIntegration" name="test_extension_management" time="0.002" /><testcase classname="tests.integration.test_data_source_refactor.TestDataSourceRefactorIntegration" name="test_active_sources_tracking" time="0.002" /><testcase classname="tests.core.resolvers.test_content_resolver_on_demand.TestContentResolverOnDemand" name="test_resolver_initializes_content_merger" time="0.034" /><testcase classname="tests.renderers.latex.test_document_structure.TestDocumentStructureBuilder" name="test_generate_label" time="0.152" /><testcase classname="tests.cli.commands.test_base_convert_command.TestBaseConvertCommand" name="test_get_content_loader_file_sources" time="0.807" /><testcase classname="tests.unit.test_creature_filtering_collection.TestCreatureCollector" name="test_collect_with_complex_criteria" time="0.160" /><testcase classname="tests.core.resolvers.test_content_resolver_on_demand.TestContentResolverOnDemand" name="test_enrich_content_non_dual_file_type" time="0.004" /><testcase classname="tests.core.resolvers.test_content_resolver_on_demand.TestContentResolverOnDemand" name="test_enrich_content_adventure_no_id" time="0.008" /><testcase classname="tests.core.resolvers.test_content_resolver_on_demand.TestContentResolverOnDemand" name="test_enrich_content_adventure_success" time="0.002" /><testcase classname="tests.core.resolvers.test_content_resolver_on_demand.TestContentResolverOnDemand" name="test_enrich_content_merger_failure" time="0.002" /><testcase classname="tests.core.resolvers.test_content_resolver_on_demand.TestContentResolverOnDemand" name="test_resolve_adventure_with_enrichment" time="0.019" /><testcase classname="tests.core.resolvers.test_content_resolver_on_demand.TestContentResolverOnDemand" name="test_resolve_book_with_enrichment" time="0.003" /><testcase classname="tests.latex_engine.core.images.test_phase3_content_integration.TestBestiaryImageIntegration" name="test_create_basic_creature_image_latex" time="0.169" /><testcase classname="tests.core.resolvers.test_content_resolver_on_demand.TestContentResolverOnDemand" name="test_resolve_multiple_matches_not_enriched" time="0.004" /><testcase classname="tests.core.resolvers.test_content_resolver_on_demand.TestContentResolverOnDemand" name="test_preferred_match_with_enrichment" time="0.003" /><testcase classname="tests.core.test_async_request_context.TestAsyncRequestContext" name="test_context_creation" time="0.007" /><testcase classname="tests.core.test_async_request_context.TestAsyncRequestContext" name="test_context_with_config" time="0.013" /><testcase classname="tests.core.test_async_request_context.TestAsyncRequestContext" name="test_context_manager_lifecycle" time="0.039" /><testcase classname="tests.renderers.latex.test_document_structure.TestDocumentStructureBuilder" name="test_build_document_structure_integration" time="0.124" /><testcase classname="tests.unit.test_spell_references.TestSpellReferenceParser" name="test_extract_simple_spell_reference" time="0.002" /><testcase classname="tests.unit.test_spell_references.TestSpellReferenceParser" name="test_extract_spell_reference_with_source" time="0.000" /><testcase classname="tests.unit.test_spell_references.TestSpellReferenceParser" name="test_extract_spell_reference_with_display_text" time="0.000" /><testcase classname="tests.unit.test_spell_references.TestSpellReferenceParser" name="test_extract_multiple_spell_references" time="0.002" /><testcase classname="tests.unit.test_spell_references.TestSpellReferenceParser" name="test_extract_no_spell_references" time="0.000" /><testcase classname="tests.unit.test_spell_references.TestSpellReferenceParser" name="test_extract_malformed_spell_reference" time="0.000" /><testcase classname="tests.unit.test_spell_references.TestSpellReferenceParser" name="test_extract_spell_reference_with_many_pipes" time="0.009" /><testcase classname="tests.unit.test_spell_references.TestSpellReferenceParser" name="test_case_insensitive_matching" time="0.002" /><testcase classname="tests.unit.test_spell_references.TestSpellReferenceParser" name="test_multiline_text_extraction" time="0.001" /><testcase classname="tests.unit.test_spell_references.TestSpellReferenceParser" name="test_whitespace_handling" time="0.000" /><testcase classname="tests.unit.test_creature_filtering_collection.TestCreatureCollector" name="test_collect_with_empty_results" time="0.150" /><testcase classname="tests.core.test_async_request_context.TestAsyncRequestContext" name="test_error_collection" time="0.008" /><testcase classname="tests.core.test_async_request_context.TestAsyncRequestContext" name="test_performance_metrics" time="0.004" /><testcase classname="tests.core.test_async_request_context.TestAsyncRequestContext" name="test_service_access_caching" time="0.046" /><testcase classname="tests.core.test_async_request_context.TestAsyncRequestContext" name="test_context_closed_error" time="0.009" /><testcase classname="tests.core.test_async_request_context.TestAsyncRequestContext" name="test_duration_calculation" time="0.018" /><testcase classname="tests.latex_engine.core.images.test_phase3_content_integration.TestBestiaryImageIntegration" name="test_get_integration_statistics" time="0.178" /><testcase classname="tests.core.test_async_request_context.TestAsyncRequestContext" name="test_hot_reload_configuration" time="0.014" /><testcase classname="tests.integration.test_creature_edge_cases_real_data.TestCreatureEdgeCasesRealData" name="test_creatures_with_unusual_types" time="0.941"><skipped type="pytest.skip" message="No unusual type creatures found">/Users/sam/Code/studiorum/tests/integration/test_creature_edge_cases_real_data.py:167: No unusual type creatures found</skipped></testcase><testcase classname="tests.integration.test_adventure_conversion.TestAdventureConversion" name="test_adventure_conversion_produces_content" time="13.570" /><testcase classname="tests.unit.test_creature_filtering_collection.TestCreatureCollector" name="test_collect_with_sorting" time="0.169" /><testcase classname="tests.unit.test_data_validation_stress.TestDataValidationStress" name="test_complex_data_structures_validation" time="0.068" /><testcase classname="tests.unit.test_data_validation_stress.TestDataValidationStress" name="test_file_format_detection_accuracy" time="0.142" /><testcase classname="tests.core.loaders.test_content_sources.TestFileContentSource" name="test_init" time="0.206" /><testcase classname="tests.integration.test_book_resolution.TestBookResolution" name="test_omnidexer_loads_book_with_enriched_content" time="0.799" /><testcase classname="tests.unit.test_creature_filtering_collection.TestCreatureCollector" name="test_omnidexer_integration" time="0.197" /><testcase classname="tests.unit.test_data_validation_stress.TestDataValidationStress" name="test_edge_case_data_structures" time="0.048" /><testcase classname="tests.unit.test_data_validation_stress.TestDataValidationStress" name="test_memory_usage_during_full_load" time="0.673" /><testcase classname="tests.core.loaders.test_content_sources.TestFileContentSource" name="test_get_metadata_nonexistent_file" time="0.170" /><testcase classname="tests.unit.test_creature_filtering_collection.TestCreatureCollector" name="test_error_handling" time="0.193" /><testcase classname="tests.core.loaders.test_content_sources.TestFileContentSource" name="test_get_metadata_existing_file" time="0.196" /><testcase classname="tests.cli.commands.test_base_convert_command.TestBaseConvertCommand" name="test_get_content_reference_manager" time="0.202" /><testcase classname="tests.core.loaders.test_content_sources.TestFileContentSource" name="test_validate_nonexistent_file" time="0.131" /><testcase classname="tests.cli.commands.test_base_convert_command.TestBaseConvertCommand" name="test_validate_output_directory_exists" time="0.645" /><testcase classname="tests.latex_engine.core.images.test_gallery_decorative.TestGalleryProcessorDecorative" name="test_enhanced_showcase_layout_generation" time="0.250" /><testcase classname="tests.integration.test_creature_edge_cases_real_data.TestCreatureEdgeCasesRealData" name="test_creatures_with_extreme_stats" time="0.735" /><testcase classname="tests.latex_engine.core.images.test_gallery_decorative.TestGalleryProcessorDecorative" name="test_showcase_without_decorative_elements" time="0.151" /><testcase classname="tests.core.loaders.test_content_sources.TestFileContentSource" name="test_validate_valid_file" time="0.198" /><testcase classname="tests.integration.test_book_resolution.TestBookResolution" name="test_resolve_book_phb_success" time="0.763" /><testcase classname="tests.latex_engine.core.images.test_gallery_decorative.TestGalleryProcessorDecorative" name="test_decorative_header_generation" time="0.170" /><testcase classname="tests.unit.test_data_validation_stress.TestDataValidationStress" name="test_concurrent_data_loading" time="2.319" /><testcase classname="tests.core.loaders.test_content_sources.TestFileContentSource" name="test_validate_invalid_json" time="0.167" /><testcase classname="tests.latex_engine.core.images.test_gallery_decorative.TestGalleryProcessorDecorative" name="test_decorative_header_styles" time="0.132" /><testcase classname="tests.core.loaders.test_content_sources.TestFileContentSource" name="test_load_with_specific_content_type" time="0.174" /><testcase classname="tests.latex_engine.core.images.test_gallery_decorative.TestGalleryProcessorDecorative" name="test_decorative_footer_generation" time="0.145" /><testcase classname="tests.cli.commands.test_base_convert_command.TestBaseConvertCommand" name="test_validate_output_directory_not_exists" time="0.672" /><testcase classname="tests.core.loaders.test_content_sources.TestFileContentSource" name="test_load_auto_detect_content_type" time="0.146" /><testcase classname="tests.latex_engine.core.images.test_gallery_decorative.TestGalleryProcessorDecorative" name="test_decorative_footer_styles" time="0.140" /><testcase classname="tests.core.loaders.test_content_sources.TestFileContentSource" name="test_caching_behavior" time="0.171" /><testcase classname="tests.mcp.tools.test_data_tools.TestSourceAttributionMCPTool" name="test_list_sources" time="0.009" /><testcase classname="tests.mcp.tools.test_data_tools.TestSourceAttributionMCPTool" name="test_resolve_known_source" time="0.006" /><testcase classname="tests.mcp.tools.test_data_tools.TestSourceAttributionMCPTool" name="test_resolve_unknown_source" time="0.005" /><testcase classname="tests.mcp.tools.test_data_tools.TestSourceAttributionMCPTool" name="test_set_priority_action" time="0.004" /><testcase classname="tests.latex_engine.core.images.test_gallery_decorative.TestGalleryProcessorDecorative" name="test_required_packages_with_decorative" time="0.136" /><testcase classname="tests.mcp.tools.test_data_tools.TestSourceAttributionMCPTool" name="test_set_priority_negative" time="0.006" /><testcase classname="tests.mcp.tools.test_data_tools.TestSourceAttributionMCPTool" name="test_info_action" time="0.007" /><testcase classname="tests.mcp.tools.test_data_tools.TestSourceAttributionMCPTool" name="test_missing_parameters" time="0.005" /><testcase classname="tests.mcp.tools.test_data_tools.TestSourceAttributionMCPTool" name="test_missing_context" time="0.003" /><testcase classname="tests.mcp.tools.test_data_tools.TestSourceAttributionMCPTool" name="test_service_exception" time="0.017" /><testcase classname="tests.property_based.test_creature_properties.TestCreatureInvariants" name="test_ability_score_constraints" time="0.476" /><testcase classname="tests.latex_engine.core.images.test_gallery_decorative.TestGalleryProcessorDecorative" name="test_required_packages_without_decorative" time="0.136" /><testcase classname="tests.integration.test_book_resolution.TestBookResolution" name="test_resolve_book_test_success" time="0.709" /><testcase classname="tests.latex_engine.core.images.test_gallery_decorative.TestGalleryProcessorDecorative" name="test_extract_image_path" time="0.150" /><testcase classname="tests.performance.test_creature_real_data_benchmarks.TestCreatureRealDataPerformanceBenchmarks" name="test_real_data_loading_performance_benchmark" time="0.000"><skipped type="pytest.skip" message="Requires at least 100 creatures for meaningful testing. Run 'make test-full-data' to test with full dataset (sets STUDIORUM_TEST_FULL_DATA=1).">/Users/sam/Code/studiorum/tests/performance/test_creature_real_data_benchmarks.py:67: Requires at least 100 creatures for meaningful testing. Run 'make test-full-data' to test with full dataset (sets STUDIORUM_TEST_FULL_DATA=1).</skipped></testcase><testcase classname="tests.performance.test_creature_real_data_benchmarks.TestCreatureRealDataPerformanceBenchmarks" name="test_real_data_stat_block_generation_performance" time="0.001"><skipped type="pytest.skip" message="Requires at least 100 creatures for meaningful testing. Run 'make test-full-data' to test with full dataset (sets STUDIORUM_TEST_FULL_DATA=1).">/Users/sam/Code/studiorum/tests/performance/test_creature_real_data_benchmarks.py:84: Requires at least 100 creatures for meaningful testing. Run 'make test-full-data' to test with full dataset (sets STUDIORUM_TEST_FULL_DATA=1).</skipped></testcase><testcase classname="tests.performance.test_creature_real_data_benchmarks.TestCreatureRealDataPerformanceBenchmarks" name="test_real_data_ability_modifier_calculation_performance" time="0.000"><skipped type="pytest.skip" message="Requires at least 100 creatures for meaningful testing. Run 'make test-full-data' to test with full dataset (sets STUDIORUM_TEST_FULL_DATA=1).">/Users/sam/Code/studiorum/tests/performance/test_creature_real_data_benchmarks.py:127: Requires at least 100 creatures for meaningful testing. Run 'make test-full-data' to test with full dataset (sets STUDIORUM_TEST_FULL_DATA=1).</skipped></testcase><testcase classname="tests.performance.test_creature_real_data_benchmarks.TestCreatureRealDataPerformanceBenchmarks" name="test_real_data_complex_creature_processing_performance" time="0.000"><skipped type="pytest.skip" message="Requires at least 100 creatures for meaningful testing. Run 'make test-full-data' to test with full dataset (sets STUDIORUM_TEST_FULL_DATA=1).">/Users/sam/Code/studiorum/tests/performance/test_creature_real_data_benchmarks.py:176: Requires at least 100 creatures for meaningful testing. Run 'make test-full-data' to test with full dataset (sets STUDIORUM_TEST_FULL_DATA=1).</skipped></testcase><testcase classname="tests.performance.test_creature_real_data_benchmarks.TestCreatureRealDataPerformanceBenchmarks" name="test_real_data_collection_performance_scalability" time="0.000"><skipped type="pytest.skip" message="Requires at least 100 creatures for meaningful testing. Run 'make test-full-data' to test with full dataset (sets STUDIORUM_TEST_FULL_DATA=1).">/Users/sam/Code/studiorum/tests/performance/test_creature_real_data_benchmarks.py:257: Requires at least 100 creatures for meaningful testing. Run 'make test-full-data' to test with full dataset (sets STUDIORUM_TEST_FULL_DATA=1).</skipped></testcase><testcase classname="tests.performance.test_creature_real_data_benchmarks.TestCreatureRealDataPerformanceBenchmarks" name="test_real_data_memory_usage_patterns" time="0.000"><skipped type="pytest.skip" message="Requires at least 100 creatures for meaningful testing. Run 'make test-full-data' to test with full dataset (sets STUDIORUM_TEST_FULL_DATA=1).">/Users/sam/Code/studiorum/tests/performance/test_creature_real_data_benchmarks.py:291: Requires at least 100 creatures for meaningful testing. Run 'make test-full-data' to test with full dataset (sets STUDIORUM_TEST_FULL_DATA=1).</skipped></testcase><testcase classname="tests.performance.test_creature_real_data_benchmarks.TestCreatureRealDataPerformanceBenchmarks" name="test_real_data_filtering_performance_by_complexity" time="0.000"><skipped type="pytest.skip" message="Requires at least 100 creatures for meaningful testing. Run 'make test-full-data' to test with full dataset (sets STUDIORUM_TEST_FULL_DATA=1).">/Users/sam/Code/studiorum/tests/performance/test_creature_real_data_benchmarks.py:351: Requires at least 100 creatures for meaningful testing. Run 'make test-full-data' to test with full dataset (sets STUDIORUM_TEST_FULL_DATA=1).</skipped></testcase><testcase classname="tests.performance.test_creature_real_data_benchmarks.TestCreatureRealDataPerformanceBenchmarks" name="test_real_data_bulk_validation_performance" time="0.000"><skipped type="pytest.skip" message="Requires at least 100 creatures for meaningful testing. Run 'make test-full-data' to test with full dataset (sets STUDIORUM_TEST_FULL_DATA=1).">/Users/sam/Code/studiorum/tests/performance/test_creature_real_data_benchmarks.py:399: Requires at least 100 creatures for meaningful testing. Run 'make test-full-data' to test with full dataset (sets STUDIORUM_TEST_FULL_DATA=1).</skipped></testcase><testcase classname="tests.performance.test_creature_real_data_benchmarks.TestCreatureRealDataPerformanceBenchmarks" name="test_real_data_worst_case_performance" time="0.001"><skipped type="pytest.skip" message="Requires at least 100 creatures for meaningful testing. Run 'make test-full-data' to test with full dataset (sets STUDIORUM_TEST_FULL_DATA=1).">/Users/sam/Code/studiorum/tests/performance/test_creature_real_data_benchmarks.py:456: Requires at least 100 creatures for meaningful testing. Run 'make test-full-data' to test with full dataset (sets STUDIORUM_TEST_FULL_DATA=1).</skipped></testcase><testcase classname="tests.renderers.core.test_unified_renderer.TestEnhancementPipelineBuilder" name="test_empty_builder" time="0.001" /><testcase classname="tests.renderers.core.test_unified_renderer.TestEnhancementPipelineBuilder" name="test_add_latex_formatting" time="0.000" /><testcase classname="tests.renderers.core.test_unified_renderer.TestEnhancementPipelineBuilder" name="test_add_hyperlinks" time="0.000" /><testcase classname="tests.renderers.core.test_unified_renderer.TestEnhancementPipelineBuilder" name="test_add_content_tracking" time="0.001" /><testcase classname="tests.renderers.core.test_unified_renderer.TestEnhancementPipelineBuilder" name="test_add_validation" time="0.001" /><testcase classname="tests.renderers.core.test_unified_renderer.TestEnhancementPipelineBuilder" name="test_add_custom_enhancer" time="0.000" /><testcase classname="tests.renderers.core.test_unified_renderer.TestEnhancementPipelineBuilder" name="test_method_chaining" time="0.000" /><testcase classname="tests.renderers.core.test_unified_renderer.TestEnhancementPipelineBuilder" name="test_build_pipeline" time="0.000" /><testcase classname="tests.renderers.core.test_unified_renderer.TestEnhancementPipelineBuilder" name="test_build_composite" time="0.001" /><testcase classname="tests.renderers.latex.test_compilation_config.TestEnginePackageCompatibility" name="test_engine_package_compatibility_matrix" time="0.001" /><testcase classname="tests.renderers.latex.test_compilation_config.TestEnginePackageCompatibility" name="test_is_engine_compatible_with_packages" time="0.001" /><testcase classname="tests.renderers.latex.test_compilation_config.TestEnginePackageCompatibility" name="test_get_compatible_engines" time="0.001" /><testcase classname="tests.renderers.latex.test_compilation_config.TestEnginePackageCompatibility" name="test_get_filtered_fallback_engines" time="0.000" /><testcase classname="tests.renderers.latex.test_compilation_config.TestEnginePackageCompatibility" name="test_validate_engine_package_compatibility_success" time="0.001" /><testcase classname="tests.renderers.latex.test_compilation_config.TestEnginePackageCompatibility" name="test_validate_engine_package_compatibility_primary_error" time="0.000" /><testcase classname="tests.renderers.latex.test_compilation_config.TestEnginePackageCompatibility" name="test_validate_engine_package_compatibility_no_fallbacks" time="0.000" /><testcase classname="tests.renderers.latex.test_compilation_config.TestEnginePackageCompatibility" name="test_validate_config_includes_compatibility" time="0.001" /><testcase classname="tests.renderers.latex.test_compilation_config.TestEnginePackageCompatibility" name="test_default_config_fontspec_compatibility" time="0.001" /><testcase classname="tests.cli.commands.test_base_convert_command.TestBaseConvertCommand" name="test_validate_output_directory_not_directory" time="0.693" /><testcase classname="tests.unit.test_creature_filtering_collection.TestCreatureFilteringIntegration" name="test_filter_by_cr_range_integration" time="0.134" /><testcase classname="tests.property_based.test_creature_properties.TestCreatureInvariants" name="test_challenge_rating_validity" time="0.058" /><testcase classname="tests.property_based.test_creature_properties.TestCreatureInvariants" name="test_creature_size_validity" time="0.007" /><testcase classname="tests.property_based.test_creature_properties.TestCreatureInvariants" name="test_creature_type_validity" time="0.013" /><testcase classname="tests.property_based.test_creature_properties.TestCreatureInvariants" name="test_alignment_validity" time="0.015" /><testcase classname="tests.unit.test_creature_filtering_collection.TestCreatureFilteringIntegration" name="test_filter_by_type_integration" time="0.158" /><testcase classname="tests.property_based.test_creature_properties.TestCreatureInvariants" name="test_damage_type_validity" time="0.236" /><testcase classname="tests.unit.test_creature_filtering_collection.TestCreatureFilteringIntegration" name="test_filter_by_multiple_criteria_integration" time="0.156" /><testcase classname="tests.integration.test_book_resolution.TestBookResolution" name="test_resolve_nonexistent_book" time="0.851" /><testcase classname="tests.property_based.test_creature_properties.TestCreatureInvariants" name="test_condition_immunity_validity" time="0.265" /><testcase classname="tests.unit.test_creature_filtering_collection.TestCreatureFilteringIntegration" name="test_encounter_building_scenario" time="0.156" /><testcase classname="tests.mcp.tools.encounter.test_themes_pydantic.TestEnvironmentalProfile" name="test_valid_environmental_profile_creation" time="0.002" /><testcase classname="tests.mcp.tools.encounter.test_themes_pydantic.TestEnvironmentalProfile" name="test_default_values" time="0.000" /><testcase classname="tests.mcp.tools.encounter.test_themes_pydantic.TestEnvironmentalProfile" name="test_creature_affinities_initialization" time="0.000" /><testcase classname="tests.mcp.tools.encounter.test_themes_pydantic.TestEnvironmentalProfile" name="test_json_serialization" time="0.002" /><testcase classname="tests.mcp.tools.encounter.test_themes_pydantic.TestEnvironmentalProfile" name="test_validation_errors" time="0.001" /><testcase classname="tests.mcp.tools.encounter.test_themes_pydantic.TestEnvironmentalProfile" name="test_creature_affinity_validation" time="0.001" /><testcase classname="tests.mcp.tools.encounter.test_themes_pydantic.TestEnvironmentalProfile" name="test_weather_validation" time="0.024" /><testcase classname="tests.mcp.tools.encounter.test_themes_pydantic.TestEnvironmentalProfile" name="test_pattern_validation" time="0.001" /><testcase classname="tests.mcp.tools.encounter.test_themes_pydantic.TestEnvironmentalProfile" name="test_model_config" time="0.002" /><testcase classname="tests.unit.test_creature_filtering_collection.TestCreatureFilteringIntegration" name="test_dm_reference_scenario" time="0.164" /><testcase classname="tests.property_based.test_creature_properties.TestCreatureInvariants" name="test_speed_values_validity" time="0.185" /><testcase classname="tests.cli.commands.test_convert_creatures.TestConvertCreatureCommand" name="test_convert_single_creature_help" time="0.313" /><testcase classname="tests.integration.test_creature_edge_cases_real_data.TestCreatureEdgeCasesRealData" name="test_creatures_with_complex_spellcasting" time="2.111"><skipped type="pytest.skip" message="No complex spellcasting creatures found">/Users/sam/Code/studiorum/tests/integration/test_creature_edge_cases_real_data.py:301: No complex spellcasting creatures found</skipped></testcase><testcase classname="tests.unit.test_creature_filtering_collection.TestCreatureFilteringIntegration" name="test_high_level_campaign_scenario" time="0.153" /><testcase classname="tests.property_based.test_creature_properties.TestCreatureInvariants" name="test_senses_validity" time="0.167" /><testcase classname="tests.unit.test_creature_filtering_collection.TestCreatureFilteringIntegration" name="test_source_specific_filtering" time="0.158" /><testcase classname="tests.cli.commands.test_convert_hybrid.TestHybridParameterDetection" name="test_resolve_content_or_file_with_existing_file" time="0.002" /><testcase classname="tests.cli.commands.test_convert_hybrid.TestHybridParameterDetection" name="test_resolve_content_or_file_with_abbreviation" time="0.002" /><testcase classname="tests.cli.commands.test_convert_hybrid.TestHybridParameterDetection" name="test_load_from_file_adventure" time="0.002" /><testcase classname="tests.cli.commands.test_convert_hybrid.TestHybridParameterDetection" name="test_load_from_file_book" time="0.002" /><testcase classname="tests.cli.commands.test_convert_hybrid.TestHybridParameterDetection" name="test_handle_resolution_result_success" time="0.016" /><testcase classname="tests.cli.commands.test_convert_creatures.TestConvertCreatureCommand" name="test_convert_single_creature_validation" time="0.876" /><testcase classname="tests.cli.commands.test_convert_hybrid.TestHybridParameterDetection" name="test_handle_resolution_result_multiple_matches" time="0.002" /><testcase classname="tests.cli.commands.test_convert_hybrid.TestHybridParameterDetection" name="test_handle_resolution_result_no_match_with_suggestions" time="0.001" /><testcase classname="tests.cli.commands.test_convert_hybrid.TestHybridParameterDetection" name="test_handle_resolution_result_no_match_no_suggestions" time="0.002" /><testcase classname="tests.unit.test_creature_filtering_collection.TestCreatureFilteringIntegration" name="test_empty_result_handling" time="0.147" /><testcase classname="tests.core.registry.test_phase4_migration.TestPhase4Migration" name="test_trap_content_type_registration" time="0.163" /><testcase classname="tests.integration.test_book_resolution.TestBookResolution" name="test_book_metadata_preservation" time="0.827" /><testcase classname="tests.unit.test_creature_filtering_collection.TestCreatureFilteringIntegration" name="test_performance_with_realistic_dataset" time="0.186" /><testcase classname="tests.unit.test_data_validation_stress.TestDataValidationStress" name="test_validation_error_categorization" time="0.046"><skipped type="pytest.skip" message="No validation warnings to categorize">/Users/sam/Code/studiorum/tests/unit/test_data_validation_stress.py:511: No validation warnings to categorize</skipped></testcase><testcase classname="tests.latex_engine.core.images.test_integration.TestFactoryFunctions" name="test_create_enhanced_placer_default" time="0.267" /><testcase classname="tests.core.registry.test_phase4_migration.TestPhase4Migration" name="test_object_content_type_registration" time="0.214" /><testcase classname="tests.core.registry.test_content_type_registry.TestContentTypeRegistry" name="test_register_and_get" time="0.328" /><testcase classname="tests.integration.test_creature_edge_cases_real_data.TestCreatureEdgeCasesRealData" name="test_creatures_with_legendary_and_lair_actions" time="0.689" /><testcase classname="tests.latex_engine.core.images.test_integration.TestFactoryFunctions" name="test_create_enhanced_placer_custom_config" time="0.005" /><testcase classname="tests.latex_engine.core.images.test_integration.TestFactoryFunctions" name="test_create_enhanced_placer_minimal_features" time="0.003" /><testcase classname="tests.latex_engine.core.images.test_integration.TestFactoryFunctions" name="test_create_layout_analyzer_default" time="0.002" /><testcase classname="tests.latex_engine.core.images.test_integration.TestFactoryFunctions" name="test_create_output_optimizer_default" time="0.001" /><testcase classname="tests.latex_engine.core.images.test_integration.TestFactoryFunctions" name="test_create_output_optimizer_custom_cache" time="0.001" /><testcase classname="tests.latex_engine.core.images.test_integration.TestFactoryFunctions" name="test_create_specialized_strategy_bestiary" time="0.023" /><testcase classname="tests.latex_engine.core.images.test_integration.TestFactoryFunctions" name="test_create_content_context_from_hint_creature" time="0.000" /><testcase classname="tests.core.registry.test_phase4_migration.TestPhase4Migration" name="test_cult_content_type_registration" time="0.174" /><testcase classname="tests.latex_engine.core.images.test_integration.TestFactoryFunctions" name="test_create_content_context_from_hint_with_additional" time="0.000" /><testcase classname="tests.core.text.test_tag_types.TestFormattingNode" name="test_formatting_node_creation" time="0.000" /><testcase classname="tests.core.text.test_tag_types.TestFormattingNode" name="test_formatting_node_content_validation" time="0.001" /><testcase classname="tests.core.text.test_tag_types.TestFormattingNode" name="test_formatting_node_str_method" time="0.000" /><testcase classname="tests.core.text.test_tag_types.TestFormattingNode" name="test_formatting_node_frozen_config" time="0.000" /><testcase classname="tests.core.text.test_tag_types.TestFormattingNode" name="test_formatting_node_all_format_types[bold]" time="0.000" /><testcase classname="tests.core.text.test_tag_types.TestFormattingNode" name="test_formatting_node_all_format_types[italic]" time="0.000" /><testcase classname="tests.core.text.test_tag_types.TestFormattingNode" name="test_formatting_node_all_format_types[monospace]" time="0.000" /><testcase classname="tests.core.text.test_tag_types.TestFormattingNode" name="test_formatting_node_all_format_types[emphasis]" time="0.001" /><testcase classname="tests.integration.test_full_dataset_validation.TestFullDatasetValidation" name="test_full_spell_dataset_validation" time="0.000"><skipped type="pytest.skip" message="Requires full 5etools data with sources ['xphb', 'xmm', 'xdmg']. Run 'make test-full-data' to test with full dataset (sets STUDIORUM_TEST_FULL_DATA=1).">/Users/sam/Code/studiorum/tests/integration/test_full_dataset_validation.py:149: Requires full 5etools data with sources ['xphb', 'xmm', 'xdmg']. Run 'make test-full-data' to test with full dataset (sets STUDIORUM_TEST_FULL_DATA=1).</skipped></testcase><testcase classname="tests.integration.test_full_dataset_validation.TestFullDatasetValidation" name="test_full_creature_dataset_validation" time="0.000"><skipped type="pytest.skip" message="Requires full 5etools data with sources ['xphb', 'xmm', 'xdmg']. Run 'make test-full-data' to test with full dataset (sets STUDIORUM_TEST_FULL_DATA=1).">/Users/sam/Code/studiorum/tests/integration/test_full_dataset_validation.py:196: Requires full 5etools data with sources ['xphb', 'xmm', 'xdmg']. Run 'make test-full-data' to test with full dataset (sets STUDIORUM_TEST_FULL_DATA=1).</skipped></testcase><testcase classname="tests.integration.test_full_dataset_validation.TestFullDatasetValidation" name="test_full_item_dataset_validation" time="0.000"><skipped type="pytest.skip" message="Requires full 5etools data with sources ['xphb', 'xmm', 'xdmg']. Run 'make test-full-data' to test with full dataset (sets STUDIORUM_TEST_FULL_DATA=1).">/Users/sam/Code/studiorum/tests/integration/test_full_dataset_validation.py:245: Requires full 5etools data with sources ['xphb', 'xmm', 'xdmg']. Run 'make test-full-data' to test with full dataset (sets STUDIORUM_TEST_FULL_DATA=1).</skipped></testcase><testcase classname="tests.integration.test_full_dataset_validation.TestFullDatasetValidation" name="test_omnidexer_full_dataset_load" time="0.000"><skipped type="pytest.skip" message="Requires full 5etools data with sources ['xphb', 'xmm', 'xdmg']. Run 'make test-full-data' to test with full dataset (sets STUDIORUM_TEST_FULL_DATA=1).">/Users/sam/Code/studiorum/tests/integration/test_full_dataset_validation.py:292: Requires full 5etools data with sources ['xphb', 'xmm', 'xdmg']. Run 'make test-full-data' to test with full dataset (sets STUDIORUM_TEST_FULL_DATA=1).</skipped></testcase><testcase classname="tests.integration.test_full_dataset_validation.TestFullDatasetValidation" name="test_data_consistency_across_loaders" time="0.000"><skipped type="pytest.skip" message="Requires full 5etools data with sources ['xphb', 'xmm', 'xdmg']. Run 'make test-full-data' to test with full dataset (sets STUDIORUM_TEST_FULL_DATA=1).">/Users/sam/Code/studiorum/tests/integration/test_full_dataset_validation.py:374: Requires full 5etools data with sources ['xphb', 'xmm', 'xdmg']. Run 'make test-full-data' to test with full dataset (sets STUDIORUM_TEST_FULL_DATA=1).</skipped></testcase><testcase classname="tests.integration.test_full_dataset_validation.TestFullDatasetValidation" name="test_memory_efficiency_large_dataset" time="0.001"><skipped type="pytest.skip" message="Requires full 5etools data with sources ['xphb', 'xmm', 'xdmg']. Run 'make test-full-data' to test with full dataset (sets STUDIORUM_TEST_FULL_DATA=1).">/Users/sam/Code/studiorum/tests/integration/test_full_dataset_validation.py:401: Requires full 5etools data with sources ['xphb', 'xmm', 'xdmg']. Run 'make test-full-data' to test with full dataset (sets STUDIORUM_TEST_FULL_DATA=1).</skipped></testcase><testcase classname="tests.integration.test_full_dataset_validation.TestFullDatasetValidation" name="test_concurrent_dataset_loading" time="0.001"><skipped type="pytest.skip" message="Requires full 5etools data with sources ['xphb', 'xmm', 'xdmg']. Run 'make test-full-data' to test with full dataset (sets STUDIORUM_TEST_FULL_DATA=1).">/Users/sam/Code/studiorum/tests/integration/test_full_dataset_validation.py:452: Requires full 5etools data with sources ['xphb', 'xmm', 'xdmg']. Run 'make test-full-data' to test with full dataset (sets STUDIORUM_TEST_FULL_DATA=1).</skipped></testcase><testcase classname="tests.integration.test_full_dataset_validation.TestFullDatasetValidation" name="test_validation_warning_categorization_full_dataset" time="0.001"><skipped type="pytest.skip" message="Requires full 5etools data with sources ['xphb', 'xmm', 'xdmg']. Run 'make test-full-data' to test with full dataset (sets STUDIORUM_TEST_FULL_DATA=1).">/Users/sam/Code/studiorum/tests/integration/test_full_dataset_validation.py:491: Requires full 5etools data with sources ['xphb', 'xmm', 'xdmg']. Run 'make test-full-data' to test with full dataset (sets STUDIORUM_TEST_FULL_DATA=1).</skipped></testcase><testcase classname="tests.mcp.tools.encounter.test_balancer_pydantic.TestBalanceAnalysis" name="test_valid_balance_analysis_creation" time="0.003" /><testcase classname="tests.mcp.tools.encounter.test_balancer_pydantic.TestBalanceAnalysis" name="test_optional_fields" time="0.000" /><testcase classname="tests.mcp.tools.encounter.test_balancer_pydantic.TestBalanceAnalysis" name="test_improvement_gained_property" time="0.000" /><testcase classname="tests.mcp.tools.encounter.test_balancer_pydantic.TestBalanceAnalysis" name="test_processing_time_validation" time="0.001" /><testcase classname="tests.mcp.tools.encounter.test_balancer_pydantic.TestBalanceAnalysis" name="test_iterations_validation" time="0.000" /><testcase classname="tests.mcp.tools.encounter.test_balancer_pydantic.TestBalanceAnalysis" name="test_json_serialization" time="0.001" /><testcase classname="tests.mcp.tools.encounter.test_balancer_pydantic.TestBalanceAnalysis" name="test_enum_serialization" time="0.000" /><testcase classname="tests.mcp.tools.encounter.test_balancer_pydantic.TestBalanceAnalysis" name="test_model_config" time="0.002" /><testcase classname="tests.core.registry.test_content_type_registry.TestContentTypeRegistry" name="test_get_all" time="0.258" /><testcase classname="tests.mcp.tools.test_config_tools.TestNaturalLanguageScenarios" name="test_scenario_set_sources_to_srd_only" time="0.266" /><testcase classname="tests.core.registry.test_phase4_migration.TestPhase4Migration" name="test_boon_content_type_registration" time="0.290" /><testcase classname="tests.cli.commands.test_convert_creatures.TestConvertCreatureCommand" name="test_convert_creature_command_structure" time="0.786" /><testcase classname="tests.core.registry.test_content_type_registry.TestContentTypeRegistry" name="test_duplicate_registration_same_class" time="0.276" /><testcase classname="tests.core.registry.test_phase4_migration.TestPhase4Migration" name="test_recipe_content_type_registration" time="0.204" /><testcase classname="tests.integration.test_book_resolution.TestBookResolution" name="test_book_vs_adventure_architecture_consistency" time="0.804" /><testcase classname="tests.mcp.tools.test_config_tools.TestNaturalLanguageScenarios" name="test_scenario_configure_for_a4_printing" time="0.228" /><testcase classname="tests.core.registry.test_phase4_migration.TestPhase4Migration" name="test_facility_content_type_registration" time="0.156" /><testcase classname="tests.core.registry.test_content_type_registry.TestContentTypeRegistry" name="test_duplicate_registration_different_class" time="0.286" /><testcase classname="tests.integration.test_creature_edge_cases_real_data.TestCreatureEdgeCasesRealData" name="test_creatures_with_unusual_markup_patterns" time="0.848"><skipped type="pytest.skip" message="No unusual markup creatures found">/Users/sam/Code/studiorum/tests/integration/test_creature_edge_cases_real_data.py:408: No unusual markup creatures found</skipped></testcase><testcase classname="tests.mcp.tools.test_config_tools.TestNaturalLanguageScenarios" name="test_scenario_set_log_level_to_debug" time="0.207" /><testcase classname="tests.core.registry.test_phase4_migration.TestPhase4Migration" name="test_all_phase4_content_types_registered" time="0.176" /><testcase classname="tests.mcp.tools.test_config_tools.TestNaturalLanguageScenarios" name="test_scenario_set_up_for_spellbook_generation" time="0.237" /><testcase classname="tests.core.registry.test_content_type_registry.TestContentTypeRegistry" name="test_finalize_calls_registry_manager" time="0.349" /><testcase classname="tests.core.registry.test_phase4_migration.TestPhase4Migration" name="test_content_factory_supports_all_phase4_types" time="0.185" /><testcase classname="tests.cli.commands.test_convert_creatures.TestConvertCreatureCommand" name="test_convert_creatures_by_cr_command_structure" time="0.933" /><testcase classname="tests.mcp.tools.test_config_tools.TestNaturalLanguageScenarios" name="test_scenario_optimize_for_black_and_white_printing" time="0.201" /><testcase classname="tests.mcp.tools.test_encounter_tools.TestEncounterBudgetCalculation" name="test_basic_budget_calculation" time="0.176" /><testcase classname="tests.integration.test_book_resolution.TestBookResolution" name="test_content_cache_functionality" time="0.940" /><testcase classname="tests.core.registry.test_content_type_registry.TestContentTypeRegistry" name="test_finalize_only_once" time="0.407" /><testcase classname="tests.mcp.tools.test_encounter_tools.TestEncounterBudgetCalculation" name="test_party_size_adjustments" time="0.194" /><testcase classname="tests.mcp.tools.test_config_tools.TestNaturalLanguageScenarios" name="test_scenario_add_tashas_cauldron_to_sources" time="0.428" /><testcase classname="tests.mcp.tools.test_encounter_tools.TestEncounterBudgetCalculation" name="test_mixed_level_parties" time="0.235" /><testcase classname="tests.integration.test_creature_edge_cases_real_data.TestCreatureEdgeCasesRealData" name="test_creatures_with_missing_or_optional_fields" time="1.060" /><testcase classname="tests.core.registry.test_content_type_registry.TestContentTypeRegistry" name="test_register_after_finalize_raises_error" time="0.364" /><testcase classname="tests.mcp.tools.test_encounter_tools.TestEncounterBudgetCalculation" name="test_all_difficulty_levels" time="0.212" /><testcase classname="tests.mcp.tools.test_config_tools.TestNaturalLanguageScenarios" name="test_scenario_save_current_settings_as_print_setup" time="0.228" /><testcase classname="tests.mcp.tools.test_encounter_tools.TestEncounterBudgetCalculation" name="test_level_scaling" time="0.195" /><testcase classname="tests.cli.commands.test_convert_creatures.TestConvertCreatureCommand" name="test_convert_creatures_cr_validation" time="0.981" /><testcase classname="tests.mcp.tools.test_config_tools.TestNaturalLanguageScenarios" name="test_scenario_load_print_setup_preferences" time="0.227" /><testcase classname="tests.core.registry.test_content_type_registry.TestContentTypeRegistry" name="test_reset" time="0.312" /><testcase classname="tests.mcp.tools.test_encounter_tools.TestEncounterBudgetCalculation" name="test_invalid_parameters" time="0.211" /><testcase classname="tests.integration.test_book_resolution.TestBookResolution" name="test_missing_content_file_handling" time="1.035" /><testcase classname="tests.renderers.latex.test_performance_benchmarks.TestRenderingPerformance" name="test_single_spell_rendering_performance" time="0.651" /><testcase classname="tests.renderers.latex.test_entry_processor_no_dnd.TestRecursiveEntryProcessorWithoutDNDTemplate" name="test_process_inset_readaloud_without_dnd" time="0.305" /><testcase classname="tests.mcp.tools.test_encounter_tools.TestEncounterBudgetCalculation" name="test_mcp_budget_calculation" time="0.281" /><testcase classname="tests.integration.test_creature_edge_cases_real_data.TestCreatureEdgeCasesRealData" name="test_creatures_from_obscure_sources" time="0.878"><skipped type="pytest.skip" message="No creatures from obscure sources found">/Users/sam/Code/studiorum/tests/integration/test_creature_edge_cases_real_data.py:523: No creatures from obscure sources found</skipped></testcase><testcase classname="tests.renderers.core.test_enhancers.TestHyperlinkEnhancer" name="test_init_with_priority" time="0.004" /><testcase classname="tests.renderers.core.test_enhancers.TestHyperlinkEnhancer" name="test_default_priority" time="0.000" /><testcase classname="tests.renderers.core.test_enhancers.TestHyperlinkEnhancer" name="test_creates_hyperlink_when_enabled" time="0.001" /><testcase classname="tests.renderers.core.test_enhancers.TestHyperlinkEnhancer" name="test_skips_when_disabled" time="0.000" /><testcase classname="tests.renderers.core.test_enhancers.TestHyperlinkEnhancer" name="test_skips_when_no_manager" time="0.024" /><testcase classname="tests.renderers.core.test_enhancers.TestHyperlinkEnhancer" name="test_skips_when_manager_says_no" time="0.001" /><testcase classname="tests.renderers.core.test_enhancers.TestHyperlinkEnhancer" name="test_ref_id_generation" time="0.000" /><testcase classname="tests.renderers.core.test_enhancers.TestHyperlinkEnhancer" name="test_handles_hyperlink_creation_error" time="0.005" /><testcase classname="tests.core.config.test_workflow_config.TestWorkflowConfigStructure" name="test_workflow_config_structure[get_spellbook_workflow_config]" time="0.002" /><testcase classname="tests.core.config.test_workflow_config.TestWorkflowConfigStructure" name="test_workflow_config_structure[get_encounter_printing_workflow_config]" time="0.002" /><testcase classname="tests.core.config.test_workflow_config.TestWorkflowConfigStructure" name="test_workflow_config_structure[get_adventure_creation_workflow_config]" time="0.001" /><testcase classname="tests.core.config.test_workflow_config.TestWorkflowConfigStructure" name="test_workflow_config_structure[get_character_sheet_workflow_config]" time="0.001" /><testcase classname="tests.core.config.test_workflow_config.TestWorkflowConfigStructure" name="test_workflow_config_structure[get_dm_reference_workflow_config]" time="0.000" /><testcase classname="tests.core.config.test_workflow_config.TestWorkflowConfigStructure" name="test_workflow_config_structure[get_homebrew_workflow_config]" time="0.003" /><testcase classname="tests.core.config.test_workflow_config.TestWorkflowConfigStructure" name="test_config_override_application" time="0.002" /><testcase classname="tests.core.loaders.test_content_merger.TestContentMergerMerging" name="test_merge_metadata_content_success" time="0.013" /><testcase classname="tests.core.loaders.test_content_merger.TestContentMergerMerging" name="test_merge_metadata_content_no_content_data" time="0.002" /><testcase classname="tests.core.loaders.test_content_merger.TestContentMergerMerging" name="test_merge_metadata_content_invalid_content_data" time="0.002" /><testcase classname="tests.core.loaders.test_content_merger.TestContentMergerMerging" name="test_merge_metadata_content_missing_content_sections" time="0.004" /><testcase classname="tests.core.loaders.test_content_merger.TestContentMergerMerging" name="test_merge_metadata_content_extra_content_sections" time="0.017" /><testcase classname="tests.mcp.tools.test_encounter_tools.TestEncounterBudgetCalculation" name="test_mcp_validation_errors" time="0.249" /><testcase classname="tests.core.loaders.test_content_merger.TestContentMergerMerging" name="test_merge_metadata_content_non_section_content_ignored" time="0.006" /><testcase classname="tests.core.loaders.test_content_merger.TestContentMergerMerging" name="test_create_metadata_only_result" time="0.001" /><testcase classname="tests.renderers.latex.test_entry_processor_no_dnd.TestRecursiveEntryProcessorWithoutDNDTemplate" name="test_process_inset_with_name_without_dnd" time="0.237" /><testcase classname="tests.core.assets.test_image_enhancement.TestImageSourceRegistry" name="test_add_git_source" time="0.084" /><testcase classname="tests.core.assets.test_image_enhancement.TestImageSourceRegistry" name="test_add_http_api_source" time="0.002" /><testcase classname="tests.core.assets.test_image_enhancement.TestImageSourceRegistry" name="test_add_local_directory_source" time="0.002" /><testcase classname="tests.core.assets.test_image_enhancement.TestImageSourceRegistry" name="test_duplicate_source_names" time="0.001" /><testcase classname="tests.core.assets.test_image_enhancement.TestImageSourceRegistry" name="test_remove_source" time="0.004" /><testcase classname="tests.core.assets.test_image_enhancement.TestImageSourceRegistry" name="test_local_directory_sync" time="0.028" /><testcase classname="tests.core.assets.test_image_enhancement.TestImageSourceRegistry" name="test_resolve_local_image" time="0.038" /><testcase classname="tests.core.logging.test_image_observability.TestImageProcessingObserver" name="test_observer_initialization" time="0.056" /><testcase classname="tests.renderers.latex.test_performance_benchmarks.TestRenderingPerformance" name="test_single_creature_rendering_performance" time="1.493" /><testcase classname="tests.core.logging.test_image_observability.TestImageProcessingObserver" name="test_start_operation" time="0.013" /><testcase classname="tests.core.logging.test_image_observability.TestImageProcessingObserver" name="test_complete_operation_success" time="0.020" /><testcase classname="tests.core.logging.test_image_observability.TestImageProcessingObserver" name="test_complete_operation_failure" time="0.003" /><testcase classname="tests.renderers.latex.test_entry_processor_no_dnd.TestRecursiveEntryProcessorWithoutDNDTemplate" name="test_process_inset_without_name_without_dnd" time="0.253" /><testcase classname="tests.core.logging.test_image_observability.TestImageProcessingObserver" name="test_record_cache_operation" time="0.005" /><testcase classname="tests.core.logging.test_image_observability.TestImageProcessingObserver" name="test_record_batch_operation" time="0.002" /><testcase classname="tests.core.logging.test_image_observability.TestImageProcessingObserver" name="test_get_statistics" time="0.004" /><testcase classname="tests.cli.commands.test_convert_creatures.TestConvertCreatureCommand" name="test_convert_creatures_invalid_file" time="1.003" /><testcase classname="tests.core.registry.test_content_type_registry.TestContentTypeDecorator" name="test_decorator_registration" time="0.280" /><testcase classname="tests.core.loaders.test_content_sources.TestContentLoader" name="test_init" time="0.463" /><testcase classname="tests.renderers.latex.test_entry_processor_no_dnd.TestRecursiveEntryProcessorWithoutDNDTemplate" name="test_process_table_without_dnd_template" time="0.216" /><testcase classname="tests.integration.test_book_resolution.TestBookResolution" name="test_end_to_end_book_conversion_ready" time="0.932" /><testcase classname="tests.core.registry.test_content_type_registry.TestContentTypeDecorator" name="test_decorator_validation_empty_enum_value" time="0.227" /><testcase classname="tests.renderers.latex.test_entry_processor_no_dnd.TestRecursiveEntryProcessorWithoutDNDTemplate" name="test_process_basic_table_empty_rows" time="0.226" /><testcase classname="tests.core.registry.test_content_type_registry.TestContentTypeDecorator" name="test_decorator_validation_empty_file_patterns" time="0.224" /><testcase classname="tests.renderers.latex.test_entry_processor_no_dnd.TestRecursiveEntryProcessorWithoutDNDTemplate" name="test_process_basic_table_variable_row_lengths" time="0.171" /><testcase classname="tests.core.loaders.test_content_sources.TestContentLoader" name="test_add_source" time="0.475" /><testcase classname="tests.core.registry.test_content_type_registry.TestContentTypeDecorator" name="test_decorator_validation_non_basecontent" time="0.189" /><testcase classname="tests.renderers.latex.test_entry_processor_no_dnd.TestRecursiveEntryProcessorWithoutDNDTemplate" name="test_process_basic_table_no_column_labels" time="0.217" /><testcase classname="tests.unit.services.test_protocols.TestServiceProtocols" name="test_service_protocol_runtime_checkable" time="0.001" /><testcase classname="tests.unit.services.test_protocols.TestServiceProtocols" name="test_async_resource_protocol_runtime_checkable" time="0.000" /><testcase classname="tests.unit.services.test_protocols.TestServiceProtocols" name="test_configurable_service_protocol_runtime_checkable" time="0.000" /><testcase classname="tests.unit.services.test_protocols.TestServiceProtocols" name="test_omnidexer_protocol_inheritance" time="0.000" /><testcase classname="tests.unit.services.test_protocols.TestServiceProtocols" name="test_tag_resolver_protocol_inheritance" time="0.000" /><testcase classname="tests.unit.services.test_protocols.TestServiceProtocols" name="test_configuration_protocol_inheritance" time="0.000" /><testcase classname="tests.unit.services.test_protocols.TestServiceProtocols" name="test_protocol_rejection_incomplete_implementation" time="0.000" /><testcase classname="tests.unit.services.test_protocols.TestServiceProtocols" name="test_protocol_rejection_wrong_signature" time="0.001" /><testcase classname="tests.integration.test_real_book_deep_indexing.TestRealBookDeepIndexing" name="test_omnidexer_book_deep_indexing_integration" time="0.393" /><testcase classname="tests.core.registry.test_content_type_registry.TestContentTypeDecorator" name="test_decorator_returns_class_unchanged" time="0.200" /><testcase classname="tests.cli.commands.test_convert_creatures.TestConvertCreatureCommand" name="test_convert_creature_dry_run_flag" time="0.831" /><testcase classname="tests.renderers.latex.test_entry_processor_no_dnd.TestRecursiveEntryProcessorWithoutDNDTemplate" name="test_process_basic_table_no_caption" time="0.168" /><testcase classname="tests.core.loaders.test_content_sources.TestContentLoader" name="test_validate_all" time="0.363" /><testcase classname="tests.core.registry.test_content_type_registry.TestContentTypeDecorator" name="test_decorator_with_optional_params" time="0.235" /><testcase classname="tests.integration.test_creature_latex_rendering.TestCreatureLaTeXRendering" name="test_creature_stat_block_latex_generation" time="0.161" /><testcase classname="tests.integration.test_real_book_deep_indexing.TestRealBookDeepIndexing" name="test_omnidexer_indexes_book_nested_content" time="0.781" /><testcase classname="tests.integration.test_creature_latex_rendering.TestCreatureLaTeXRendering" name="test_creature_abilities_latex_processing" time="1.154" /><testcase classname="tests.core.registry.test_content_type_registry.TestContentTypeDecorator" name="test_decorator_error_handling" time="0.201" /><testcase classname="tests.renderers.latex.test_performance_benchmarks.TestRenderingPerformance" name="test_book_rendering_performance" time="0.708" /><testcase classname="tests.core.loaders.test_content_sources.TestContentLoader" name="test_load_all" time="0.385" /><testcase classname="tests.mcp.tools.encounter.test_balancer_pydantic.TestBalanceMetrics" name="test_valid_balance_metrics_creation" time="0.003" /><testcase classname="tests.mcp.tools.encounter.test_balancer_pydantic.TestBalanceMetrics" name="test_default_values" time="0.001" /><testcase classname="tests.mcp.tools.encounter.test_balancer_pydantic.TestBalanceMetrics" name="test_score_validation" time="0.000" /><testcase classname="tests.mcp.tools.encounter.test_balancer_pydantic.TestBalanceMetrics" name="test_string_list_validation" time="0.000" /><testcase classname="tests.mcp.tools.encounter.test_balancer_pydantic.TestBalanceMetrics" name="test_calculate_overall_balance" time="0.002" /><testcase classname="tests.mcp.tools.encounter.test_balancer_pydantic.TestBalanceMetrics" name="test_json_serialization" time="0.001" /><testcase classname="tests.mcp.tools.encounter.test_balancer_pydantic.TestBalanceMetrics" name="test_model_config" time="0.002" /><testcase classname="tests.integration.test_book_conversion.TestBookConversion" name="test_multiple_books_work" time="13.059" /><testcase classname="tests.core.loaders.test_content_sources.TestContentLoader" name="test_load_all_with_error" time="0.385" /><testcase classname="tests.cli.commands.test_convert_creatures.TestConvertCreatureCommand" name="test_convert_creature_output_flag" time="0.663" /><testcase classname="tests.performance.test_creature_collection_performance.TestCreatureCollectionPerformance" name="test_small_dataset_collection_performance" time="0.461" /><testcase classname="tests.renderers.latex.test_performance_benchmarks.TestRenderingPerformance" name="test_mixed_content_rendering_performance" time="1.019" /><testcase classname="tests.integration.test_real_book_deep_indexing.TestRealBookDeepIndexing" name="test_variant_rule_detection_on_real_data" time="0.588" /><testcase classname="tests.performance.test_creature_collection_performance.TestCreatureCollectionPerformance" name="test_medium_dataset_collection_performance" time="0.380" /><testcase classname="tests.core.loaders.test_content_sources.TestContentLoader" name="test_get_source_metadata" time="0.527" /><testcase classname="tests.integration.test_creature_real_data.TestCreatureRealDataIntegration" name="test_real_goblin_data_processing" time="0.172" /><testcase classname="tests.integration.test_creature_latex_rendering.TestCreatureLaTeXRendering" name="test_creature_layout_decision_integration" time="0.204" /><testcase classname="tests.integration.test_creature_real_data.TestCreatureRealDataIntegration" name="test_real_ancient_dragon_data_processing" time="0.176" /><testcase classname="tests.performance.test_creature_collection_performance.TestCreatureCollectionPerformance" name="test_large_dataset_collection_performance" time="0.478" /><testcase classname="tests.core.loaders.test_content_sources.TestContentLoader" name="test_clear" time="0.379" /><testcase classname="tests.integration.test_real_book_deep_indexing.TestRealBookDeepIndexing" name="test_book_content_findable_by_name" time="0.549"><skipped type="pytest.skip" message="book_section is not a registered ContentType">/Users/sam/Code/studiorum/tests/integration/test_real_book_deep_indexing.py:159: book_section is not a registered ContentType</skipped></testcase><testcase classname="tests.renderers.core.test_real_data_integration.TestRealDataIntegration" name="test_creature_handler_with_real_data" time="0.000"><skipped type="pytest.skip" message="Requires full 5etools data with sources ['xphb', 'xmm', 'xdmg']. Run 'make test-full-data' to test with full dataset (sets STUDIORUM_TEST_FULL_DATA=1).">/Users/sam/Code/studiorum/tests/renderers/core/test_real_data_integration.py:107: Requires full 5etools data with sources ['xphb', 'xmm', 'xdmg']. Run 'make test-full-data' to test with full dataset (sets STUDIORUM_TEST_FULL_DATA=1).</skipped></testcase><testcase classname="tests.renderers.core.test_real_data_integration.TestRealDataIntegration" name="test_spell_handler_with_real_data" time="0.000"><skipped type="pytest.skip" message="Requires full 5etools data with sources ['xphb', 'xmm', 'xdmg']. Run 'make test-full-data' to test with full dataset (sets STUDIORUM_TEST_FULL_DATA=1).">/Users/sam/Code/studiorum/tests/renderers/core/test_real_data_integration.py:137: Requires full 5etools data with sources ['xphb', 'xmm', 'xdmg']. Run 'make test-full-data' to test with full dataset (sets STUDIORUM_TEST_FULL_DATA=1).</skipped></testcase><testcase classname="tests.renderers.core.test_real_data_integration.TestRealDataIntegration" name="test_item_handler_with_real_data" time="0.000"><skipped type="pytest.skip" message="Requires full 5etools data with sources ['xphb', 'xmm', 'xdmg']. Run 'make test-full-data' to test with full dataset (sets STUDIORUM_TEST_FULL_DATA=1).">/Users/sam/Code/studiorum/tests/renderers/core/test_real_data_integration.py:164: Requires full 5etools data with sources ['xphb', 'xmm', 'xdmg']. Run 'make test-full-data' to test with full dataset (sets STUDIORUM_TEST_FULL_DATA=1).</skipped></testcase><testcase classname="tests.renderers.core.test_real_data_integration.TestRealDataIntegration" name="test_content_tracking_integration" time="0.003"><skipped type="pytest.skip" message="Requires full 5etools data with sources ['xphb', 'xmm', 'xdmg']. Run 'make test-full-data' to test with full dataset (sets STUDIORUM_TEST_FULL_DATA=1).">/Users/sam/Code/studiorum/tests/renderers/core/test_real_data_integration.py:187: Requires full 5etools data with sources ['xphb', 'xmm', 'xdmg']. Run 'make test-full-data' to test with full dataset (sets STUDIORUM_TEST_FULL_DATA=1).</skipped></testcase><testcase classname="tests.renderers.core.test_real_data_integration.TestRealDataIntegration" name="test_error_handling_with_malformed_data" time="0.000"><skipped type="pytest.skip" message="Requires full 5etools data with sources ['xphb', 'xmm', 'xdmg']. Run 'make test-full-data' to test with full dataset (sets STUDIORUM_TEST_FULL_DATA=1).">/Users/sam/Code/studiorum/tests/renderers/core/test_real_data_integration.py:226: Requires full 5etools data with sources ['xphb', 'xmm', 'xdmg']. Run 'make test-full-data' to test with full dataset (sets STUDIORUM_TEST_FULL_DATA=1).</skipped></testcase><testcase classname="tests.renderers.core.test_real_data_integration.TestRealDataIntegration" name="test_performance_with_large_dataset" time="0.000"><skipped type="pytest.skip" message="Requires full 5etools data with sources ['xphb', 'xmm', 'xdmg']. Run 'make test-full-data' to test with full dataset (sets STUDIORUM_TEST_FULL_DATA=1).">/Users/sam/Code/studiorum/tests/renderers/core/test_real_data_integration.py:274: Requires full 5etools data with sources ['xphb', 'xmm', 'xdmg']. Run 'make test-full-data' to test with full dataset (sets STUDIORUM_TEST_FULL_DATA=1).</skipped></testcase><testcase classname="tests.renderers.core.test_real_data_integration.TestRealDataIntegration" name="test_omnidexer_integration" time="0.001"><skipped type="pytest.skip" message="Requires full 5etools data with sources ['xphb', 'xmm', 'xdmg']. Run 'make test-full-data' to test with full dataset (sets STUDIORUM_TEST_FULL_DATA=1).">/Users/sam/Code/studiorum/tests/renderers/core/test_real_data_integration.py:308: Requires full 5etools data with sources ['xphb', 'xmm', 'xdmg']. Run 'make test-full-data' to test with full dataset (sets STUDIORUM_TEST_FULL_DATA=1).</skipped></testcase><testcase classname="tests.renderers.latex.test_compilation_config.TestCompilationResult" name="test_successful_result" time="0.001" /><testcase classname="tests.renderers.latex.test_compilation_config.TestCompilationResult" name="test_failed_result" time="0.000" /><testcase classname="tests.renderers.latex.test_compilation_config.TestCompilationResult" name="test_str_representation_success" time="0.000" /><testcase classname="tests.renderers.latex.test_compilation_config.TestCompilationResult" name="test_str_representation_failure" time="0.000" /><testcase classname="tests.renderers.latex.test_compilation_config.TestCompilationResult" name="test_str_representation_no_error_message" time="0.000" /><testcase classname="tests.renderers.latex.test_compilation_config.TestCompilationResult" name="test_warnings_list" time="0.000" /><testcase classname="tests.integration.test_creature_latex_rendering.TestCreatureLaTeXRendering" name="test_creature_document_rendering_integration" time="0.209" /><testcase classname="tests.renderers.latex.test_compilation_config.TestCompilationResult" name="test_default_warnings_list" time="0.001" /><testcase classname="tests.integration.test_creature_real_data.TestCreatureRealDataIntegration" name="test_real_spellcaster_data_processing" time="0.150" /><testcase classname="tests.integration.test_creature_latex_rendering.TestCreatureLaTeXRendering" name="test_creature_spellcasting_integration" time="0.186" /><testcase classname="tests.integration.test_creature_real_data.TestCreatureRealDataIntegration" name="test_real_data_markup_processing" time="0.778" /><testcase classname="tests.integration.test_creature_latex_rendering.TestCreatureLaTeXRendering" name="test_creature_complex_markup_integration" time="0.721" /><testcase classname="tests.renderers.latex.test_performance_benchmarks.TestRenderingPerformance" name="test_memory_usage_stability" time="2.047" /><testcase classname="tests.renderers.latex.test_content_placeholder_regression.TestContentPlaceholderRegression" name="test_string_placeholder_replacement_is_limited" time="0.430" /><testcase classname="tests.performance.test_creature_collection_performance.TestCreatureCollectionPerformance" name="test_filtering_performance_comparison" time="1.013" /><testcase classname="tests.integration.test_real_book_deep_indexing.TestRealBookDeepIndexing" name="test_book_deep_indexing_performance_impact" time="0.905" /><testcase classname="tests.renderers.latex.test_content_placeholder_regression.TestContentPlaceholderRegression" name="test_mixed_content_placeholder_replacement" time="0.375" /><testcase classname="tests.integration.test_creature_real_data.TestCreatureRealDataIntegration" name="test_real_data_edge_cases" time="0.214" /><testcase classname="tests.integration.test_creature_latex_rendering.TestCreatureLaTeXRendering" name="test_creature_validation_edge_cases" time="0.206" /><testcase classname="tests.renderers.latex.test_content_placeholder_regression.TestContentPlaceholderRegression" name="test_book_rendering_no_cross_chapter_duplication" time="0.387" /><testcase classname="tests.integration.test_creature_real_data.TestCreatureRealDataIntegration" name="test_real_data_stat_validation" time="0.202" /><testcase classname="tests.renderers.latex.test_entry_processor_edge_cases.TestRecursiveEntryProcessorEdgeCases" name="test_process_section_no_name_no_entries" time="0.222" /><testcase classname="tests.integration.test_real_book_deep_indexing.TestRealBookDeepIndexing" name="test_mixed_adventure_book_deep_indexing" time="0.516" /><testcase classname="tests.integration.test_creature_real_data.TestCreatureRealDataIntegration" name="test_real_data_performance_baseline" time="0.182" /><testcase classname="tests.renderers.latex.test_entry_renderers.TestSpellEntryRenderer" name="test_get_template_name" time="0.001" /><testcase classname="tests.renderers.latex.test_entry_renderers.TestSpellEntryRenderer" name="test_get_template_context_basic" time="0.102" /><testcase classname="tests.performance.test_creature_collection_performance.TestCreatureCollectionPerformance" name="test_bulk_creature_validation_performance" time="0.492" /><testcase classname="tests.renderers.latex.test_entry_renderers.TestSpellEntryRenderer" name="test_get_template_context_with_tag_processing" time="0.002" /><testcase classname="tests.renderers.latex.test_entry_renderers.TestSpellEntryRenderer" name="test_get_template_context_without_tag_resolver" time="0.001" /><testcase classname="tests.renderers.latex.test_entry_renderers.TestSpellEntryRenderer" name="test_render_integration" time="0.005" /><testcase classname="tests.renderers.latex.test_entry_renderers.TestSpellEntryRenderer" name="test_render_with_missing_optional_data" time="0.003" /><testcase classname="tests.renderers.latex.test_entry_processor_edge_cases.TestRecursiveEntryProcessorEdgeCases" name="test_process_section_name_only" time="0.210" /><testcase classname="tests.renderers.latex.test_entry_renderers.TestSpellEntryRenderer" name="test_error_handling" time="0.004" /><testcase classname="tests.renderers.latex.test_content_placeholder_regression.TestContentPlaceholderRegression" name="test_placeholder_pattern_edge_cases" time="0.397" /><testcase classname="tests.renderers.latex.test_entry_processor_edge_cases.TestRecursiveEntryProcessorEdgeCases" name="test_process_entries_block_no_name_no_entries" time="0.228" /><testcase classname="tests.unit.test_json_loader.TestJsonDataLoaderBook" name="test_extract_content_book_data_format" time="0.223" /><testcase classname="tests.integration.test_real_book_deep_indexing.TestRealBookDeepIndexing" name="test_content_hierarchy_preservation" time="0.509"><skipped type="pytest.skip" message="No book nested content found">/Users/sam/Code/studiorum/tests/integration/test_real_book_deep_indexing.py:291: No book nested content found</skipped></testcase><testcase classname="tests.unit.test_json_loader.TestJsonDataLoaderBook" name="test_extract_content_book_5etools_data_format" time="0.213" /><testcase classname="tests.performance.test_creature_collection_performance.TestCreatureCollectionPerformance" name="test_memory_usage_during_collection" time="0.937" /><testcase classname="tests.renderers.latex.test_content_placeholder_regression.TestContentPlaceholderRegression" name="test_multiple_chapters_with_identical_first_entries[2]" time="0.457" /><testcase classname="tests.renderers.latex.test_entry_processor_edge_cases.TestRecursiveEntryProcessorEdgeCases" name="test_process_generic_entry_no_name_no_entries" time="0.383" /><testcase classname="tests.unit.test_json_loader.TestJsonDataLoaderBook" name="test_extract_content_book_empty_data_array" time="0.229" /><testcase classname="tests.renderers.latex.test_entry_processor_edge_cases.TestRecursiveEntryProcessorEdgeCases" name="test_process_quote_empty_entries" time="0.196" /><testcase classname="tests.unit.test_json_loader.TestJsonDataLoaderBook" name="test_extract_content_book_non_list_data" time="0.178" /><testcase classname="tests.renderers.latex.test_performance_benchmarks.TestRenderingPerformance" name="test_template_engine_caching_performance" time="1.404" /><testcase classname="tests.renderers.latex.test_error_parser.TestLaTeXError" name="test_basic_error" time="0.001" /><testcase classname="tests.renderers.latex.test_error_parser.TestLaTeXError" name="test_error_with_location" time="0.001" /><testcase classname="tests.renderers.latex.test_error_parser.TestLaTeXError" name="test_error_with_context_and_suggestion" time="0.000" /><testcase classname="tests.renderers.latex.test_error_parser.TestLaTeXError" name="test_str_representation_basic" time="0.000" /><testcase classname="tests.renderers.latex.test_error_parser.TestLaTeXError" name="test_str_representation_with_location" time="0.000" /><testcase classname="tests.renderers.latex.test_error_parser.TestLaTeXError" name="test_str_representation_with_file_only" time="0.001" /><testcase classname="tests.renderers.latex.test_error_parser.TestLaTeXError" name="test_str_representation_full" time="0.002" /><testcase classname="tests.renderers.latex.test_content_placeholder_regression.TestContentPlaceholderRegression" name="test_multiple_chapters_with_identical_first_entries[5]" time="0.516" /><testcase classname="tests.renderers.latex.test_entry_processor_edge_cases.TestRecursiveEntryProcessorEdgeCases" name="test_depth_tracking_complex_nesting" time="0.243" /><testcase classname="tests.unit.test_json_loader.TestJsonDataLoaderBook" name="test_extract_content_book_no_recognized_keys" time="0.226" /><testcase classname="tests.cli.test_config_inheritance.TestCliConfigInheritance" name="test_cli_defaults_match_config" time="0.235" /><testcase classname="tests.renderers.latex.test_entry_processor_edge_cases.TestRecursiveEntryProcessorEdgeCases" name="test_table_with_non_list_rows" time="0.201" /><testcase classname="tests.unit.test_json_loader.TestJsonDataLoaderBook" name="test_extract_content_book_priority_order" time="0.211" /><testcase classname="tests.performance.test_creature_collection_performance.TestCreatureCollectionPerformance" name="test_collection_scalability" time="0.957" /><testcase classname="tests.cli.test_config_inheritance.TestCliConfigInheritance" name="test_individual_default_functions" time="0.230" /><testcase classname="tests.renderers.latex.test_content_placeholder_regression.TestContentPlaceholderRegression" name="test_multiple_chapters_with_identical_first_entries[10]" time="0.431" /><testcase classname="tests.cli.commands.test_setup_commands.TestSetupWizardCommand" name="test_wizard_defaults_with_scan" time="0.247" /><testcase classname="tests.unit.test_json_loader.TestJsonDataLoaderBook" name="test_extract_content_book_data_precedence_over_book_data" time="0.181" /><testcase classname="tests.core.assets.test_image_enhancement.TestEnhancedImageManager" name="test_initialization" time="0.088" /><testcase classname="tests.core.assets.test_image_enhancement.TestEnhancedImageManager" name="test_resolve_local_image_fallback" time="0.030" /><testcase classname="tests.cli.test_config_inheritance.TestCliConfigInheritance" name="test_config_default_by_name" time="0.213" /><testcase classname="tests.core.assets.test_image_enhancement.TestEnhancedImageManager" name="test_add_legacy_local_source" time="0.004" /><testcase classname="tests.core.assets.test_image_enhancement.TestEnhancedImageManager" name="test_sync_all_sources" time="30.094" /><testcase classname="tests.cli.commands.test_setup_commands.TestSetupWizardCommand" name="test_wizard_defaults_without_scan" time="0.206" /><testcase classname="tests.cli.commands.test_convert_creatures.TestCreatureCommandValidation" name="test_creature_command_requires_name_or_filter" time="0.924" /><testcase classname="tests.cli.test_config_inheritance.TestCliConfigInheritance" name="test_expected_default_values" time="0.267" /><testcase classname="tests.cli.commands.test_setup_commands.TestSetupWizardCommand" name="test_wizard_custom_setup" time="0.217" /><testcase classname="tests.unit.test_models.TestCreatureType" name="test_creature_type_string" time="0.003" /><testcase classname="tests.unit.test_models.TestCreatureType" name="test_creature_type_with_subtype" time="0.000" /><testcase classname="tests.unit.test_models.TestCreatureType" name="test_creature_type_choice_format" time="0.000" /><testcase classname="tests.unit.test_models.TestCreatureType" name="test_creature_type_dict_special" time="0.000" /><testcase classname="tests.unit.test_models.TestCreatureType" name="test_creature_type_with_tags" time="0.000" /><testcase classname="tests.unit.test_models.TestCreatureType" name="test_creature_type_complex_tags" time="0.002" /><testcase classname="tests.unit.test_models.TestCreatureType" name="test_creature_type_model_validate_edge_cases" time="0.003" /><testcase classname="tests.core.loaders.test_source_manager_filtering.TestSourceManagerFiltering" name="test_adventure_book_edge_cases" time="0.000"><skipped type="pytest.skip" message="Tests private implementation details of deprecated UnifiedSourceManager. Functionality verified through public API tests.">/Users/sam/Code/studiorum/tests/core/loaders/test_source_manager_filtering.py:125: Tests private implementation details of deprecated UnifiedSourceManager. Functionality verified through public API tests.</skipped></testcase><testcase classname="tests.core.loaders.test_source_manager_filtering.TestSourceManagerFiltering" name="test_should_not_skip_adventure_metadata_files" time="0.000"><skipped type="pytest.skip" message="Tests private implementation details of deprecated UnifiedSourceManager. Functionality verified through public API tests.">/Users/sam/Code/studiorum/tests/core/loaders/test_source_manager_filtering.py:41: Tests private implementation details of deprecated UnifiedSourceManager. Functionality verified through public API tests.</skipped></testcase><testcase classname="tests.core.loaders.test_source_manager_filtering.TestSourceManagerFiltering" name="test_should_not_skip_book_metadata_files" time="0.000"><skipped type="pytest.skip" message="Tests private implementation details of deprecated UnifiedSourceManager. Functionality verified through public API tests.">/Users/sam/Code/studiorum/tests/core/loaders/test_source_manager_filtering.py:80: Tests private implementation details of deprecated UnifiedSourceManager. Functionality verified through public API tests.</skipped></testcase><testcase classname="tests.core.loaders.test_source_manager_filtering.TestSourceManagerFiltering" name="test_should_not_skip_other_content_files" time="0.000"><skipped type="pytest.skip" message="Tests private implementation details of deprecated UnifiedSourceManager. Functionality verified through public API tests.">/Users/sam/Code/studiorum/tests/core/loaders/test_source_manager_filtering.py:100: Tests private implementation details of deprecated UnifiedSourceManager. Functionality verified through public API tests.</skipped></testcase><testcase classname="tests.core.loaders.test_source_manager_filtering.TestSourceManagerFiltering" name="test_should_skip_adventure_content_files" time="0.000"><skipped type="pytest.skip" message="Tests private implementation details of deprecated UnifiedSourceManager. Functionality verified through public API tests.">/Users/sam/Code/studiorum/tests/core/loaders/test_source_manager_filtering.py:20: Tests private implementation details of deprecated UnifiedSourceManager. Functionality verified through public API tests.</skipped></testcase><testcase classname="tests.core.loaders.test_source_manager_filtering.TestSourceManagerFiltering" name="test_should_skip_book_content_files" time="0.000"><skipped type="pytest.skip" message="Tests private implementation details of deprecated UnifiedSourceManager. Functionality verified through public API tests.">/Users/sam/Code/studiorum/tests/core/loaders/test_source_manager_filtering.py:61: Tests private implementation details of deprecated UnifiedSourceManager. Functionality verified through public API tests.</skipped></testcase><testcase classname="tests.cli.test_config_inheritance.TestCliConfigInheritance" name="test_config_consistency" time="0.206" /><testcase classname="tests.cli.commands.test_setup_commands.TestSetupWizardCommand" name="test_wizard_local_setup" time="0.174" /><testcase classname="tests.cli.test_config_inheritance.TestCliConfigInheritance" name="test_config_factory_imports" time="0.168" /><testcase classname="tests.cli.commands.test_setup_commands.TestSetupWizardCommand" name="test_wizard_existing_sources_cancel" time="0.167" /><testcase classname="tests.renderers.latex.test_performance_benchmarks.TestRenderingPerformance" name="test_large_document_rendering_performance" time="1.320" /><testcase classname="tests.core.text.test_tag_parser.TestNestedTagParsing" name="test_simple_nested_tag" time="0.239" /><testcase classname="tests.cli.commands.test_setup_commands.TestSetupWizardCommand" name="test_wizard_existing_sources_remove_and_reconfigure" time="0.150" /><testcase classname="tests.core.loaders.test_content_sources.TestOmnidexerContentSource" name="test_init" time="0.166" /><testcase classname="tests.core.text.test_tag_types.TestTagContext" name="test_tag_context_creation" time="0.001" /><testcase classname="tests.core.text.test_tag_types.TestTagContext" name="test_tag_context_find_content_method" time="0.004" /><testcase classname="tests.core.text.test_tag_types.TestTagContext" name="test_tag_context_find_content_without_source" time="0.002" /><testcase classname="tests.core.text.test_tag_types.TestTagContext" name="test_tag_context_find_content_returns_none" time="0.003" /><testcase classname="tests.core.text.test_tag_types.TestTagContext" name="test_tag_context_mutable_config" time="0.003" /><testcase classname="tests.core.text.test_tag_types.TestTagContext" name="test_tag_context_arbitrary_types_allowed" time="0.001" /><testcase classname="tests.integration.test_adventure_conversion.TestAdventureConversion" name="test_multiple_adventures_work" time="13.029" /><testcase classname="tests.core.loaders.test_content_sources.TestOmnidexerContentSource" name="test_get_metadata" time="0.180" /><testcase classname="tests.core.text.test_tag_parser.TestNestedTagParsing" name="test_nested_tag_in_creature_display_text" time="0.303" /><testcase classname="tests.integration.test_creatures_spells_command.TestCreaturesSpellsCommand" name="test_combine_bestiary_and_appendix_helper" time="0.185" /><testcase classname="tests.cli.commands.test_convert_creatures.TestCreatureCommandValidation" name="test_creature_command_invalid_cr_format" time="0.873" /><testcase classname="tests.core.loaders.test_content_sources.TestOmnidexerContentSource" name="test_validate_valid_omnidexer" time="0.164" /><testcase classname="tests.integration.test_creatures_spells_command.TestCreaturesSpellsCommand" name="test_combine_bestiary_and_appendix_fallback" time="0.151" /><testcase classname="tests.core.text.test_tag_parser.TestNestedTagParsing" name="test_deeply_nested_tags" time="0.232" /><testcase classname="tests.core.loaders.test_content_sources.TestOmnidexerContentSource" name="test_validate_none_omnidexer" time="0.156" /><testcase classname="tests.integration.test_creatures_spells_command.TestCreaturesSpellsCommand" name="test_content_tracker_integration_in_rendering_context" time="0.186" /><testcase classname="tests.core.text.test_tag_parser.TestNestedTagParsing" name="test_consecutive_nested_tags" time="0.236" /><testcase classname="tests.core.loaders.test_content_sources.TestOmnidexerContentSource" name="test_load" time="0.159" /><testcase classname="tests.integration.test_creatures_spells_command.TestCreaturesSpellsCommand" name="test_creatures_command_without_spells_flag" time="0.635" /><testcase classname="tests.core.loaders.test_content_sources.TestOmnidexerContentSource" name="test_supports_streaming" time="0.131" /><testcase classname="tests.core.text.test_tag_parser.TestNestedTagParsing" name="test_nested_spell_in_creature" time="0.240" /><testcase classname="tests.integration.test_source_discovery.TestSourceDiscovery" name="test_books_metadata_vs_content_separation" time="0.175" /><testcase classname="tests.core.text.test_tag_parser.TestNestedTagParsing" name="test_nested_tags_with_escaped_braces" time="0.202" /><testcase classname="tests.latex_engine.core.images.test_specialized_strategies.TestSpecializedStrategyFactory" name="test_create_bestiary_strategy" time="0.001" /><testcase classname="tests.latex_engine.core.images.test_specialized_strategies.TestSpecializedStrategyFactory" name="test_create_adventure_strategy" time="0.005" /><testcase classname="tests.integration.test_source_discovery.TestSourceDiscovery" name="test_mixed_adventures_and_books_separation" time="0.173" /><testcase classname="tests.latex_engine.core.images.test_specialized_strategies.TestSpecializedStrategyFactory" name="test_create_item_collection_strategy" time="0.001" /><testcase classname="tests.latex_engine.core.images.test_specialized_strategies.TestSpecializedStrategyFactory" name="test_create_spell_collection_strategy" time="0.005" /><testcase classname="tests.latex_engine.core.images.test_specialized_strategies.TestSpecializedStrategyFactory" name="test_create_fallback_strategy" time="0.001" /><testcase classname="tests.latex_engine.core.images.test_specialized_strategies.TestSpecializedStrategyFactory" name="test_create_with_caching_disabled" time="0.001" /><testcase classname="tests.mcp.test_fastmcp_integration.TestFastMCPServerIntegration" name="test_mcp_server_creation" time="0.001" /><testcase classname="tests.mcp.test_fastmcp_integration.TestFastMCPServerIntegration" name="test_mcp_server_async_creation" time="0.026" /><testcase classname="tests.cli.commands.test_convert_creatures.TestCreatureCommandValidation" name="test_creature_command_help_text" time="0.442" /><testcase classname="tests.mcp.test_fastmcp_integration.TestFastMCPServerIntegration" name="test_tool_registration_count" time="0.002" /><testcase classname="tests.renderers.latex.test_performance_benchmarks.TestRenderingPerformance" name="test_compilation_performance_integration" time="0.314" /><testcase classname="tests.mcp.test_fastmcp_integration.TestFastMCPServerIntegration" name="test_tool_names_and_categories" time="0.002" /><testcase classname="tests.mcp.test_fastmcp_integration.TestFastMCPServerIntegration" name="test_mcp_server_has_required_attributes" time="0.002" /><testcase classname="tests.mcp.test_fastmcp_integration.TestFastMCPServerIntegration" name="test_tool_manager_internal_structure" time="0.001" /><testcase classname="tests.mcp.tools.encounter.test_migration_helpers.TestEnvironmentalProfileConversions" name="test_dataclass_to_pydantic_basic" time="0.001" /><testcase classname="tests.mcp.tools.encounter.test_migration_helpers.TestEnvironmentalProfileConversions" name="test_pydantic_to_dataclass_basic" time="0.000" /><testcase classname="tests.mcp.tools.encounter.test_migration_helpers.TestEnvironmentalProfileConversions" name="test_round_trip_conversion" time="0.000" /><testcase classname="tests.mcp.tools.encounter.test_migration_helpers.TestEnvironmentalProfileConversions" name="test_conversion_with_defaults" time="0.000" /><testcase classname="tests.mcp.tools.encounter.test_migration_helpers.TestEnvironmentalProfileConversions" name="test_conversion_validation_errors" time="0.000" /><testcase classname="tests.mcp.tools.encounter.test_migration_helpers.TestEnvironmentalProfileConversions" name="test_none_input_handling" time="0.000" /><testcase classname="tests.mcp.tools.encounter.test_migration_helpers.TestSerializationFunctions" name="test_environmental_profile_serialization" time="0.000" /><testcase classname="tests.mcp.tools.encounter.test_migration_helpers.TestSerializationFunctions" name="test_thematic_profile_serialization" time="0.001" /><testcase classname="tests.mcp.tools.encounter.test_migration_helpers.TestSerializationFunctions" name="test_balance_metrics_serialization" time="0.000" /><testcase classname="tests.mcp.tools.encounter.test_migration_helpers.TestSerializationFunctions" name="test_balance_analysis_serialization" time="0.003" /><testcase classname="tests.mcp.tools.encounter.test_migration_helpers.TestSerializationFunctions" name="test_serialization_error_handling" time="0.001" /><testcase classname="tests.mcp.tools.encounter.test_migration_helpers.TestSerializationFunctions" name="test_serialization_with_invalid_data" time="0.000" /><testcase classname="tests.integration.test_source_discovery.TestSourceDiscovery" name="test_error_cases_missing_metadata_files" time="0.159" /><testcase classname="tests.integration.test_creatures_spells_command.TestCreaturesSpellsCommand" name="test_creatures_command_with_spells_flag" time="0.702" /><testcase classname="tests.mcp.tools.test_config_tools.TestUpdateConfiguration" name="test_update_configuration_simple" time="0.222" /><testcase classname="tests.integration.test_source_discovery.TestSourceDiscovery" name="test_malformed_metadata_files_handling" time="0.232" /><testcase classname="tests.core.references.test_content_reference_manager.TestReferenceTrackingTagResolver" name="test_init" time="0.242" /><testcase classname="tests.cli.commands.test_convert_creatures.TestCreatureCommandValidation" name="test_creature_command_flag_recognition" time="5.668" /><testcase classname="tests.mcp.tools.test_config_tools.TestUpdateConfiguration" name="test_update_configuration_nested" time="0.200" /><testcase classname="tests.integration.test_source_discovery.TestSourceDiscovery" name="test_configurable_source_manager_interface_methods" time="0.209" /><testcase classname="tests.core.references.test_content_reference_manager.TestReferenceTrackingTagResolver" name="test_resolve_tag_simple" time="0.210" /><testcase classname="tests.integration.test_source_discovery.TestSourceDiscovery" name="test_file_pattern_edge_cases" time="0.000"><skipped type="pytest.skip" message="Tests private implementation details of deprecated UnifiedSourceManager. Functionality verified through public API tests.">/Users/sam/Code/studiorum/tests/integration/test_source_discovery.py:323: Tests private implementation details of deprecated UnifiedSourceManager. Functionality verified through public API tests.</skipped></testcase><testcase classname="tests.mcp.tools.test_config_tools.TestUpdateConfiguration" name="test_update_configuration_with_context" time="0.226" /><testcase classname="tests.core.references.test_content_reference_manager.TestReferenceTrackingTagResolver" name="test_resolve_tag_with_tracking" time="0.170" /><testcase classname="tests.mcp.tools.test_config_tools.TestConfigurePaperLayout" name="test_configure_paper_layout_a4_default" time="0.190" /><testcase classname="tests.mcp.tools.test_config_tools.TestUpdateConfiguration" name="test_update_configuration_validation_error" time="0.218" /><testcase classname="tests.integration.test_creatures_spells_command.TestCreaturesSpellsCommand" name="test_empty_spell_appendix_edge_case" time="0.169" /><testcase classname="tests.mcp.tools.encounter.test_themes_pydantic.TestThematicProfile" name="test_valid_thematic_profile_creation" time="0.002" /><testcase classname="tests.mcp.tools.encounter.test_themes_pydantic.TestThematicProfile" name="test_default_values" time="0.002" /><testcase classname="tests.mcp.tools.encounter.test_themes_pydantic.TestThematicProfile" name="test_json_serialization" time="0.001" /><testcase classname="tests.mcp.tools.encounter.test_themes_pydantic.TestThematicProfile" name="test_intensity_validation" time="0.001" /><testcase classname="tests.mcp.tools.encounter.test_themes_pydantic.TestThematicProfile" name="test_narrative_context_validation" time="0.000" /><testcase classname="tests.mcp.tools.encounter.test_themes_pydantic.TestThematicProfile" name="test_model_config" time="0.002" /><testcase classname="tests.mcp.tools.test_config_tools.TestConfigurePaperLayout" name="test_configure_paper_layout_letter_full_background" time="0.162" /><testcase classname="tests.core.references.test_content_reference_manager.TestReferenceTrackingTagResolver" name="test_resolve_tag_malformed" time="0.226" /><testcase classname="tests.mcp.tools.test_config_tools.TestAddContentSource" name="test_add_content_source_append" time="0.194" /><testcase classname="tests.mcp.tools.test_config_tools.TestConfigurePaperLayout" name="test_configure_paper_layout_a5_optimizations" time="0.207" /><testcase classname="tests.mcp.tools.test_config_tools.TestUpdateConfiguration" name="test_update_configuration_exception_handling" time="0.275" /><testcase classname="tests.core.references.test_content_reference_manager.TestReferenceTrackingTagResolver" name="test_resolve_tag_parsing_error" time="0.233" /><testcase classname="tests.mcp.tools.test_config_tools.TestAddContentSource" name="test_add_content_source_replace" time="0.215" /><testcase classname="tests.mcp.tools.test_config_tools.TestConfigurePaperLayout" name="test_configure_paper_layout_print_optimizations" time="0.197" /><testcase classname="tests.mcp.tools.test_config_tools.TestUpdateConfiguration" name="test_update_configuration_partial_failure" time="0.246" /><testcase classname="tests.mcp.tools.test_config_tools.TestAddContentSource" name="test_add_content_source_no_duplicates" time="0.168" /><testcase classname="tests.mcp.tools.test_config_tools.TestConfigurePaperLayout" name="test_configure_paper_layout_with_context" time="0.154" /><testcase classname="tests.core.references.test_content_reference_manager.TestReferenceTrackingTagResolver" name="test_getattr_delegation" time="0.302" /><testcase classname="tests.mcp.tools.test_config_tools.TestConfigureEncounterPrinting" name="test_configure_encounter_printing_defaults" time="0.218" /><testcase classname="tests.mcp.tools.test_config_tools.TestAddContentSource" name="test_add_content_source_with_context" time="0.173" /><testcase classname="tests.mcp.tools.test_config_tools.TestConfigurePaperLayout" name="test_configure_paper_layout_exception_handling" time="0.214" /><testcase classname="tests.mcp.tools.test_config_tools.TestLoadUserPreferences" name="test_load_user_preferences_success" time="0.249" /><testcase classname="tests.mcp.tools.test_config_tools.TestAddContentSource" name="test_add_content_source_empty_list" time="0.179" /><testcase classname="tests.mcp.tools.test_config_tools.TestConfigureEncounterPrinting" name="test_configure_encounter_printing_optimized" time="0.224" /><testcase classname="tests.mcp.tools.test_config_tools.TestErrorHandlingAndValidation" name="test_invalid_paper_size" time="0.174" /><testcase classname="tests.mcp.tools.test_config_tools.TestLoadUserPreferences" name="test_load_user_preferences_not_found" time="0.192" /><testcase classname="tests.mcp.tools.test_config_tools.TestAddContentSource" name="test_add_content_source_exception_handling" time="0.166" /><testcase classname="tests.renderers.core.test_enhancers.TestContentTrackerEnhancer" name="test_init_with_priority" time="0.001" /><testcase classname="tests.renderers.core.test_enhancers.TestContentTrackerEnhancer" name="test_default_priority" time="0.001" /><testcase classname="tests.renderers.core.test_enhancers.TestContentTrackerEnhancer" name="test_tracks_content_when_enabled" time="0.013" /><testcase classname="tests.renderers.core.test_enhancers.TestContentTrackerEnhancer" name="test_skips_when_disabled" time="0.001" /><testcase classname="tests.renderers.core.test_enhancers.TestContentTrackerEnhancer" name="test_skips_when_no_tracker" time="0.003" /><testcase classname="tests.renderers.core.test_enhancers.TestContentTrackerEnhancer" name="test_handles_tracking_error" time="0.004" /><testcase classname="tests.renderers.core.test_enhancers.TestValidationEnhancer" name="test_init_with_priority" time="0.000" /><testcase classname="tests.renderers.core.test_enhancers.TestValidationEnhancer" name="test_default_priority" time="0.000" /><testcase classname="tests.renderers.core.test_enhancers.TestValidationEnhancer" name="test_skips_when_not_debug_mode" time="0.000" /><testcase classname="tests.renderers.core.test_enhancers.TestValidationEnhancer" name="test_validates_in_debug_mode" time="0.001" /><testcase classname="tests.renderers.core.test_enhancers.TestValidationEnhancer" name="test_detects_suspicious_content_name" time="0.002" /><testcase classname="tests.renderers.core.test_enhancers.TestValidationEnhancer" name="test_handles_validation_error" time="0.000" /><testcase classname="tests.renderers.core.test_unified_renderer.TestUnifiedTagRenderer" name="test_init_with_config" time="0.001" /><testcase classname="tests.renderers.core.test_unified_renderer.TestUnifiedTagRenderer" name="test_init_with_default_config" time="0.000" /><testcase classname="tests.renderers.core.test_unified_renderer.TestUnifiedTagRenderer" name="test_render_tag_success" time="0.001" /><testcase classname="tests.renderers.core.test_unified_renderer.TestUnifiedTagRenderer" name="test_render_tag_no_handler" time="0.004" /><testcase classname="tests.mcp.tools.test_config_tools.TestErrorHandlingAndValidation" name="test_configuration_exception_propagation" time="0.175" /><testcase classname="tests.renderers.core.test_unified_renderer.TestUnifiedTagRenderer" name="test_render_tag_handler_error" time="0.013" /><testcase classname="tests.mcp.tools.test_config_tools.TestConfigureEncounterPrinting" name="test_configure_encounter_printing_single_column" time="0.209" /><testcase classname="tests.renderers.core.test_unified_renderer.TestUnifiedTagRenderer" name="test_enhanced_context_creation" time="0.001" /><testcase classname="tests.renderers.core.test_unified_renderer.TestAdaptiveRenderer" name="test_init" time="0.002" /><testcase classname="tests.renderers.core.test_unified_renderer.TestAdaptiveRenderer" name="test_get_latex_renderer" time="0.000" /><testcase classname="tests.renderers.core.test_unified_renderer.TestAdaptiveRenderer" name="test_get_html_renderer" time="0.000" /><testcase classname="tests.renderers.core.test_unified_renderer.TestAdaptiveRenderer" name="test_get_markdown_renderer" time="0.000" /><testcase classname="tests.renderers.core.test_unified_renderer.TestAdaptiveRenderer" name="test_get_unknown_format_defaults_to_latex" time="0.025" /><testcase classname="tests.renderers.core.test_unified_renderer.TestAdaptiveRenderer" name="test_render_tag_delegates_to_format_renderer" time="0.000" /><testcase classname="tests.renderers.latex.test_content_processor.TestContentProcessorRegistry" name="test_init_registers_default_processors" time="0.001" /><testcase classname="tests.renderers.latex.test_content_processor.TestContentProcessorRegistry" name="test_register_processor" time="0.005" /><testcase classname="tests.mcp.tools.test_config_tools.TestLoadUserPreferences" name="test_load_user_preferences_with_suggestions" time="0.190" /><testcase classname="tests.renderers.latex.test_content_processor.TestContentProcessorRegistry" name="test_get_processor_exists" time="0.001" /><testcase classname="tests.renderers.latex.test_content_processor.TestContentProcessorRegistry" name="test_get_processor_not_exists" time="0.001" /><testcase classname="tests.renderers.latex.test_content_processor.TestContentProcessorRegistry" name="test_process_content_with_processor" time="0.002" /><testcase classname="tests.renderers.latex.test_content_processor.TestContentProcessorRegistry" name="test_process_content_without_processor" time="0.002" /><testcase classname="tests.renderers.latex.test_document_structure.TestDocumentMetadata" name="test_default_metadata" time="0.000" /><testcase classname="tests.renderers.latex.test_document_structure.TestDocumentMetadata" name="test_metadata_with_authors" time="0.001" /><testcase classname="tests.renderers.latex.test_document_structure.TestDocumentMetadata" name="test_metadata_multiple_authors" time="0.002" /><testcase classname="tests.renderers.latex.test_document_structure.TestDocumentMetadata" name="test_document_class_for_type" time="0.001" /><testcase classname="tests.renderers.latex.test_document_structure.TestDocumentMetadata" name="test_frontmatter_usage" time="0.000" /><testcase classname="tests.renderers.latex.test_document_structure.TestDocumentMetadata" name="test_max_section_level" time="0.001" /><testcase classname="tests.renderers.latex.test_document_structure.TestContentSection" name="test_basic_section" time="0.002" /><testcase classname="tests.renderers.latex.test_document_structure.TestContentSection" name="test_unnumbered_section" time="0.000" /><testcase classname="tests.renderers.latex.test_document_structure.TestContentSection" name="test_section_depth" time="0.000" /><testcase classname="tests.renderers.latex.test_document_structure.TestContentSection" name="test_add_subsection" time="0.000" /><testcase classname="tests.renderers.latex.test_document_structure.TestContentSection" name="test_invalid_subsection_hierarchy" time="0.001" /><testcase classname="tests.renderers.latex.test_document_structure.TestContentSection" name="test_get_all_content_items" time="0.002" /><testcase classname="tests.renderers.latex.test_progress_tracker.TestRichProgressReporter" name="test_rich_reporter_initialization" time="0.003" /><testcase classname="tests.renderers.latex.test_progress_tracker.TestRichProgressReporter" name="test_rich_reporter_with_custom_console" time="0.001" /><testcase classname="tests.renderers.latex.test_progress_tracker.TestRichProgressReporter" name="test_rich_reporter_workflow" time="0.001" /><testcase classname="tests.renderers.latex.test_progress_tracker.TestRichProgressReporter" name="test_rich_reporter_error_display" time="0.001" /><testcase classname="tests.renderers.latex.test_progress_tracker.TestRichProgressReporter" name="test_rich_reporter_with_display_manager" time="0.001" /><testcase classname="tests.renderers.latex.test_progress_tracker.TestRichProgressReporter" name="test_rich_reporter_unavailable" time="0.005" /><testcase classname="tests.mcp.tools.test_config_tools.TestErrorHandlingAndValidation" name="test_file_system_error_handling" time="0.146" /><testcase classname="tests.mcp.tools.test_config_tools.TestConfigureEncounterPrinting" name="test_configure_encounter_printing_two_column" time="0.221" /><testcase classname="tests.mcp.tools.test_config_tools.TestLoadUserPreferences" name="test_load_user_preferences_invalid_config" time="0.197" /><testcase classname="tests.unit.models.test_creature_text_formatting.TestCreatureTypeFormatting" name="test_simple_creature_type" time="0.163" /><testcase classname="tests.mcp.tools.test_config_tools.TestErrorHandlingAndValidation" name="test_empty_configuration_updates" time="0.155" /><testcase classname="tests.unit.models.test_creature_text_formatting.TestCreatureTypeFormatting" name="test_creature_type_with_subtype" time="0.163" /><testcase classname="tests.mcp.tools.test_config_tools.TestConfigureEncounterPrinting" name="test_configure_encounter_printing_no_optimization" time="0.219" /><testcase classname="tests.mcp.tools.test_config_tools.TestErrorHandlingAndValidation" name="test_preset_name_validation" time="0.151" /><testcase classname="tests.mcp.tools.test_config_tools.TestLoadUserPreferences" name="test_load_user_preferences_with_context" time="0.204" /><testcase classname="tests.unit.models.test_creature_text_formatting.TestCreatureTypeFormatting" name="test_creature_type_with_tags" time="0.154" /><testcase classname="tests.mcp.tools.test_config_tools.TestErrorHandlingAndValidation" name="test_configuration_serialization_edge_cases" time="0.168" /><testcase classname="tests.mcp.tools.test_config_tools.TestConfigureEncounterPrinting" name="test_configure_encounter_printing_exception_handling" time="0.208" /><testcase classname="tests.mcp.tools.test_config_tools.TestLoadUserPreferences" name="test_load_user_preferences_malformed_json" time="0.212" /><testcase classname="tests.unit.test_models.TestSpeed" name="test_speed_walk_only" time="0.002" /><testcase classname="tests.unit.test_models.TestSpeed" name="test_speed_multiple_types" time="0.001" /><testcase classname="tests.unit.test_models.TestSpeed" name="test_speed_dict_format" time="0.000" /><testcase classname="tests.unit.test_models.TestSpeed" name="test_speed_all_types" time="0.000" /><testcase classname="tests.unit.test_models.TestSpeed" name="test_speed_with_conditions" time="0.000" /><testcase classname="tests.unit.test_models.TestAbility" name="test_ability_basic" time="0.503" /><testcase classname="tests.unit.test_models.TestSpeed" name="test_speed_edge_cases" time="0.002" /><testcase classname="tests.unit.models.test_creature_text_formatting.TestCreatureTypeFormatting" name="test_creature_type_with_subtype_and_tags" time="0.162" /><testcase classname="tests.cli.commands.test_base_convert_command.TestLaTeXMixin" name="test_get_latex_parameters_basic" time="0.158" /><testcase classname="tests.cli.commands.test_base_convert_command.TestAppendixMixin" name="test_init" time="0.875" /><testcase classname="tests.unit.models.test_creature_text_formatting.TestCreatureTypeFormatting" name="test_complex_creature_type_tags" time="0.165" /><testcase classname="tests.cli.commands.test_base_convert_command.TestLaTeXMixin" name="test_get_latex_parameters_no_fonts" time="0.187" /><testcase classname="tests.unit.models.test_creature_text_formatting.TestCreatureTypeFormatting" name="test_choice_creature_type" time="0.166" /><testcase classname="tests.cli.commands.test_base_convert_command.TestLaTeXMixin" name="test_prepare_latex_context" time="0.168" /><testcase classname="tests.unit.test_models.TestAbility" name="test_ability_complex_entries" time="0.006" /><testcase classname="tests.unit.test_models.TestAbility" name="test_ability_with_text_entries" time="0.005" /><testcase classname="tests.unit.test_models.TestAbility" name="test_ability_with_items" time="0.006" /><testcase classname="tests.unit.test_models.TestAbility" name="test_ability_nested_entries" time="0.007" /><testcase classname="tests.unit.test_models.TestAbility" name="test_ability_edge_cases" time="0.015" /><testcase classname="tests.cli.commands.test_convert_adventures.TestConvertAdventureCommand" name="test_convert_adventure_with_file_path" time="0.450" /><testcase classname="tests.cli.commands.test_base_convert_command.TestLaTeXMixin" name="test_should_include_title_page" time="0.144" /><testcase classname="tests.cli.commands.test_base_convert_command.TestLaTeXMixin" name="test_should_include_toc" time="0.191" /><testcase classname="tests.core.references.test_hyperlink_manager.TestHyperlinkManagerEdgeCases" name="test_empty_text" time="0.331" /><testcase classname="tests.cli.commands.test_convert_commands_reduced_mocks.TestConvertCommandsWithReducedMocking" name="test_adventure_conversion_help" time="0.290" /><testcase classname="tests.cli.commands.test_convert_adventures.TestConvertAdventureCommand" name="test_convert_adventure_with_abbreviation" time="0.797" /><testcase classname="tests.core.references.test_hyperlink_manager.TestHyperlinkManagerEdgeCases" name="test_special_characters_in_text" time="0.282" /><testcase classname="tests.cli.commands.test_base_convert_command.TestAppendixMixin" name="test_get_content_reference_manager" time="0.328" /><testcase classname="tests.cli.commands.test_convert_commands_reduced_mocks.TestConvertCommandsWithReducedMocking" name="test_book_conversion_help" time="0.266" /><testcase classname="tests.cli.commands.test_base_convert_command.TestAppendixMixin" name="test_track_content_references" time="0.689" /><testcase classname="tests.core.references.test_hyperlink_manager.TestHyperlinkManagerEdgeCases" name="test_invalid_ref_id" time="0.243" /><testcase classname="tests.cli.commands.test_convert_commands_reduced_mocks.TestConvertCommandsWithReducedMocking" name="test_supplement_conversion_help" time="0.221" /><testcase classname="tests.core.references.test_hyperlink_manager.TestHyperlinkManagerEdgeCases" name="test_unknown_content_type" time="0.200" /><testcase classname="tests.cli.commands.test_convert_commands_reduced_mocks.TestConvertCommandsWithReducedMocking" name="test_invalid_file_path_error_handling" time="0.656" /><testcase classname="tests.core.references.test_hyperlink_manager.TestHyperlinkManagerEdgeCases" name="test_disabled_manager" time="0.219" /><testcase classname="tests.core.resolvers.test_content_resolver.TestContentResolutionResult" name="test_init_with_defaults" time="0.001" /><testcase classname="tests.core.resolvers.test_content_resolver.TestContentResolutionResult" name="test_init_with_values" time="0.018" /><testcase classname="tests.core.resolvers.test_content_resolver.TestContentResolutionResult" name="test_is_success_property" time="0.000" /><testcase classname="tests.core.resolvers.test_content_resolver.TestContentResolutionResult" name="test_needs_user_selection_property" time="0.000" /><testcase classname="tests.core.resolvers.test_content_resolver.TestContentResolutionResult" name="test_has_suggestions_property" time="0.001" /><testcase classname="tests.cli.commands.test_convert_adventures.TestConvertAdventureCommand" name="test_convert_adventure_nonexistent_file" time="0.648" /><testcase classname="tests.integration.test_creature_spell_indexing.TestCreatureSpellIndexing" name="test_creature_implements_deep_indexable" time="0.218" /><testcase classname="tests.cli.commands.test_base_convert_command.TestAppendixMixin" name="test_generate_appendices" time="0.670" /><testcase classname="tests.integration.test_creature_spell_indexing.TestCreatureSpellIndexing" name="test_extract_spell_references_from_creature_traits" time="0.185" /><testcase classname="tests.cli.commands.test_convert_commands_reduced_mocks.TestConvertCommandsWithReducedMocking" name="test_compiler_helper_function_creates_proper_config" time="0.165" /><testcase classname="tests.integration.test_creature_spell_indexing.TestCreatureSpellIndexing" name="test_extract_spell_references_from_creature_actions" time="0.221" /><testcase classname="tests.cli.commands.test_convert_adventures.TestConvertAdventureCommand" name="test_convert_adventure_resolution_failure" time="0.649" /><testcase classname="tests.integration.test_adventure_resolution.TestAdventureResolution" name="test_resolve_adventure_test_full_flow" time="0.182" /><testcase classname="tests.integration.test_creature_spell_indexing.TestCreatureSpellIndexing" name="test_creature_with_no_spells" time="0.216" /><testcase classname="tests.integration.test_adventure_resolution.TestAdventureResolution" name="test_resolve_adventure_missing_content_file" time="0.188" /><testcase classname="tests.cli.commands.test_base_convert_command.TestAppendixMixin" name="test_generate_appendices_no_references" time="0.702" /><testcase classname="tests.integration.test_creature_spell_indexing.TestCreatureSpellIndexing" name="test_creature_with_complex_spellcasting_structure" time="0.180" /><testcase classname="tests.latex_engine.core.images.test_integration.TestCompleteWorkflows" name="test_analyze_and_place_image_bestiary" time="0.021" /><testcase classname="tests.latex_engine.core.images.test_integration.TestCompleteWorkflows" name="test_analyze_and_place_image_adventure" time="0.011" /><testcase classname="tests.integration.test_adventure_resolution.TestAdventureResolution" name="test_resolve_nonexistent_adventure" time="0.178" /><testcase classname="tests.latex_engine.core.images.test_integration.TestCompleteWorkflows" name="test_analyze_and_place_image_items" time="0.014" /><testcase classname="tests.latex_engine.core.images.test_integration.TestCompleteWorkflows" name="test_workflow_error_handling" time="0.006" /><testcase classname="tests.latex_engine.core.images.test_integration.TestCompleteWorkflows" name="test_backward_compatibility_workflow" time="0.027" /><testcase classname="tests.latex_engine.core.images.test_integration.TestRealWorldScenarios" name="test_monster_manual_layout" time="0.022" /><testcase classname="tests.latex_engine.core.images.test_integration.TestRealWorldScenarios" name="test_adventure_module_layout" time="0.031" /><testcase classname="tests.latex_engine.core.images.test_integration.TestRealWorldScenarios" name="test_performance_with_caching" time="0.006" /><testcase classname="tests.latex_engine.core.images.test_integration.TestRealWorldScenarios" name="test_accessibility_optimization_scenario" time="0.001" /><testcase classname="tests.latex_engine.core.images.test_integration.TestRealWorldScenarios" name="test_bandwidth_constrained_scenario" time="0.003" /><testcase classname="tests.latex_engine.core.images.test_specialized_strategies.TestItemCollectionPlacementStrategy" name="test_initialization" time="0.006" /><testcase classname="tests.latex_engine.core.images.test_specialized_strategies.TestItemCollectionPlacementStrategy" name="test_multiple_items_optimization" time="0.007" /><testcase classname="tests.latex_engine.core.images.test_specialized_strategies.TestItemCollectionPlacementStrategy" name="test_single_item_optimization" time="0.008" /><testcase classname="tests.latex_engine.core.images.test_specialized_strategies.TestItemCollectionPlacementStrategy" name="test_table_integration_optimization" time="0.007" /><testcase classname="tests.latex_engine.core.images.test_specialized_strategies.TestItemCollectionPlacementStrategy" name="test_item_metadata_addition" time="0.004" /><testcase classname="tests.integration.test_adventure_resolution.TestAdventureResolution" name="test_multiple_adventures_loaded" time="0.196" /><testcase classname="tests.mcp.test_fastmcp_integration.TestContentSearchPerformance" name="test_search_content_performance_target" time="0.105" /><testcase classname="tests.cli.commands.test_convert_adventures.TestConvertAdventureCommand" name="test_convert_adventure_with_pdf_compilation" time="0.462" /><testcase classname="tests.mcp.test_fastmcp_integration.TestContentSearchPerformance" name="test_content_searcher_caching" time="0.019" /><testcase classname="tests.mcp.test_fastmcp_integration.TestContentSearchPerformance" name="test_search_timeout_handling" time="0.021" /><testcase classname="tests.mcp.test_fastmcp_integration.TestContentSearchPerformance" name="test_performance_targets_configuration" time="0.001" /><testcase classname="tests.mcp.test_fastmcp_integration.TestContentSearchPerformance" name="test_search_filters_application" time="0.007" /><testcase classname="tests.integration.test_real_adventure_deep_indexing.TestRealAdventureDeepIndexing" name="test_omnidexer_deep_indexing_integration" time="0.001"><skipped type="pytest.skip" message="Requires full 5etools data with sources ['xphb', 'xmm', 'xdmg']. Run 'make test-full-data' to test with full dataset (sets STUDIORUM_TEST_FULL_DATA=1).">/Users/sam/Code/studiorum/tests/integration/test_real_adventure_deep_indexing.py:20: Requires full 5etools data with sources ['xphb', 'xmm', 'xdmg']. Run 'make test-full-data' to test with full dataset (sets STUDIORUM_TEST_FULL_DATA=1).</skipped></testcase><testcase classname="tests.integration.test_real_adventure_deep_indexing.TestRealAdventureDeepIndexing" name="test_omnidexer_indexes_adventure_nested_content" time="0.001"><skipped type="pytest.skip" message="Requires full 5etools data with sources ['xphb', 'xmm', 'xdmg']. Run 'make test-full-data' to test with full dataset (sets STUDIORUM_TEST_FULL_DATA=1).">/Users/sam/Code/studiorum/tests/integration/test_real_adventure_deep_indexing.py:74: Requires full 5etools data with sources ['xphb', 'xmm', 'xdmg']. Run 'make test-full-data' to test with full dataset (sets STUDIORUM_TEST_FULL_DATA=1).</skipped></testcase><testcase classname="tests.integration.test_real_adventure_deep_indexing.TestRealAdventureDeepIndexing" name="test_adventure_content_findable_by_name" time="0.001"><skipped type="pytest.skip" message="Requires full 5etools data with sources ['xphb', 'xmm', 'xdmg']. Run 'make test-full-data' to test with full dataset (sets STUDIORUM_TEST_FULL_DATA=1).">/Users/sam/Code/studiorum/tests/integration/test_real_adventure_deep_indexing.py:123: Requires full 5etools data with sources ['xphb', 'xmm', 'xdmg']. Run 'make test-full-data' to test with full dataset (sets STUDIORUM_TEST_FULL_DATA=1).</skipped></testcase><testcase classname="tests.integration.test_real_adventure_deep_indexing.TestRealAdventureDeepIndexing" name="test_deep_indexing_performance_impact" time="0.000"><skipped type="pytest.skip" message="Requires full 5etools data with sources ['xphb', 'xmm', 'xdmg']. Run 'make test-full-data' to test with full dataset (sets STUDIORUM_TEST_FULL_DATA=1).">/Users/sam/Code/studiorum/tests/integration/test_real_adventure_deep_indexing.py:152: Requires full 5etools data with sources ['xphb', 'xmm', 'xdmg']. Run 'make test-full-data' to test with full dataset (sets STUDIORUM_TEST_FULL_DATA=1).</skipped></testcase><testcase classname="tests.integration.test_real_adventure_deep_indexing.TestRealAdventureDeepIndexing" name="test_nested_content_has_unique_hash_keys" time="0.002"><skipped type="pytest.skip" message="Requires full 5etools data with sources ['xphb', 'xmm', 'xdmg']. Run 'make test-full-data' to test with full dataset (sets STUDIORUM_TEST_FULL_DATA=1).">/Users/sam/Code/studiorum/tests/integration/test_real_adventure_deep_indexing.py:186: Requires full 5etools data with sources ['xphb', 'xmm', 'xdmg']. Run 'make test-full-data' to test with full dataset (sets STUDIORUM_TEST_FULL_DATA=1).</skipped></testcase><testcase classname="tests.integration.test_adventure_resolution.TestAdventureResolution" name="test_adventure_count_with_enriched_content" time="0.219" /><testcase classname="tests.cli.commands.test_convert_creatures.TestCreatureCommandValidation" name="test_creatures_spells_flag_recognition" time="0.509" /><testcase classname="tests.latex_engine.core.images.test_specialized_strategies.TestBestiaryPlacementStrategy" name="test_initialization" time="0.056" /><testcase classname="tests.latex_engine.core.images.test_specialized_strategies.TestBestiaryPlacementStrategy" name="test_creature_image_optimization" time="0.022" /><testcase classname="tests.latex_engine.core.images.test_specialized_strategies.TestBestiaryPlacementStrategy" name="test_habitat_image_optimization" time="0.013" /><testcase classname="tests.latex_engine.core.images.test_specialized_strategies.TestBestiaryPlacementStrategy" name="test_non_bestiary_content_warning" time="0.015" /><testcase classname="tests.latex_engine.core.images.test_specialized_strategies.TestBestiaryPlacementStrategy" name="test_bestiary_metadata_addition" time="0.009" /><testcase classname="tests.mcp.tools.test_config_tools.TestConfigureSpellbookGeneration" name="test_configure_spellbook_generation_defaults" time="0.233" /><testcase classname="tests.mcp.tools.test_config_tools.TestSaveUserPreferences" name="test_save_user_preferences_success" time="0.271" /><testcase classname="tests.latex_engine.core.images.test_gallery_decorative.TestChapterOpenerShowcase" name="test_chapter_opener_showcase_creation" time="0.176" /><testcase classname="tests.mcp.tools.test_encounter_tools.TestMCPToolIntegration" name="test_creature_search_placeholder" time="0.201" /><testcase classname="tests.mcp.tools.test_config_tools.TestConfigureSpellbookGeneration" name="test_configure_spellbook_generation_alphabetical" time="0.231" /><testcase classname="tests.latex_engine.core.images.test_gallery_decorative.TestChapterOpenerShowcase" name="test_chapter_opener_with_decorative_elements" time="0.197" /><testcase classname="tests.mcp.tools.test_config_tools.TestSaveUserPreferences" name="test_save_user_preferences_special_characters" time="0.253" /><testcase classname="tests.mcp.tools.test_encounter_tools.TestMCPToolIntegration" name="test_encounter_building_placeholder" time="0.197" /><testcase classname="tests.latex_engine.core.images.test_gallery_decorative.TestChapterOpenerShowcase" name="test_chapter_opener_without_decorative_elements" time="0.173" /><testcase classname="tests.cli.commands.test_convert_creatures.TestCreatureCommandValidation" name="test_creatures_spells_flag_default_behavior" time="0.607" /><testcase classname="tests.mcp.tools.test_config_tools.TestConfigureSpellbookGeneration" name="test_configure_spellbook_generation_by_type" time="0.260" /><testcase classname="tests.integration.test_book_conversion.TestBookConversion" name="test_book_conversion_performance" time="13.257" /><testcase classname="tests.mcp.tools.test_config_tools.TestSaveUserPreferences" name="test_save_user_preferences_empty_name" time="0.212" /><testcase classname="tests.mcp.tools.test_encounter_tools.TestMCPToolIntegration" name="test_encounter_rebalancing_placeholder" time="0.225" /><testcase classname="tests.latex_engine.core.images.test_gallery_decorative.TestChapterOpenerShowcase" name="test_chapter_opener_disabled_enhancements" time="0.175" /><testcase classname="tests.latex_engine.core.images.test_specialized_strategies.TestAdventurePlacementStrategy" name="test_initialization" time="0.028" /><testcase classname="tests.latex_engine.core.images.test_specialized_strategies.TestAdventurePlacementStrategy" name="test_map_image_optimization" time="0.012" /><testcase classname="tests.latex_engine.core.images.test_specialized_strategies.TestAdventurePlacementStrategy" name="test_npc_image_optimization" time="0.009" /><testcase classname="tests.latex_engine.core.images.test_specialized_strategies.TestAdventurePlacementStrategy" name="test_scene_image_optimization" time="0.008" /><testcase classname="tests.mcp.tools.test_config_tools.TestConfigureSpellbookGeneration" name="test_configure_spellbook_generation_minimal" time="0.211" /><testcase classname="tests.latex_engine.core.images.test_specialized_strategies.TestAdventurePlacementStrategy" name="test_adventure_metadata_addition" time="0.011" /><testcase classname="tests.mcp.tools.test_config_tools.TestSaveUserPreferences" name="test_save_user_preferences_with_context" time="0.228" /><testcase classname="tests.mcp.tools.test_encounter_tools.TestMCPToolIntegration" name="test_invalid_rebalancing_strategy" time="0.191" /><testcase classname="tests.latex_engine.core.images.test_gallery_decorative.TestChapterOpenerShowcase" name="test_chapter_opener_processing_failure" time="0.166" /><testcase classname="tests.mcp.tools.test_config_tools.TestConfigureSpellbookGeneration" name="test_configure_spellbook_generation_exception_handling" time="0.253" /><testcase classname="tests.security.test_latex_injection.TestLaTeXEscaping" name="test_basic_latex_special_characters" time="0.002" /><testcase classname="tests.security.test_latex_injection.TestLaTeXEscaping" name="test_unicode_characters" time="0.002" /><testcase classname="tests.security.test_latex_injection.TestLaTeXEscaping" name="test_injection_attempts" time="0.001" /><testcase classname="tests.security.test_latex_injection.TestLaTeXEscaping" name="test_property_based_escaping" time="0.652" /><testcase classname="tests.mcp.tools.test_config_tools.TestSaveUserPreferences" name="test_save_user_preferences_file_error" time="0.249" /><testcase classname="tests.unit.core.logging.test_logger" name="test_setup_logging_configures_handler" time="0.060" /><testcase classname="tests.mcp.tools.test_encounter_tools.TestMCPToolIntegration" name="test_tool_definitions" time="0.193" /><testcase classname="tests.unit.models.test_adventures.TestAdventureMetadata" name="test_metadata_creation" time="0.001" /><testcase classname="tests.unit.models.test_adventures.TestAdventureMetadata" name="test_get_level_range_with_start_end" time="0.000" /><testcase classname="tests.unit.models.test_adventures.TestAdventureMetadata" name="test_get_level_range_single_level" time="0.000" /><testcase classname="tests.unit.models.test_adventures.TestAdventureMetadata" name="test_get_level_range_no_level" time="0.000" /><testcase classname="tests.unit.models.test_adventures.TestAdventureMetadata" name="test_get_level_range_non_dict" time="0.001" /><testcase classname="tests.unit.services.test_lifecycle.TestLifecycleOptimization" name="test_optimize_for_expensive_stateless" time="0.000" /><testcase classname="tests.unit.services.test_lifecycle.TestLifecycleOptimization" name="test_optimize_for_request_isolation" time="0.000" /><testcase classname="tests.unit.services.test_lifecycle.TestLifecycleOptimization" name="test_optimize_for_async_init" time="0.000" /><testcase classname="tests.unit.services.test_lifecycle.TestLifecycleOptimization" name="test_optimize_for_cheap_no_reload" time="0.000" /><testcase classname="tests.renderers.latex.test_book_rendering_integration.TestBookRenderingEntryProcessing" name="test_nested_entry_processing" time="0.381" /><testcase classname="tests.unit.services.test_lifecycle.TestLifecycleOptimization" name="test_optimize_for_cheap_with_reload" time="0.001" /><testcase classname="tests.unit.test_books.TestBookIntegration" name="test_complex_book_creation" time="0.002" /><testcase classname="tests.unit.test_books.TestBookIntegration" name="test_book_chapter_count_complex" time="0.001" /><testcase classname="tests.unit.test_books.TestBookIntegration" name="test_book_authors_text_with_metadata_precedence" time="0.000" /><testcase classname="tests.unit.test_books.TestBookIntegration" name="test_round_trip_serialization" time="0.001" /><testcase classname="tests.unit.test_books.TestBookIntegration" name="test_book_without_metadata_auto_creation" time="0.000" /><testcase classname="tests.unit.core.logging.test_logger" name="test_setup_logging_sets_level" time="0.068" /><testcase classname="tests.unit.models.test_creature_markup_processing.TestCreatureMarkupEdgeCases" name="test_empty_entry_processing" time="0.361" /><testcase classname="tests.unit.core.logging.test_logger" name="test_setup_logging_is_idempotent" time="0.034" /><testcase classname="tests.unit.core.logging.test_logger" name="test_get_logger_returns_logger_instance" time="0.037" /><testcase classname="tests.unit.core.logging.test_logger" name="test_setup_logging_uses_logfire_handler" time="0.039" /><testcase classname="tests.unit.test_models.TestHitPoints" name="test_hit_points_creation" time="0.001" /><testcase classname="tests.unit.test_models.TestHitPoints" name="test_hit_points_special" time="0.000" /><testcase classname="tests.unit.test_models.TestHitPoints" name="test_hit_points_average_only" time="0.001" /><testcase classname="tests.unit.test_models.TestHitPoints" name="test_hit_points_formula_only" time="0.000" /><testcase classname="tests.unit.test_models.TestHitPoints" name="test_hit_points_edge_cases" time="0.001" /><testcase classname="tests.unit.test_cli.TestCacheSystem" name="test_cache_creation" time="0.272" /><testcase classname="tests.renderers.latex.test_book_rendering_integration.TestBookRenderingEntryProcessing" name="test_table_entry_processing" time="0.274" /><testcase classname="tests.unit.test_omnidexer.TestDeepIndexing" name="test_deep_indexing_enabled_by_default" time="0.897" /><testcase classname="tests.unit.test_cli.TestCacheSystem" name="test_cache_set_get" time="0.181" /><testcase classname="tests.unit.models.test_creature_markup_processing.TestCreatureMarkupEdgeCases" name="test_mixed_entry_types_processing" time="0.456" /><testcase classname="tests.security.test_latex_injection.TestLaTeXEscaping" name="test_performance_escaping" time="0.001" /><testcase classname="tests.unit.services.test_lifecycle.TestServiceDescriptor" name="test_service_descriptor_creation" time="0.001" /><testcase classname="tests.unit.services.test_lifecycle.TestServiceDescriptor" name="test_is_async_factory_detection" time="0.000" /><testcase classname="tests.unit.services.test_lifecycle.TestServiceDescriptor" name="test_requires_container_detection" time="0.000" /><testcase classname="tests.unit.services.test_lifecycle.TestServiceDescriptor" name="test_lifecycle_compatibility_validation" time="0.000" /><testcase classname="tests.unit.services.test_lifecycle.TestServiceDescriptor" name="test_async_resource_validation" time="0.001" /><testcase classname="tests.renderers.latex.test_book_rendering_integration.TestBookRenderingEntryProcessing" name="test_list_entry_processing" time="0.251" /><testcase classname="tests.unit.test_cli.TestCacheSystem" name="test_cache_clear" time="0.204" /><testcase classname="tests.unit.test_cli.TestCacheSystem" name="test_cache_stats" time="0.203" /><testcase classname="tests.renderers.latex.test_book_rendering_integration.TestBookRenderingEntryProcessing" name="test_quote_entry_processing" time="0.241" /><testcase classname="tests.unit.test_omnidexer_cache.TestOmnidexerCache" name="test_find_caches_results" time="0.284" /><testcase classname="tests.unit.models.test_creature_markup_processing.TestCreatureMarkupEdgeCases" name="test_malformed_entry_handling" time="0.431" /><testcase classname="tests.unit.test_cli.TestCacheSystem" name="test_cached_decorator" time="0.210" /><testcase classname="tests.unit.test_renderers.TestRenderingContext" name="test_render_context_creation" time="0.002" /><testcase classname="tests.unit.test_renderers.TestRenderingContext" name="test_render_context_with_options" time="0.001" /><testcase classname="tests.unit.test_renderers.TestRenderingContext" name="test_should_include_content_type" time="0.001" /><testcase classname="tests.unit.test_renderers.TestRenderingContext" name="test_context_copy" time="0.001" /><testcase classname="tests.unit.test_renderers.TestRenderingContext" name="test_get_image_path" time="0.009" /><testcase classname="tests.cli.commands.test_cache.TestCacheClear" name="test_cache_clear_with_yes_flag" time="0.013" /><testcase classname="tests.cli.commands.test_cache.TestCacheClear" name="test_cache_clear_empty_cache" time="0.005" /><testcase classname="tests.cli.commands.test_cache.TestCacheClear" name="test_cache_clear_with_confirmation" time="0.024" /><testcase classname="tests.renderers.latex.test_book_rendering_integration.TestBookRenderingEntryProcessing" name="test_unknown_entry_type_handling" time="0.324" /><testcase classname="tests.cli.commands.test_cache.TestCacheClear" name="test_cache_clear_cancelled" time="0.010" /><testcase classname="tests.cli.commands.test_cache.TestCacheDoctor" name="test_cache_doctor_healthy" time="0.011" /><testcase classname="tests.unit.test_omnidexer_cache.TestOmnidexerCache" name="test_find_different_params_different_cache" time="0.333" /><testcase classname="tests.cli.commands.test_cache.TestCacheDoctor" name="test_cache_doctor_directory_error" time="0.007" /><testcase classname="tests.cli.commands.test_cache.TestCacheDoctor" name="test_cache_doctor_high_usage_warning" time="0.006" /><testcase classname="tests.cli.commands.test_cache.TestCacheDoctor" name="test_cache_doctor_database_error" time="0.006" /><testcase classname="tests.cli.commands.test_data_commands.TestDeprecatedSourcesCommands" name="test_sources_command_removed" time="0.044" /><testcase classname="tests.unit.test_renderers.TestLaTeXTemplateEngine" name="test_template_engine_creation" time="0.001" /><testcase classname="tests.unit.test_renderers.TestLaTeXTemplateEngine" name="test_builtin_templates_loaded" time="0.001" /><testcase classname="tests.unit.test_renderers.TestLaTeXTemplateEngine" name="test_render_simple_template" time="0.005" /><testcase classname="tests.unit.test_renderers.TestLaTeXTemplateEngine" name="test_render_template_with_conditionals" time="0.007" /><testcase classname="tests.unit.test_renderers.TestLaTeXTemplateEngine" name="test_unknown_template" time="0.004" /><testcase classname="tests.cli.commands.test_data_commands.TestDeprecatedSourcesCommands" name="test_sources_add_command_removed" time="0.025" /><testcase classname="tests.core.assets.test_image_enhancement.TestImageSourceConfigurations" name="test_git_source_validation" time="0.001" /><testcase classname="tests.core.assets.test_image_enhancement.TestImageSourceConfigurations" name="test_http_api_source_validation" time="0.000" /><testcase classname="tests.core.assets.test_image_enhancement.TestImageSourceConfigurations" name="test_local_directory_validation" time="0.001" /><testcase classname="tests.core.assets.test_image_enhancement.TestImageSourceConfigurations" name="test_source_name_validation" time="0.001" /><testcase classname="tests.core.config.test_latex_config.TestLaTeXConfig" name="test_default_config" time="0.000" /><testcase classname="tests.core.config.test_latex_config.TestLaTeXConfig" name="test_get_content_type_config_adventure" time="0.000" /><testcase classname="tests.core.config.test_latex_config.TestLaTeXConfig" name="test_get_content_type_config_article" time="0.000" /><testcase classname="tests.core.config.test_latex_config.TestLaTeXConfig" name="test_get_content_type_config_supplement" time="0.002" /><testcase classname="tests.core.config.test_workflow_config.TestSpellbookWorkflow" name="test_default_spellbook_config" time="0.001" /><testcase classname="tests.cli.commands.test_data_commands.TestDeprecatedSourcesCommands" name="test_sources_help_command_removed" time="0.025" /><testcase classname="tests.core.config.test_workflow_config.TestSpellbookWorkflow" name="test_spellbook_print_optimization" time="0.001" /><testcase classname="tests.core.config.test_workflow_config.TestSpellbookWorkflow" name="test_spellbook_no_homebrew" time="0.001" /><testcase classname="tests.core.config.test_workflow_config.TestSpellbookWorkflow" name="test_spellbook_non_cleric_focused" time="0.001" /><testcase classname="tests.cli.commands.test_data_commands.TestDeprecatedSourcesCommands" name="test_main_help_shows_data_prominently" time="0.048" /><testcase classname="tests.unit.models.test_creature_markup_processing.TestCreatureMarkupEdgeCases" name="test_entry_processor_construction_failure" time="0.410" /><testcase classname="tests.core.config.test_workflow_config.TestHomebrewWorkflow" name="test_default_homebrew_config" time="0.001" /><testcase classname="tests.core.config.test_workflow_config.TestHomebrewWorkflow" name="test_homebrew_no_official" time="0.001" /><testcase classname="tests.core.config.test_workflow_config.TestHomebrewWorkflow" name="test_homebrew_strict_validation" time="0.000" /><testcase classname="tests.core.config.test_workflow_config.TestHomebrewWorkflow" name="test_homebrew_print_optimization" time="0.001" /><testcase classname="tests.core.loaders.test_content_sources.TestFactoryFunctions" name="test_create_file_source" time="0.002" /><testcase classname="tests.core.loaders.test_content_sources.TestFactoryFunctions" name="test_create_omnidexer_source" time="0.002" /><testcase classname="tests.core.loaders.test_content_sources.TestFactoryFunctions" name="test_create_stdin_source" time="0.002" /><testcase classname="tests.core.loaders.test_content_sources.TestFactoryFunctions" name="test_create_inline_source" time="0.002" /><testcase classname="tests.core.logging.test_image_observability.TestContextManagers" name="test_track_image_operation_success" time="0.038" /><testcase classname="tests.unit.test_omnidexer.TestDeepIndexing" name="test_deep_indexing_can_be_disabled" time="0.818" /><testcase classname="tests.core.logging.test_image_observability.TestContextManagers" name="test_track_image_operation_failure" time="0.002" /><testcase classname="tests.core.logging.test_image_observability.TestContextManagers" name="test_track_async_image_operation_success" time="0.017" /><testcase classname="tests.core.logging.test_image_observability.TestContextManagers" name="test_track_async_image_operation_failure" time="0.017" /><testcase classname="tests.core.errors.test_architecture_errors.TestErrorIntegration" name="test_error_hierarchy" time="0.173" /><testcase classname="tests.core.logging.test_image_observability.TestDecorators" name="test_observe_image_processing_sync" time="0.002" /><testcase classname="tests.core.logging.test_image_observability.TestDecorators" name="test_observe_image_processing_with_extractors" time="0.001" /><testcase classname="tests.core.logging.test_image_observability.TestDecorators" name="test_observe_image_processing_async" time="0.021" /><testcase classname="tests.unit.test_omnidexer_cache.TestOmnidexerCache" name="test_search_caches_results" time="0.298" /><testcase classname="tests.core.logging.test_image_observability.TestDecorators" name="test_observe_cache_operation" time="0.002" /><testcase classname="tests.core.models.test_rule_types.TestAction" name="test_action_creation" time="0.001" /><testcase classname="tests.core.models.test_rule_types.TestAction" name="test_action_with_time_and_flags" time="0.000" /><testcase classname="tests.core.models.test_rule_types.TestAction" name="test_action_hash_key" time="0.000" /><testcase classname="tests.core.models.test_rule_types.TestAction" name="test_action_validation_error" time="0.002" /><testcase classname="tests.core.errors.test_architecture_errors.TestErrorIntegration" name="test_error_with_suggestions" time="0.167" /><testcase classname="tests.unit.models.test_creature_markup_processing.TestCreatureMarkupEdgeCases" name="test_context_creation_failure" time="0.337" /><testcase classname="tests.unit.test_renderers.TestLaTeXDocumentRenderer" name="test_document_renderer_creation" time="0.005" /><testcase classname="tests.core.registry.test_integration.TestRegistryIntegration" name="test_content_type_decorator_registers_successfully" time="0.160" /><testcase classname="tests.unit.test_omnidexer_cache.TestOmnidexerCache" name="test_search_different_params_different_cache" time="0.296" /><testcase classname="tests.core.errors.test_architecture_errors.TestErrorIntegration" name="test_error_severity_levels" time="0.170" /><testcase classname="tests.core.registry.test_integration.TestRegistryIntegration" name="test_registry_finalization_works" time="0.186" /><testcase classname="tests.core.errors.test_architecture_errors.TestErrorIntegration" name="test_complex_error_context" time="0.192" /><testcase classname="tests.core.text.test_tag_resolver.TestTagParser" name="test_parser_handles_simple_text" time="0.029" /><testcase classname="tests.core.text.test_tag_resolver.TestTagParser" name="test_parser_handles_simple_creature_tag" time="0.017" /><testcase classname="tests.core.text.test_tag_resolver.TestTagParser" name="test_parser_handles_creature_tag_with_display_text" time="0.024" /><testcase classname="tests.core.registry.test_integration.TestRegistryIntegration" name="test_fallback_behavior_when_registry_not_finalized" time="0.206" /><testcase classname="tests.core.text.test_tag_resolver.TestTagParser" name="test_parser_handles_mixed_content" time="0.019" /><testcase classname="tests.unit.test_omnidexer_cache.TestOmnidexerCache" name="test_cache_ttl_respected" time="0.296" /><testcase classname="tests.core.text.test_tag_types.TestEdgeCases" name="test_content_reference_with_very_long_strings" time="0.000" /><testcase classname="tests.core.text.test_tag_types.TestEdgeCases" name="test_special_tag_with_complex_metadata" time="0.000" /><testcase classname="tests.core.text.test_tag_types.TestEdgeCases" name="test_unicode_handling" time="0.000" /><testcase classname="tests.core.text.test_tag_types.TestEdgeCases" name="test_whitespace_edge_cases" time="0.002" /><testcase classname="tests.integration.test_adventure_resolution_no_duplicates.TestAdventureResolutionNoDuplicates" name="test_omnidexer_loads_only_metadata_adventures" time="0.034" /><testcase classname="tests.unit.test_renderers.TestLaTeXDocumentRenderer" name="test_render_single_spell" time="0.518" /><testcase classname="tests.integration.test_adventure_resolution_no_duplicates.TestAdventureResolutionNoDuplicates" name="test_content_resolver_finds_unique_adventures" time="0.025" /><testcase classname="tests.unit.test_omnidexer.TestDeepIndexing" name="test_class_feature_parsing" time="0.677" /><testcase classname="tests.integration.test_adventure_resolution_no_duplicates.TestAdventureResolutionNoDuplicates" name="test_no_duplicate_adventures_in_omnidexer_stats" time="0.025" /><testcase classname="tests.integration.test_adventure_resolution_no_duplicates.TestAdventureResolutionNoDuplicates" name="test_adventure_content_files_ignored_during_indexing" time="0.031" /><testcase classname="tests.core.registry.test_integration.TestRegistryIntegration" name="test_multiple_content_types_registration" time="0.190" /><testcase classname="tests.core.text.test_tag_types.TestTagResolutionResult" name="test_tag_resolution_result_content_reference" time="0.001" /><testcase classname="tests.core.text.test_tag_types.TestTagResolutionResult" name="test_tag_resolution_result_formatting_node" time="0.000" /><testcase classname="tests.core.text.test_tag_types.TestTagResolutionResult" name="test_tag_resolution_result_special_tag" time="0.001" /><testcase classname="tests.core.text.test_tag_types.TestTagResolutionResult" name="test_tag_resolution_result_string" time="0.001" /><testcase classname="tests.core.references.test_cross_reference_manager.TestCrossReferenceManagerEdgeCases" name="test_empty_name_handling" time="0.249" /><testcase classname="tests.core.references.test_cross_reference_manager.TestCrossReferenceManagerEdgeCases" name="test_none_name_handling" time="0.239" /><testcase classname="tests.unit.test_renderers.TestLaTeXDocumentRenderer" name="test_render_multiple_content" time="1.041" /><testcase classname="tests.core.references.test_cross_reference_manager.TestCrossReferenceManagerEdgeCases" name="test_unicode_names" time="0.204" /><testcase classname="tests.unit.test_omnidexer.TestDeepIndexing" name="test_subclass_feature_parsing" time="0.639" /><testcase classname="tests.integration.test_creature_edge_cases_real_data.TestCreatureCollectionEdgeCases" name="test_collection_with_extreme_cr_ranges" time="0.742" /><testcase classname="tests.integration.test_creature_real_5etools_data.TestCreatureOutputQualityValidation" name="test_stat_block_completeness_validation" time="0.700" /><testcase classname="tests.core.references.test_cross_reference_manager.TestCrossReferenceManagerEdgeCases" name="test_very_long_names" time="0.218" /><testcase classname="tests.unit.test_renderers.TestLaTeXDocumentRenderer" name="test_render_to_file" time="0.053" /><testcase classname="tests.unit.test_renderers.TestLaTeXDocumentRenderer" name="test_render_to_file_error_handling" time="5.662" /><testcase classname="tests.unit.test_omnidexer.TestDeepIndexing" name="test_malformed_feature_references_handling" time="0.630" /><testcase classname="tests.integration.test_creature_edge_cases_real_data.TestCreatureCollectionEdgeCases" name="test_collection_with_unusual_type_filters" time="0.611" /><testcase classname="tests.integration.test_creature_real_5etools_data.TestCreatureOutputQualityValidation" name="test_latex_output_syntax_validation" time="0.605" /><testcase classname="tests.integration.test_creature_real_5etools_data.TestCreatureRegressionSuite" name="test_baseline_creature_stat_blocks_regression" time="0.648" /><testcase classname="tests.integration.test_modern_container_integration.TestRequestScopedContainer" name="test_request_container_properties" time="0.009" /><testcase classname="tests.integration.test_modern_container_integration.TestRequestScopedContainer" name="test_request_container_isolation" time="0.011" /><testcase classname="tests.integration.test_modern_container_integration.TestRequestScopedContainer" name="test_sync_cache_cleanup_on_container_cleanup" time="0.002" /><testcase classname="tests.integration.test_modern_container_integration.TestRequestScopedContainer" name="test_sync_service_existing_async_instance" time="0.006" /><testcase classname="tests.latex_engine.core.images.test_placement_models.TestImageDimensions" name="test_create_from_dimensions_landscape" time="0.007" /><testcase classname="tests.latex_engine.core.images.test_placement_models.TestImageDimensions" name="test_create_from_dimensions_portrait" time="0.000" /><testcase classname="tests.latex_engine.core.images.test_placement_models.TestImageDimensions" name="test_create_from_dimensions_square" time="0.000" /><testcase classname="tests.latex_engine.core.images.test_placement_models.TestImageDimensions" name="test_create_from_dimensions_nearly_square" time="0.002" /><testcase classname="tests.latex_engine.core.images.test_placement_models.TestOptimizationConfig" name="test_create_optimization_config" time="0.001" /><testcase classname="tests.latex_engine.core.images.test_placement_models.TestOptimizationConfig" name="test_optimization_config_validation" time="0.000" /><testcase classname="tests.latex_engine.core.images.test_placement_models.TestOptimizationConfig" name="test_create_default_optimization_configs" time="0.000" /><testcase classname="tests.latex_engine.core.images.test_placement_models.TestOptimizationConfig" name="test_optimization_config_defaults" time="0.001" /><testcase classname="tests.mcp.tools.encounter.test_migration_helpers.TestThematicProfileConversions" name="test_dataclass_to_pydantic_basic" time="0.001" /><testcase classname="tests.mcp.tools.encounter.test_migration_helpers.TestThematicProfileConversions" name="test_pydantic_to_dataclass_basic" time="0.000" /><testcase classname="tests.mcp.tools.encounter.test_migration_helpers.TestThematicProfileConversions" name="test_round_trip_conversion" time="0.000" /><testcase classname="tests.mcp.tools.encounter.test_migration_helpers.TestThematicProfileConversions" name="test_conversion_with_invalid_narrative_context" time="0.000" /><testcase classname="tests.mcp.tools.encounter.test_themes_pydantic.TestEnvironmentalProfileMethods" name="test_calculate_creature_suitability_basic" time="0.000" /><testcase classname="tests.mcp.tools.encounter.test_themes_pydantic.TestEnvironmentalProfileMethods" name="test_creature_suitability_with_darkvision" time="0.000" /><testcase classname="tests.mcp.tools.encounter.test_themes_pydantic.TestEnvironmentalProfileMethods" name="test_creature_suitability_with_flight" time="0.000" /><testcase classname="tests.mcp.tools.encounter.test_themes_pydantic.TestEnvironmentalProfileMethods" name="test_creature_suitability_bounds" time="0.001" /><testcase classname="tests.mcp.tools.encounter.test_themes_pydantic.TestThematicProfileMethods" name="test_calculate_thematic_fit_basic" time="0.001" /><testcase classname="tests.mcp.tools.encounter.test_themes_pydantic.TestThematicProfileMethods" name="test_thematic_fit_with_intensity" time="0.000" /><testcase classname="tests.mcp.tools.encounter.test_themes_pydantic.TestThematicProfileMethods" name="test_thematic_fit_with_mixed_themes" time="0.001" /><testcase classname="tests.mcp.tools.encounter.test_themes_pydantic.TestThematicProfileMethods" name="test_thematic_fit_bounds" time="0.002" /><testcase classname="tests.mcp.tools.test_config_tools.TestAsyncRequestContextIntegration" name="test_context_isolation" time="0.208" /><testcase classname="tests.integration.test_creature_edge_cases_real_data.TestCreatureCollectionEdgeCases" name="test_collection_with_nonexistent_criteria" time="0.629" /><testcase classname="tests.integration.test_creature_real_5etools_data.TestCreatureOutputQualityValidation" name="test_cross_reference_consistency" time="0.702" /><testcase classname="tests.integration.test_creature_real_5etools_data.TestCreatureRegressionSuite" name="test_data_loading_performance_regression" time="0.704" /><testcase classname="tests.mcp.tools.test_config_tools.TestAsyncRequestContextIntegration" name="test_context_updates_user_config" time="0.243" /><testcase classname="tests.mcp.tools.test_config_tools.TestAsyncRequestContextIntegration" name="test_context_sources_integration" time="0.232" /><testcase classname="tests.integration.test_adventure_conversion.TestAdventureConversion" name="test_conversion_performance_is_reasonable" time="13.289" /><testcase classname="tests.mcp.tools.test_config_tools.TestAsyncRequestContextIntegration" name="test_multiple_tools_same_context" time="0.190" /><testcase classname="tests.renderers.core.test_enhancers.TestCompositeEnhancer" name="test_init_with_enhancers" time="0.002" /><testcase classname="tests.renderers.core.test_enhancers.TestCompositeEnhancer" name="test_get_priority_returns_lowest" time="0.000" /><testcase classname="tests.renderers.core.test_enhancers.TestCompositeEnhancer" name="test_applies_enhancers_in_sequence" time="0.001" /><testcase classname="tests.integration.test_creature_edge_cases_real_data.TestCreatureCollectionEdgeCases" name="test_collection_performance_with_large_filters" time="0.654" /><testcase classname="tests.renderers.core.test_enhancers.TestCompositeEnhancer" name="test_handles_enhancer_errors" time="0.029" /><testcase classname="tests.renderers.core.test_interfaces.TestUnifiedTagRenderer" name="test_unified_renderer_creation" time="0.001" /><testcase classname="tests.renderers.core.test_interfaces.TestUnifiedTagRenderer" name="test_render_tag_success_path" time="0.003" /><testcase classname="tests.renderers.core.test_interfaces.TestUnifiedTagRenderer" name="test_render_tag_unknown_type" time="0.009" /><testcase classname="tests.renderers.core.test_interfaces.TestUnifiedTagRenderer" name="test_render_tag_error_handling" time="0.037" /><testcase classname="tests.renderers.core.test_unified_renderer.TestConvenienceFunctions" name="test_create_simple_latex_renderer" time="0.002" /><testcase classname="tests.renderers.core.test_unified_renderer.TestConvenienceFunctions" name="test_create_full_latex_renderer" time="0.002" /><testcase classname="tests.renderers.core.test_unified_renderer.TestConvenienceFunctions" name="test_create_debug_renderer" time="0.001" /><testcase classname="tests.renderers.core.test_unified_renderer.TestConvenienceFunctions" name="test_create_debug_renderer_non_latex" time="0.001" /><testcase classname="tests.integration.test_creature_real_5etools_data.TestCreatureOutputQualityValidation" name="test_data_integrity_validation" time="0.738" /><testcase classname="tests.integration.test_creature_real_5etools_data.TestCreatureRegressionSuite" name="test_markup_processing_regression" time="1.258" /><testcase classname="tests.latex_engine.core.images.test_gallery_decorative.TestDecorativeElementIntegration" name="test_decorative_elements_in_grid_layout" time="0.332" /><testcase classname="tests.renderers.latex.images.test_format_converter.TestFormatConverterSync" name="test_convert_webp_sync_success" time="0.306" /><testcase classname="tests.latex_engine.core.images.test_phase3_content_integration.TestRecursiveEntryProcessorGallery" name="test_process_gallery_entry" time="0.345" /><testcase classname="tests.latex_engine.core.images.test_gallery_decorative.TestDecorativeElementIntegration" name="test_decorative_elements_required_packages" time="0.257" /><testcase classname="tests.renderers.latex.images.test_format_converter.TestFormatConverterSync" name="test_convert_webp_sync_rgba" time="0.241" /><testcase classname="tests.latex_engine.core.images.test_phase3_content_integration.TestRecursiveEntryProcessorGallery" name="test_process_gallery_images_disabled" time="0.239" /><testcase classname="tests.renderers.latex.images.test_format_converter.TestFormatConverterSync" name="test_convert_webp_sync_error" time="0.209" /><testcase classname="tests.latex_engine.core.images.test_gallery_decorative.TestDecorativeElementIntegration" name="test_color_scheme_consistency" time="0.304" /><testcase classname="tests.latex_engine.core.images.test_phase3_content_integration.TestRecursiveEntryProcessorGallery" name="test_process_gallery_basic_fallback" time="0.209" /><testcase classname="tests.renderers.latex.images.test_format_converter.TestFormatConverterSync" name="test_convert_to_png_sync_success" time="0.249" /><testcase classname="tests.latex_engine.core.images.test_gallery_decorative.TestDecorativeElementIntegration" name="test_decorative_elements_with_empty_gallery" time="0.215" /><testcase classname="tests.unit.core.test_validation_error_handling.TestValidationErrorDeduplication" name="test_error_tracker_deduplicates_identical_errors" time="0.001" /><testcase classname="tests.unit.core.test_validation_error_handling.TestValidationErrorDeduplication" name="test_error_tracker_different_files_still_deduplicated" time="0.001" /><testcase classname="tests.unit.core.test_validation_error_handling.TestValidationErrorDeduplication" name="test_error_tracker_different_errors_not_deduplicated" time="0.001" /><testcase classname="tests.unit.core.test_validation_error_handling.TestValidationErrorDeduplication" name="test_error_tracker_summary_includes_counts" time="0.004" /><testcase classname="tests.latex_engine.core.images.test_phase3_content_integration.TestRecursiveEntryProcessorGallery" name="test_get_gallery_processor" time="0.233" /><testcase classname="tests.unit.core.test_validation_error_handling.TestValidationStrictnessConfiguration" name="test_default_settings_include_validation_options" time="0.002" /><testcase classname="tests.unit.core.test_validation_error_handling.TestValidationStrictnessConfiguration" name="test_validation_strictness_levels" time="0.002" /><testcase classname="tests.unit.core.test_validation_error_handling.TestValidationStrictnessConfiguration" name="test_validation_strictness_from_environment" time="0.002" /><testcase classname="tests.unit.core.test_validation_error_handling.TestValidationStrictnessConfiguration" name="test_validation_summary_from_environment" time="0.007" /><testcase classname="tests.unit.models.test_creature_text_formatting.TestCreatureAlignmentFormatting" name="test_simple_alignment_abbreviations" time="0.219" /><testcase classname="tests.renderers.latex.test_template_engine.TestTemplateRendering" name="test_render_simple_template" time="0.235" /><testcase classname="tests.unit.models.test_creature_text_formatting.TestCreatureStatBlockIntegration" name="test_complete_stat_block_header" time="0.216" /><testcase classname="tests.integration.test_creature_real_5etools_data.TestCreatureRegressionSuite" name="test_validation_stability_regression" time="0.690" /><testcase classname="tests.unit.models.test_creature_text_formatting.TestCreatureAlignmentFormatting" name="test_complex_alignment_patterns" time="0.239" /><testcase classname="tests.renderers.latex.test_template_engine.TestTemplateRendering" name="test_render_template_with_conditionals" time="0.242" /><testcase classname="tests.unit.models.test_creature_text_formatting.TestCreatureStatBlockIntegration" name="test_armor_class_text_generation" time="0.214" /><testcase classname="tests.performance.test_creature_scale_benchmarks.TestCreatureDatasetScaling" name="test_small_dataset_baseline" time="0.312" /><testcase classname="tests.unit.models.test_creature_text_formatting.TestCreatureAlignmentFormatting" name="test_special_alignment_format" time="0.216" /><testcase classname="tests.renderers.latex.test_template_engine.TestTemplateRendering" name="test_render_template_with_loops" time="0.242" /><testcase classname="tests.unit.models.test_creature_text_formatting.TestCreatureStatBlockIntegration" name="test_challenge_rating_text_variations" time="0.233" /><testcase classname="tests.unit.models.test_creature_text_formatting.TestCreatureAlignmentFormatting" name="test_choice_alignment_format" time="0.217" /><testcase classname="tests.renderers.latex.test_template_engine.TestTemplateRendering" name="test_render_template_inheritance" time="0.206" /><testcase classname="tests.unit.services.test_protocols.TestProtocolDocumentation" name="test_service_protocol_has_docstring" time="0.001" /><testcase classname="tests.unit.services.test_protocols.TestProtocolDocumentation" name="test_async_resource_protocol_has_docstring" time="0.000" /><testcase classname="tests.unit.services.test_protocols.TestProtocolDocumentation" name="test_configurable_service_protocol_has_docstring" time="0.000" /><testcase classname="tests.unit.services.test_protocols.TestProtocolDocumentation" name="test_omnidexer_protocol_has_docstring" time="0.002" /><testcase classname="tests.performance.test_creature_scale_benchmarks.TestCreatureDatasetScaling" name="test_medium_dataset_performance" time="0.329" /><testcase classname="tests.unit.models.test_creature_text_formatting.TestCreatureStatBlockIntegration" name="test_special_challenge_rating" time="0.212" /><testcase classname="tests.unit.test_base_renderer.TestRenderingError" name="test_rendering_error_creation" time="0.002" /><testcase classname="tests.unit.test_base_renderer.TestRenderingError" name="test_rendering_error_with_args" time="0.002" /><testcase classname="tests.unit.test_base_renderer.TestRenderingError" name="test_rendering_error_inheritance" time="0.001" /><testcase classname="tests.unit.test_base_renderer.TestRenderingError" name="test_rendering_error_raise_and_catch" time="0.000" /><testcase classname="tests.unit.models.test_creature_text_formatting.TestCreatureTextValidation" name="test_empty_fields_handling" time="0.249" /><testcase classname="tests.unit.test_cli.TestCLIMain" name="test_cli_help" time="0.315" /><testcase classname="tests.unit.test_creature_filtering_collection.TestCreatureCollectionResult" name="test_basic_result_creation" time="0.226" /><testcase classname="tests.performance.test_creature_scale_benchmarks.TestCreatureDatasetScaling" name="test_large_dataset_performance" time="0.385" /><testcase classname="tests.unit.models.test_creature_text_formatting.TestCreatureTextValidation" name="test_string_list_formatting" time="0.211" /><testcase classname="tests.unit.test_creature_filtering_collection.TestCreatureCollectionResult" name="test_result_with_creatures" time="0.226" /><testcase classname="tests.unit.test_cli.TestCLIMain" name="test_cli_version" time="0.293" /><testcase classname="tests.unit.models.test_creature_text_formatting.TestCreatureTextValidation" name="test_numeric_formatting_consistency" time="0.231" /><testcase classname="tests.performance.test_creature_scale_benchmarks.TestCreatureDatasetScaling" name="test_scaling_characteristics" time="1.117" /><testcase classname="tests.unit.test_creature_filtering_collection.TestCreatureCollectionResult" name="test_result_metadata" time="0.256" /><testcase classname="tests.unit.models.test_creature_text_formatting.TestCreatureTextValidation" name="test_case_sensitivity_handling" time="0.189" /><testcase classname="tests.unit.test_cli.TestCLIMain" name="test_cli_no_args" time="0.310" /><testcase classname="tests.unit.test_creature_filtering_collection.TestCreatureCollectionResult" name="test_result_grouping_by_cr" time="0.238" /><testcase classname="tests.unit.test_models.TestSpell" name="test_spell_creation" time="0.001" /><testcase classname="tests.unit.test_models.TestSpell" name="test_spell_validation_error" time="0.001" /><testcase classname="tests.unit.test_models.TestSpell" name="test_spell_level_text" time="0.002" /><testcase classname="tests.unit.test_models.TestSpell" name="test_spell_components_text" time="0.003" /><testcase classname="tests.unit.test_spell_references.TestSpellReference" name="test_spell_reference_str_simple" time="0.002" /><testcase classname="tests.unit.test_spell_references.TestSpellReference" name="test_spell_reference_str_with_source" time="0.002" /><testcase classname="tests.unit.test_spell_references.TestSpellReference" name="test_spell_reference_str_with_display_text" time="0.002" /><testcase classname="tests.unit.test_spell_references.TestSpellReference" name="test_spell_reference_str_display_text_overrides_source" time="0.001" /><testcase classname="tests.cli.commands.test_cache.TestCacheShow" name="test_cache_show_displays_stats" time="0.008" /><testcase classname="tests.cli.commands.test_cache.TestCacheShow" name="test_cache_show_high_usage_warning" time="0.009" /><testcase classname="tests.cli.commands.test_cache.TestCacheShow" name="test_cache_show_low_usage_status" time="0.012" /><testcase classname="tests.cli.commands.test_convert_hybrid.TestFileVsAbbreviationDetection" name="test_file_detection_absolute_path" time="0.003" /><testcase classname="tests.cli.commands.test_convert_hybrid.TestFileVsAbbreviationDetection" name="test_file_detection_relative_path" time="0.004" /><testcase classname="tests.unit.test_json_loader_cache.TestJsonLoaderCache" name="test_cache_hit_on_second_load" time="0.254" /><testcase classname="tests.cli.commands.test_convert_hybrid.TestFileVsAbbreviationDetection" name="test_abbreviation_detection" time="0.000" /><testcase classname="tests.cli.commands.test_convert_hybrid.TestErrorHandling" name="test_invalid_json_file" time="0.002" /><testcase classname="tests.cli.commands.test_convert_hybrid.TestErrorHandling" name="test_empty_adventure_file" time="0.005" /><testcase classname="tests.cli.commands.test_convert_hybrid.TestErrorHandling" name="test_unsupported_content_type_for_file" time="0.003" /><testcase classname="tests.unit.test_cli.TestCLIMain" name="test_quick_convert_missing_file" time="0.284" /><testcase classname="tests.unit.test_models.TestArmorClass" name="test_armor_class_creation" time="0.001" /><testcase classname="tests.unit.test_models.TestArmorClass" name="test_armor_class_special" time="0.001" /><testcase classname="tests.unit.test_models.TestArmorClass" name="test_armor_class_conditional" time="0.001" /><testcase classname="tests.unit.test_models.TestArmorClass" name="test_armor_class_edge_cases" time="0.000" /><testcase classname="tests.cli.commands.test_convert_pdf.TestPDFCompilation" name="test_compile_pdf_success" time="0.010" /><testcase classname="tests.cli.commands.test_convert_pdf.TestPDFCompilation" name="test_compile_pdf_failure" time="0.010" /><testcase classname="tests.cli.commands.test_convert_pdf.TestPDFCompilation" name="test_compile_pdf_latex_not_found" time="0.007" /><testcase classname="tests.cli.commands.test_convert_latex_options.TestLaTeXDocumentOptions" name="test_adventure_with_latex_options" time="0.516" /><testcase classname="tests.unit.test_json_loader_cache.TestJsonLoaderCache" name="test_cache_invalidation_on_file_change" time="0.301" /><testcase classname="tests.cli.commands.test_convert_spells.TestConvertSpellsCommand" name="test_convert_spells_with_spell_names" time="0.775" /><testcase classname="tests.unit.test_json_loader_cache.TestJsonLoaderCache" name="test_cache_key_includes_content_type" time="0.210" /><testcase classname="tests.cli.commands.test_convert_latex_options.TestLaTeXDocumentOptions" name="test_book_with_default_latex_options" time="0.000"><skipped type="pytest.skip" message="Test requires proper isolation from global container">/Users/sam/Code/studiorum/tests/cli/commands/test_convert_latex_options.py:162: Test requires proper isolation from global container</skipped></testcase><testcase classname="tests.unit.test_cli.TestCLICommands" name="test_convert_help" time="0.358" /><testcase classname="tests.unit.test_json_loader_cache.TestJsonLoaderCache" name="test_cache_handles_missing_file" time="0.240" /><testcase classname="tests.cli.commands.test_convert_latex_options.TestLaTeXDocumentOptions" name="test_supplement_with_paper_size_from_settings" time="0.508" /><testcase classname="tests.cli.commands.test_convert_supplements.TestConvertSupplementCommand" name="test_convert_supplement_with_spells" time="0.497" /><testcase classname="tests.unit.test_cli.TestCLICommands" name="test_list_help" time="0.336" /><testcase classname="tests.cli.commands.test_convert_spells.TestConvertSpellsCommand" name="test_convert_spells_file_not_found" time="0.799" /><testcase classname="tests.cli.commands.test_setup_commands.TestCheckSetupCommand" name="test_check_setup_no_sources" time="0.258" /><testcase classname="tests.latex_engine.core.images.test_gallery_decorative.TestGalleryConfigDecorative" name="test_decorative_config_defaults" time="0.381" /><testcase classname="tests.unit.test_cli.TestCLICommands" name="test_info_help" time="0.343" /><testcase classname="tests.cli.commands.test_convert_supplements.TestConvertSupplementCommand" name="test_convert_supplement_nonexistent_file" time="0.292" /><testcase classname="tests.cli.commands.test_setup_commands.TestCheckSetupCommand" name="test_check_setup_success" time="0.244" /><testcase classname="tests.latex_engine.core.images.test_gallery_decorative.TestGalleryConfigDecorative" name="test_custom_decorative_config" time="0.374" /><testcase classname="tests.unit.test_cli.TestCLICommands" name="test_stats_help" time="0.320" /><testcase classname="tests.cli.commands.test_convert_supplements.TestConvertSupplementCommand" name="test_convert_supplement_empty_content" time="0.269" /><testcase classname="tests.core.config.test_environment_variables.TestEnvironmentVariableIntegration" name="test_global_config_with_environment_variables" time="0.005" /><testcase classname="tests.core.config.test_environment_variables.TestEnvironmentVariableIntegration" name="test_config_isolation_between_tests" time="0.003" /><testcase classname="tests.core.config.test_environment_variables.TestEnvironmentVariableIntegration" name="test_environment_changes_dont_affect_existing_config" time="0.005" /><testcase classname="tests.core.config.test_workflow_config.TestDMReferenceWorkflow" name="test_default_dm_reference_config" time="0.001" /><testcase classname="tests.core.config.test_workflow_config.TestDMReferenceWorkflow" name="test_dm_reference_quick_mode" time="0.001" /><testcase classname="tests.core.config.test_workflow_config.TestDMReferenceWorkflow" name="test_dm_reference_print_optimization" time="0.000" /><testcase classname="tests.core.config.test_workflow_config.TestEncounterPrintingWorkflow" name="test_default_encounter_config" time="0.001" /><testcase classname="tests.core.config.test_workflow_config.TestEncounterPrintingWorkflow" name="test_encounter_custom_paper_size" time="0.000" /><testcase classname="tests.core.config.test_workflow_config.TestEncounterPrintingWorkflow" name="test_encounter_with_images" time="0.002" /><testcase classname="tests.cli.commands.test_setup_commands.TestCheckSetupCommand" name="test_check_setup_error" time="0.336" /><testcase classname="tests.core.config.test_workflow_config.TestAdventureCreationWorkflow" name="test_default_adventure_config" time="0.000" /><testcase classname="tests.core.config.test_workflow_config.TestAdventureCreationWorkflow" name="test_adventure_source_limit" time="0.000" /><testcase classname="tests.core.config.test_workflow_config.TestAdventureCreationWorkflow" name="test_adventure_screen_optimization" time="0.003" /><testcase classname="tests.core.loaders.test_content_sources.TestValidationResult" name="test_init_valid" time="0.002" /><testcase classname="tests.core.loaders.test_content_sources.TestValidationResult" name="test_add_error" time="0.002" /><testcase classname="tests.core.loaders.test_content_sources.TestValidationResult" name="test_add_warning" time="0.002" /><testcase classname="tests.core.logging.test_image_observability.TestPerformanceReporting" name="test_generate_performance_report" time="0.011" /><testcase classname="tests.core.logging.test_image_observability.TestPerformanceReporting" name="test_generate_performance_report_poor_performance" time="0.011" /><testcase classname="tests.core.logging.test_image_observability.TestPerformanceReporting" name="test_log_performance_summary" time="0.004" /><testcase classname="tests.core.models.test_rule_types.TestCondition" name="test_condition_creation" time="0.002" /><testcase classname="tests.core.models.test_rule_types.TestCondition" name="test_condition_with_reprints" time="0.001" /><testcase classname="tests.core.models.test_rule_types.TestCondition" name="test_condition_hash_key" time="0.002" /><testcase classname="tests.core.models.test_rule_types.TestSense" name="test_sense_creation" time="0.002" /><testcase classname="tests.core.models.test_rule_types.TestSense" name="test_sense_with_reprints" time="0.003" /><testcase classname="tests.core.models.test_rule_types.TestSense" name="test_sense_hash_key" time="0.001" /><testcase classname="tests.core.models.test_rule_types.TestHazard" name="test_hazard_creation" time="0.000" /><testcase classname="tests.core.models.test_rule_types.TestHazard" name="test_hazard_hash_key" time="0.001" /><testcase classname="tests.core.models.test_rule_types.TestHazard" name="test_hazard_without_type" time="0.001" /><testcase classname="tests.core.models.test_rule_types.TestStatus" name="test_status_creation" time="0.001" /><testcase classname="tests.core.models.test_rule_types.TestStatus" name="test_status_with_reprints" time="0.001" /><testcase classname="tests.core.models.test_rule_types.TestStatus" name="test_status_hash_key" time="0.003" /><testcase classname="tests.core.models.test_rule_types.TestRuleTypeSourceHandling" name="test_string_source_conversion" time="0.002" /><testcase classname="tests.core.models.test_rule_types.TestRuleTypeSourceHandling" name="test_dict_source_conversion" time="0.003" /><testcase classname="tests.cli.commands.test_convert_spells.TestConvertSpellsCommand" name="test_convert_spells_no_spells_found" time="0.310" /><testcase classname="tests.core.models.test_rule_types.TestRuleTypeSourceHandling" name="test_hash_key_consistency" time="0.002" /><testcase classname="tests.latex_engine.core.images.test_gallery_decorative.TestGalleryConfigDecorative" name="test_decorative_style_options" time="0.324" /><testcase classname="tests.core.models.test_rule_types.TestFieldAliases" name="test_basic_rules_alias" time="0.003" /><testcase classname="tests.core.models.test_rule_types.TestFieldAliases" name="test_reprinted_as_alias" time="0.001" /><testcase classname="tests.core.models.test_rule_types.TestFieldAliases" name="test_trap_haz_type_alias" time="0.000" /><testcase classname="tests.core.registry.test_content_type_registry.TestContentTypeMetadata" name="test_valid_metadata" time="0.001" /><testcase classname="tests.core.registry.test_content_type_registry.TestContentTypeMetadata" name="test_invalid_enum_value" time="0.003" /><testcase classname="tests.core.registry.test_content_type_registry.TestContentTypeMetadata" name="test_empty_file_patterns" time="0.006" /><testcase classname="tests.core.test_async_request_context.TestSyncRequestContext" name="test_sync_context_creation" time="0.001" /><testcase classname="tests.core.test_async_request_context.TestSyncRequestContext" name="test_sync_context_manager" time="0.001" /><testcase classname="tests.core.test_async_request_context.TestSyncRequestContext" name="test_sync_property_access" time="0.001" /><testcase classname="tests.core.test_async_request_context.TestContextFactories" name="test_async_request_context_manager" time="0.008" /><testcase classname="tests.core.test_async_request_context.TestContextFactories" name="test_sync_request_context_manager" time="0.003" /><testcase classname="tests.core.errors.test_architecture_errors.TestResultPatternUsage" name="test_content_source_error_in_result" time="0.216" /><testcase classname="tests.core.test_async_request_context.TestContextFactories" name="test_performance_monitored_context" time="0.020" /><testcase classname="tests.core.test_exceptions.TestProcessingError" name="test_basic_error" time="0.001" /><testcase classname="tests.core.test_exceptions.TestProcessingError" name="test_error_with_full_context" time="0.000" /><testcase classname="tests.core.test_exceptions.TestProcessingError" name="test_error_with_partial_context" time="0.002" /><testcase classname="tests.core.test_exceptions.TestResultPatterns" name="test_error_result_creation" time="0.003" /><testcase classname="tests.core.test_exceptions.TestResultPatterns" name="test_success_result_creation" time="0.001" /><testcase classname="tests.core.test_exceptions.TestResultPatterns" name="test_error_with_context_chaining" time="0.000" /><testcase classname="tests.core.text.test_tag_parser.TestTagParseError" name="test_tag_parse_error_basic" time="0.002" /><testcase classname="tests.core.text.test_tag_parser.TestTagParseError" name="test_tag_parse_error_with_position" time="0.001" /><testcase classname="tests.core.text.test_tag_parser.TestTagParseError" name="test_tag_parse_error_with_text_and_position" time="0.002" /><testcase classname="tests.core.errors.test_architecture_errors.TestContentSourceError" name="test_init_basic" time="0.296" /><testcase classname="tests.integration.latex.test_latex_compilation.TestLaTeXCompilation" name="test_minimal_latex_document_compiles" time="0.000"><skipped type="pytest.skip" message="DND-5e-LaTeX-Template not installed. Install with: pip install git+https://github.com/rpgtex/DND-5e-LaTeX-Template.git">/Users/sam/Code/studiorum/tests/integration/latex/test_latex_compilation.py:98: DND-5e-LaTeX-Template not installed. Install with: pip install git+https://github.com/rpgtex/DND-5e-LaTeX-Template.git</skipped></testcase><testcase classname="tests.integration.latex.test_latex_compilation.TestLaTeXCompilation" name="test_test_book_renders_and_compiles" time="0.002"><skipped type="pytest.skip" message="DND-5e-LaTeX-Template not installed. Install with: pip install git+https://github.com/rpgtex/DND-5e-LaTeX-Template.git">/Users/sam/Code/studiorum/tests/integration/latex/test_latex_compilation.py:130: DND-5e-LaTeX-Template not installed. Install with: pip install git+https://github.com/rpgtex/DND-5e-LaTeX-Template.git</skipped></testcase><testcase classname="tests.integration.latex.test_latex_compilation.TestLaTeXCompilation" name="test_test_adventure_renders_and_compiles" time="0.001"><skipped type="pytest.skip" message="DND-5e-LaTeX-Template not installed. Install with: pip install git+https://github.com/rpgtex/DND-5e-LaTeX-Template.git">/Users/sam/Code/studiorum/tests/integration/latex/test_latex_compilation.py:203: DND-5e-LaTeX-Template not installed. Install with: pip install git+https://github.com/rpgtex/DND-5e-LaTeX-Template.git</skipped></testcase><testcase classname="tests.cli.commands.test_setup_commands.TestSetupEdgeCases" name="test_add_source_interactive_github_validation_error" time="0.236" /><testcase classname="tests.core.errors.test_architecture_errors.TestResultPatternUsage" name="test_validation_error_in_result" time="0.273" /><testcase classname="tests.latex_engine.core.images.test_gallery_decorative.TestGalleryConfigDecorative" name="test_color_scheme_options" time="0.370" /><testcase classname="tests.core.config.test_workflow_config.TestCharacterSheetWorkflow" name="test_default_character_sheet_config" time="0.000" /><testcase classname="tests.core.config.test_workflow_config.TestCharacterSheetWorkflow" name="test_character_sheet_compact_layout" time="0.001" /><testcase classname="tests.latex_engine.core.images.test_adventure_integration.TestAdventureIntegrationConfig" name="test_default_config" time="0.245" /><testcase classname="tests.core.config.test_workflow_config.TestCharacterSheetWorkflow" name="test_character_sheet_no_references" time="0.002" /><testcase classname="tests.latex_engine.core.images.test_content_aware_strategy.TestUserPreferences" name="test_create_user_preferences" time="0.001" /><testcase classname="tests.latex_engine.core.images.test_content_aware_strategy.TestUserPreferences" name="test_user_preferences_defaults" time="0.002" /><testcase classname="tests.latex_engine.core.images.test_content_aware_strategy.TestUserPreferences" name="test_user_preferences_validation" time="0.000" /><testcase classname="tests.latex_engine.core.images.test_integration.TestComponentIntegration" name="test_strategy_with_layout_analyzer" time="0.024" /><testcase classname="tests.latex_engine.core.images.test_integration.TestComponentIntegration" name="test_output_optimizer_with_profiles" time="0.022" /><testcase classname="tests.latex_engine.core.images.test_integration.TestComponentIntegration" name="test_enhanced_placer_component_integration" time="0.052" /><testcase classname="tests.core.errors.test_architecture_errors.TestContentSourceError" name="test_init_with_additional_context" time="0.346" /><testcase classname="tests.latex_engine.core.images.test_integration.TestErrorRecoveryAndFallbacks" name="test_graceful_degradation_component_failures" time="0.008" /><testcase classname="tests.latex_engine.core.images.test_integration.TestErrorRecoveryAndFallbacks" name="test_fallback_chain_integration" time="0.009" /><testcase classname="tests.latex_engine.core.images.test_integration.TestErrorRecoveryAndFallbacks" name="test_memory_and_resource_cleanup" time="0.009" /><testcase classname="tests.cli.commands.test_setup_commands.TestSetupEdgeCases" name="test_add_source_interactive_directory_validation_error" time="0.259" /><testcase classname="tests.core.errors.test_architecture_errors.TestResultPatternUsage" name="test_success_result" time="0.251" /><testcase classname="tests.core.test_exceptions.TestMalformedDataError" name="test_malformed_dict_entry" time="0.001" /><testcase classname="tests.core.test_exceptions.TestMalformedDataError" name="test_malformed_non_dict_entry" time="0.000" /><testcase classname="tests.core.test_exceptions.TestMalformedDataError" name="test_malformed_error_is_processing_error" time="0.000" /><testcase classname="tests.latex_engine.core.images.test_adventure_integration.TestAdventureIntegrationConfig" name="test_custom_config" time="0.280" /><testcase classname="tests.cli.commands.test_setup_commands.TestSetupEdgeCases" name="test_setup_local_with_exception_handling" time="0.279" /><testcase classname="tests.latex_engine.core.images.test_content_aware_strategy.TestPlacementWeights" name="test_create_placement_weights" time="0.001" /><testcase classname="tests.core.errors.test_architecture_errors.TestContentSourceError" name="test_inheritance" time="0.354" /><testcase classname="tests.latex_engine.core.images.test_content_aware_strategy.TestPlacementWeights" name="test_normalize_weights" time="0.003" /><testcase classname="tests.latex_engine.core.images.test_content_aware_strategy.TestPlacementWeights" name="test_normalize_zero_weights" time="0.005" /><testcase classname="tests.latex_engine.core.images.test_phase3_content_integration.TestPhase3Integration" name="test_end_to_end_gallery_processing" time="0.302" /><testcase classname="tests.latex_engine.core.images.test_placement_models.TestPlacementFactor" name="test_create_placement_factor" time="0.001" /><testcase classname="tests.latex_engine.core.images.test_placement_models.TestPlacementFactor" name="test_placement_factor_clamping" time="0.002" /><testcase classname="tests.latex_engine.core.images.test_placement_models.TestPlacementFactor" name="test_placement_factor_validation" time="0.002" /><testcase classname="tests.latex_engine.core.images.test_phase3_content_integration.TestGalleryEntry" name="test_gallery_entry_creation" time="0.382" /><testcase classname="tests.latex_engine.core.images.test_specialized_strategies.TestSpellCollectionPlacementStrategy" name="test_spell_school_optimization" time="0.075" /><testcase classname="tests.latex_engine.core.images.test_adventure_integration.TestAdventureIntegrationConfig" name="test_config_validation" time="0.262" /><testcase classname="tests.latex_engine.core.images.test_specialized_strategies.TestSpellCollectionPlacementStrategy" name="test_component_image_optimization" time="0.007" /><testcase classname="tests.latex_engine.core.images.test_enhanced_image_placer.TestEnhancedPlacementConfig" name="test_create_enhanced_config" time="0.000" /><testcase classname="tests.latex_engine.core.images.test_enhanced_image_placer.TestEnhancedPlacementConfig" name="test_enhanced_config_defaults" time="0.000" /><testcase classname="tests.latex_engine.core.images.test_enhanced_image_placer.TestEnhancedPlacementConfig" name="test_enhanced_config_inherits_base" time="0.002" /><testcase classname="tests.latex_engine.core.images.test_specialized_strategies.TestSpellCollectionPlacementStrategy" name="test_spell_metadata_addition" time="0.009" /><testcase classname="tests.mcp.tools.encounter.test_migration_helpers.TestBalanceMetricsConversions" name="test_dataclass_to_pydantic_basic" time="0.003" /><testcase classname="tests.mcp.tools.encounter.test_migration_helpers.TestBalanceMetricsConversions" name="test_pydantic_to_dataclass_basic" time="0.001" /><testcase classname="tests.mcp.tools.encounter.test_migration_helpers.TestBalanceMetricsConversions" name="test_round_trip_conversion" time="0.000" /><testcase classname="tests.latex_engine.core.images.test_phase3_content_integration.TestPhase3Integration" name="test_bestiary_with_gallery_integration" time="0.265" /><testcase classname="tests.latex_engine.core.images.test_adventure_integration.TestAdventureImageMetadata" name="test_basic_metadata" time="0.321" /><testcase classname="tests.mcp.tools.test_config_tools.TestGetConfiguration" name="test_get_configuration_success" time="0.250" /><testcase classname="tests.mcp.tools.test_encounter_tools.TestEncounterConstraints" name="test_basic_constraints" time="0.279" /><testcase classname="tests.latex_engine.core.images.test_phase3_content_integration.TestGalleryEntry" name="test_gallery_entry_defaults" time="0.408" /><testcase classname="tests.latex_engine.core.images.test_phase3_content_integration.TestPhase3Integration" name="test_item_collection_with_gallery_layout" time="0.283" /><testcase classname="tests.latex_engine.core.images.test_specialized_strategies.TestStrategyInheritance" name="test_bestiary_inherits_base_factors" time="0.020" /><testcase classname="tests.latex_engine.core.images.test_adventure_integration.TestAdventureImageMetadata" name="test_chapter_opener_metadata" time="0.300" /><testcase classname="tests.latex_engine.core.images.test_specialized_strategies.TestStrategyInheritance" name="test_adventure_inherits_base_factors" time="0.015" /><testcase classname="tests.mcp.tools.test_encounter_tools.TestEncounterConstraints" name="test_constraint_validation" time="0.231" /><testcase classname="tests.mcp.tools.test_config_tools.TestGetConfiguration" name="test_get_configuration_with_context" time="0.284" /><testcase classname="tests.latex_engine.core.images.test_specialized_strategies.TestStrategyInheritance" name="test_item_strategy_weight_inheritance" time="0.007" /><testcase classname="tests.latex_engine.core.images.test_phase3_content_integration.TestGalleryEntry" name="test_gallery_entry_validation" time="0.371" /><testcase classname="tests.mcp.tools.encounter.test_balancer_pydantic.TestBalanceMetricsIntegration" name="test_realistic_balance_scenario" time="0.001" /><testcase classname="tests.mcp.tools.encounter.test_balancer_pydantic.TestBalanceMetricsIntegration" name="test_perfect_balance_scenario" time="0.000" /><testcase classname="tests.mcp.tools.encounter.test_balancer_pydantic.TestBalanceMetricsIntegration" name="test_poor_balance_scenario" time="0.002" /><testcase classname="tests.mcp.tools.test_encounter_tools.TestEncounterConstraints" name="test_xp_constraints" time="0.241" /><testcase classname="tests.mcp.tools.test_config_tools.TestGetConfiguration" name="test_get_configuration_exception_handling" time="0.260" /><testcase classname="tests.latex_engine.core.images.test_adventure_integration.TestAdventureImageMetadata" name="test_npc_metadata" time="0.285" /><testcase classname="tests.mcp.tools.test_encounter_tools.TestEncounterServiceIntegration" name="test_service_registration" time="0.306" /><testcase classname="tests.mcp.tools.test_encounter_tools.TestPartyComposition" name="test_basic_party_composition" time="0.248" /><testcase classname="tests.mcp.tools.test_encounter_tools.TestThematicProfiles" name="test_thematic_profile_creation" time="0.250" /><testcase classname="tests.mcp.tools.test_encounter_tools.TestEncounterServiceIntegration" name="test_encounter_collector_service_creation" time="0.257" /><testcase classname="tests.mcp.tools.test_encounter_tools.TestEnvironmentalProfiles" name="test_environmental_profile_creation" time="0.368" /><testcase classname="tests.performance.test_content_loading_performance.TestContentLoadingPerformance" name="test_omnidexer_loading_performance" time="0.784" /><testcase classname="tests.mcp.tools.test_encounter_tools.TestPartyComposition" name="test_mixed_level_party" time="0.235" /><testcase classname="tests.mcp.tools.test_encounter_tools.TestThematicProfiles" name="test_thematic_fit_calculation" time="0.232" /><testcase classname="tests.mcp.tools.test_encounter_tools.TestEncounterServiceIntegration" name="test_container_integration" time="0.233" /><testcase classname="tests.mcp.tools.test_encounter_tools.TestEnvironmentalProfiles" name="test_creature_suitability_calculation" time="0.342" /><testcase classname="tests.mcp.tools.test_encounter_tools.TestPartyComposition" name="test_party_size_multipliers" time="0.261" /><testcase classname="tests.mcp.tools.test_encounter_tools.TestThematicProfiles" name="test_invalid_theme_type" time="0.248" /><testcase classname="tests.property_based.test_content_stateful.TestContentInteractionProperties" name="test_bulk_operations_consistency" time="0.796" /><testcase classname="tests.performance.test_creature_scale_benchmarks.TestMemoryUsageValidation" name="test_memory_stability_during_repeated_operations" time="2.870" /><testcase classname="tests.mcp.tools.test_encounter_tools.TestEnvironmentalProfiles" name="test_invalid_environment_type" time="0.340" /><testcase classname="tests.property_based.test_creature_properties.TestCreatureDataIntegrity" name="test_creature_basic_validation" time="0.396" /><testcase classname="tests.performance.test_tag_system_benchmark.TestTagSystemPerformance" name="test_tag_system_basic_performance" time="0.386" /><testcase classname="tests.performance.test_content_loading_performance.TestContentLoadingPerformance" name="test_content_resolution_performance" time="0.883"><skipped type="pytest.skip" message="Insufficient data for meaningful performance testing: 1 adventures, 1 books">/Users/sam/Code/studiorum/tests/performance/test_content_loading_performance.py:76: Insufficient data for meaningful performance testing: 1 adventures, 1 books</skipped></testcase><testcase classname="tests.performance.test_tag_system_benchmark.TestTagSystemPerformance" name="test_tag_system_with_large_text" time="1.234" /><testcase classname="tests.property_based.test_creature_properties.TestCreatureDataIntegrity" name="test_ability_score_modifier_calculation" time="0.161" /><testcase classname="tests.property_based.test_content_stateful.TestContentInteractionProperties" name="test_content_type_hash_mapping" time="0.343" /><testcase classname="tests.property_based.test_creature_properties.TestCreatureDataIntegrity" name="test_combat_statistics_relationships" time="0.180" /><testcase classname="tests.integration.test_book_conversion.TestBookConversion" name="test_book_omnidexer_loading" time="0.967" /><testcase classname="tests.renderers.core.test_handlers.TestBookTagHandler" name="test_book_handler_initialization" time="0.001" /><testcase classname="tests.renderers.core.test_handlers.TestBookTagHandler" name="test_extract_content_info_with_page" time="0.001" /><testcase classname="tests.renderers.core.test_handlers.TestBookTagHandler" name="test_extract_content_info_page_one" time="0.001" /><testcase classname="tests.renderers.core.test_interfaces.TestContentReferenceInfo" name="test_content_reference_info_creation" time="0.001" /><testcase classname="tests.renderers.core.test_interfaces.TestContentReferenceInfo" name="test_content_reference_info_with_all_fields" time="0.002" /><testcase classname="tests.renderers.core.test_interfaces.TestContentReferenceInfo" name="test_content_reference_info_validation_empty_name" time="0.001" /><testcase classname="tests.renderers.core.test_interfaces.TestEnhancementPipeline" name="test_enhancement_pipeline_ordering" time="0.001" /><testcase classname="tests.renderers.core.test_interfaces.TestEnhancementPipeline" name="test_enhancement_pipeline_apply" time="0.001" /><testcase classname="tests.renderers.core.test_interfaces.TestEnhancementPipeline" name="test_enhancement_pipeline_error_handling" time="0.023" /><testcase classname="tests.renderers.core.test_unified_renderer.TestStandardUnifiedRenderer" name="test_create_latex_renderer" time="0.003" /><testcase classname="tests.renderers.core.test_unified_renderer.TestStandardUnifiedRenderer" name="test_create_html_renderer" time="0.001" /><testcase classname="tests.renderers.core.test_unified_renderer.TestStandardUnifiedRenderer" name="test_create_markdown_renderer" time="0.001" /><testcase classname="tests.renderers.latex.images.test_image_processor.TestImageProcessingConfig" name="test_default_config" time="0.001" /><testcase classname="tests.renderers.latex.images.test_image_processor.TestImageProcessingConfig" name="test_custom_config" time="0.000" /><testcase classname="tests.renderers.latex.images.test_image_processor.TestImageProcessingConfig" name="test_invalid_config" time="0.001" /><testcase classname="tests.renderers.latex.test_document_structure.TestDocumentStructureIntegration" name="test_book_document_structure" time="0.002" /><testcase classname="tests.renderers.latex.test_document_structure.TestDocumentStructureIntegration" name="test_article_document_structure" time="0.002" /><testcase classname="tests.renderers.latex.test_document_structure.TestDocumentStructureIntegration" name="test_supplement_document_organization" time="0.001" /><testcase classname="tests.renderers.latex.test_entry_renderers.TestEntryRendererRegistry" name="test_renderer_registration" time="0.003" /><testcase classname="tests.property_based.test_content_stateful.TestContentInteractionProperties" name="test_content_statistics_invariants" time="0.116" /><testcase classname="tests.renderers.latex.test_entry_renderers.TestEntryRendererRegistry" name="test_unknown_content_type" time="0.004" /><testcase classname="tests.renderers.latex.test_entry_renderers.TestEntryRendererRegistry" name="test_custom_renderer_registration" time="0.002" /><testcase classname="tests.renderers.latex.test_progress_tracker.TestCompilationProgress" name="test_compilation_progress_initialization" time="0.001" /><testcase classname="tests.renderers.latex.test_progress_tracker.TestCompilationProgress" name="test_update_overall_progress" time="0.000" /><testcase classname="tests.renderers.latex.test_progress_tracker.TestCompilationProgress" name="test_update_overall_progress_edge_cases" time="0.000" /><testcase classname="tests.renderers.latex.test_progress_tracker.TestSimpleProgressReporter" name="test_simple_reporter_workflow" time="0.001" /><testcase classname="tests.renderers.latex.test_progress_tracker.TestSimpleProgressReporter" name="test_simple_reporter_error_display" time="0.002" /><testcase classname="tests.renderers.latex.test_progress_tracker.TestSimpleProgressReporter" name="test_simple_reporter_failure" time="0.001" /><testcase classname="tests.renderers.core.test_handlers.TestConditionTagHandler" name="test_condition_handler_initialization" time="0.002" /><testcase classname="tests.renderers.core.test_handlers.TestConditionTagHandler" name="test_extract_content_info_with_condition_attribute" time="0.001" /><testcase classname="tests.renderers.core.test_handlers.TestConditionTagHandler" name="test_extract_content_info_fallback_to_name" time="0.001" /><testcase classname="tests.unit.core.test_validation_error_handling.TestJsonLoaderValidationIntegration" name="test_json_loader_uses_error_tracker" time="0.004" /><testcase classname="tests.unit.core.test_validation_error_handling.TestJsonLoaderValidationIntegration" name="test_json_loader_respects_strictness_setting" time="0.002" /><testcase classname="tests.performance.test_content_loading_performance.TestContentLoadingPerformance" name="test_repeated_resolution_consistency" time="0.999"><skipped type="pytest.skip" message="Insufficient data for meaningful performance testing">/Users/sam/Code/studiorum/tests/performance/test_content_loading_performance.py:125: Insufficient data for meaningful performance testing</skipped></testcase><testcase classname="tests.unit.core.test_validation_error_handling.TestJsonLoaderValidationIntegration" name="test_json_loader_logs_summary_when_enabled" time="0.105" /><testcase classname="tests.unit.core.test_validation_error_handling.TestValidationErrorMessages" name="test_error_message_includes_context" time="0.002" /><testcase classname="tests.unit.core.test_validation_error_handling.TestValidationErrorMessages" name="test_error_message_includes_suggested_fixes" time="0.001" /><testcase classname="tests.unit.core.test_validation_error_handling.TestValidationErrorMessages" name="test_error_categorization" time="0.001" /><testcase classname="tests.security.test_latex_injection.TestTemplateInjectionVulnerabilities" name="test_template_variable_injection" time="0.368" /><testcase classname="tests.unit.models.test_creature_stat_blocks.TestCreatureAbilities" name="test_ability_text_extraction" time="0.997" /><testcase classname="tests.property_based.test_spell_properties.TestSpellDataIntegrity" name="test_spell_entries_non_empty" time="0.998" /><testcase classname="tests.integration.test_book_conversion.TestBookConversion" name="test_book_content_resolver_enrichment" time="0.959" /><testcase classname="tests.security.test_latex_injection.TestTemplateInjectionVulnerabilities" name="test_spell_template_vulnerabilities" time="0.416" /><testcase classname="tests.performance.test_tag_system_benchmark.TestTagSystemPerformance" name="test_memory_usage_basic" time="1.082" /><testcase classname="tests.security.test_latex_injection.TestTemplateInjectionVulnerabilities" name="test_creature_template_vulnerabilities" time="0.413" /><testcase classname="tests.unit.models.test_creature_stat_blocks.TestCreatureAbilities" name="test_ability_name_processing" time="0.778" /><testcase classname="tests.unit.models.test_creature_stat_blocks.TestCreatureLayoutDecisions" name="test_full_width_layout_legendary_actions" time="0.316" /><testcase classname="tests.renderers.core.test_handlers.TestAdventureTagHandler" name="test_adventure_handler_initialization" time="0.001" /><testcase classname="tests.renderers.core.test_handlers.TestAdventureTagHandler" name="test_extract_content_info_with_page" time="0.002" /><testcase classname="tests.renderers.core.test_handlers.TestAdventureTagHandler" name="test_extract_content_info_page_one" time="0.000" /><testcase classname="tests.integration.test_book_conversion.TestBookConversion" name="test_book_content_loading_caching" time="0.839" /><testcase classname="tests.property_based.test_spell_properties.TestSpellDataIntegrity" name="test_spell_range_consistency" time="0.526" /><testcase classname="tests.performance.test_creature_scale_benchmarks.TestMemoryUsageValidation" name="test_memory_usage_during_large_batch_processing" time="1.860" /><testcase classname="tests.unit.test_cli.TestCLIErrorHandling" name="test_unknown_command" time="0.265" /><testcase classname="tests.integration.test_book_conversion.TestBookConversion" name="test_book_latex_output_quality" time="11.425" /><testcase classname="tests.unit.models.test_creature_stat_blocks.TestCreatureLayoutDecisions" name="test_full_width_layout_many_traits" time="0.337" /><testcase classname="tests.unit.test_cli.TestCLIErrorHandling" name="test_convert_missing_file" time="0.831" /><testcase classname="tests.unit.models.test_creature_stat_blocks.TestCreatureLayoutDecisions" name="test_compact_layout_simple_creature" time="0.274" /><testcase classname="tests.unit.models.test_creature_stat_blocks.TestCreatureAbilities" name="test_complex_entry_structure" time="0.762" /><testcase classname="tests.property_based.test_spell_properties.TestSpellDataIntegrity" name="test_spell_saving_throw_formatting" time="0.699" /><testcase classname="tests.unit.test_cli.TestCLIFileOperations" name="test_list_files_no_directories" time="0.324" /><testcase classname="tests.unit.test_cli.TestCLIFileOperations" name="test_info_file_nonexistent" time="0.296" /><testcase classname="tests.unit.test_cli.TestCLIErrorHandling" name="test_info_content_not_found" time="0.742" /><testcase classname="tests.unit.models.test_creature_stat_blocks.TestCreatureValidation" name="test_minimal_creature_validation" time="0.236" /><testcase classname="tests.unit.test_cli.TestCLIFileOperations" name="test_info_file_invalid_json" time="0.358" /><testcase classname="tests.unit.models.test_creature_stat_blocks.TestCreatureValidation" name="test_ability_score_bounds" time="0.255" /><testcase classname="tests.cli.commands.test_base_convert_command.TestBaseConvertCommandIntegration" name="test_full_command_workflow" time="0.431" /><testcase classname="tests.cli.commands.test_convert_books.TestConvertBookCommand" name="test_convert_book_with_file_path" time="0.000"><skipped type="pytest.skip" message="Test requires proper isolation from global container">/Users/sam/Code/studiorum/tests/cli/commands/test_convert_books.py:37: Test requires proper isolation from global container</skipped></testcase><testcase classname="tests.cli.commands.test_convert_helpers.TestErrorHandlingPaths" name="test_json_decode_error" time="0.340" /><testcase classname="tests.unit.models.test_creature_stat_blocks.TestCreatureValidation" name="test_skill_bonus_parsing" time="0.236" /><testcase classname="tests.performance.test_creature_scale_benchmarks.TestMemoryUsageValidation" name="test_memory_efficiency_with_complex_creatures" time="0.278" /><testcase classname="tests.cli.commands.test_convert_books.TestConvertBookCommand" name="test_convert_book_with_custom_options" time="0.812" /><testcase classname="tests.cli.commands.test_latex_engine_integration.TestLaTeXEngineIntegration" name="test_no_hardcoded_xelatex_calls_in_convert_commands" time="0.298" /><testcase classname="tests.cli.commands.test_convert_helpers.TestErrorHandlingPaths" name="test_renderer_exception" time="0.635" /><testcase classname="tests.cli.commands.test_base_convert_command.TestBaseConvertCommandIntegration" name="test_mixin_combination" time="0.931" /><testcase classname="tests.unit.models.test_creature_text_formatting.TestCreatureSizeFormatting" name="test_size_abbreviation_conversion" time="0.189" /><testcase classname="tests.cli.commands.test_latex_engine_integration.TestLaTeXEngineIntegration" name="test_latex_compiler_helper_creates_proper_config" time="0.227" /><testcase classname="tests.core.assets.test_image_manager.TestImageSource" name="test_image_source_creation" time="0.001" /><testcase classname="tests.core.assets.test_image_manager.TestImageSource" name="test_image_source_with_local_path" time="0.001" /><testcase classname="tests.unit.models.test_creature_text_formatting.TestCreatureSizeFormatting" name="test_multiple_sizes" time="0.221" /><testcase classname="tests.core.errors.test_architecture_errors.TestContentLoadingError" name="test_init_basic" time="0.259" /><testcase classname="tests.unit.models.test_creature_text_formatting.TestCreatureSizeFormatting" name="test_unknown_size_abbreviation" time="0.231" /><testcase classname="tests.cli.commands.test_data_commands.TestCLIIntegration" name="test_data_commands_use_service_container" time="0.473" /><testcase classname="tests.cli.commands.test_setup_commands.TestScanContentFunction" name="test_scan_content_success" time="0.340" /><testcase classname="tests.cli.commands.test_setup_commands.TestResetSetupCommand" name="test_reset_setup_confirmed" time="0.272" /><testcase classname="tests.core.errors.test_architecture_errors.TestContentLoadingError" name="test_init_with_processing_statistics" time="0.228" /><testcase classname="tests.core.errors.test_architecture_errors.TestContentValidationError" name="test_init_basic" time="0.220" /><testcase classname="tests.cli.commands.test_setup_commands.TestScanContentFunction" name="test_scan_content_error" time="0.279" /><testcase classname="tests.cli.commands.test_setup_commands.TestResetSetupCommand" name="test_reset_setup_cancelled" time="0.256" /><testcase classname="tests.core.errors.test_architecture_errors.TestReferenceTrackingError" name="test_init_basic" time="0.222" /><testcase classname="tests.core.errors.test_architecture_errors.TestContentValidationError" name="test_init_with_validation_errors_list" time="0.240" /><testcase classname="tests.cli.commands.test_data_commands.TestCLIIntegration" name="test_error_handling_shows_user_friendly_messages" time="0.046" /><testcase classname="tests.core.logging.test_image_observability.TestProgressReporter" name="test_progress_reporter_quiet" time="0.001" /><testcase classname="tests.core.logging.test_image_observability.TestProgressReporter" name="test_progress_reporter_verbose" time="0.004" /><testcase classname="tests.core.loaders.test_adventure_loading.TestAdventureLoading" name="test_adventure_data_only_format_loads_entries" time="0.268" /><testcase classname="tests.core.loaders.test_content_sources.TestContentSourceIntegration" name="test_file_to_loader_integration" time="0.243" /><testcase classname="tests.core.errors.test_architecture_errors.TestReferenceTrackingError" name="test_init_with_additional_context" time="0.280" /><testcase classname="tests.core.logging.test_image_observability.TestAsyncResourceMonitor" name="test_resource_monitoring" time="0.016" /><testcase classname="tests.core.logging.test_image_observability.TestAsyncResourceMonitor" name="test_resource_monitoring_missing_operation" time="0.007" /><testcase classname="tests.core.errors.test_architecture_errors.TestTemplateCompositionError" name="test_init_basic" time="0.333" /><testcase classname="tests.core.references.test_hyperlink_manager.TestHyperlinkStyle" name="test_hyperlink_style_defaults" time="0.000" /><testcase classname="tests.core.references.test_hyperlink_manager.TestHyperlinkStyle" name="test_hyperlink_style_custom" time="0.001" /><testcase classname="tests.integration.test_adventure_conversion.TestAdventureConversion" name="test_omnidexer_adventure_loading" time="1.006" /><testcase classname="tests.core.loaders.test_adventure_loading.TestAdventureLoading" name="test_adventure_with_metadata_loads_correctly" time="0.286" /><testcase classname="tests.core.logging.test_image_observability.TestImageProcessingMetrics" name="test_image_processing_metrics_creation" time="0.000" /><testcase classname="tests.core.loaders.test_content_sources.TestContentSourceIntegration" name="test_multiple_sources_integration" time="0.269" /><testcase classname="tests.core.references.test_content_reference_manager.TestContentReferenceManagerIntegration" name="test_full_reference_tracking_workflow" time="0.423" /><testcase classname="tests.core.logging.test_image_observability.TestImageProcessingMetrics" name="test_cache_metrics_creation" time="0.001" /><testcase classname="tests.core.references.test_content_reference_manager.TestContentReference" name="test_creation" time="0.001" /><testcase classname="tests.core.references.test_content_reference_manager.TestContentReference" name="test_to_tracked_content" time="0.002" /><testcase classname="tests.core.test_async_request_context.TestConcurrentContexts" name="test_concurrent_context_isolation" time="0.047" /><testcase classname="tests.core.registry.test_content_type_registry.TestGetContentTypeRegistry" name="test_singleton_behavior" time="0.275" /><testcase classname="tests.core.test_async_request_context.TestConcurrentContexts" name="test_performance_isolation" time="0.016" /><testcase classname="tests.core.test_exceptions.TestUnknownTypeError" name="test_unknown_type_error" time="0.002" /><testcase classname="tests.core.test_exceptions.TestUnknownTypeError" name="test_unknown_type_minimal" time="0.000" /><testcase classname="tests.core.test_exceptions.TestValidationError" name="test_validation_error_with_field" time="0.001" /><testcase classname="tests.core.test_exceptions.TestValidationError" name="test_validation_error_without_field" time="0.002" /><testcase classname="tests.core.test_exceptions.TestEntryProcessingWarning" name="test_warning_creation" time="0.002" /><testcase classname="tests.core.test_exceptions.TestEntryProcessingWarning" name="test_warning_can_be_raised" time="0.001" /><testcase classname="tests.core.test_exceptions.TestErrorTypeHierarchy" name="test_all_inherit_from_base" time="0.000" /><testcase classname="tests.core.test_exceptions.TestErrorTypeHierarchy" name="test_specific_error_types" time="0.002" /><testcase classname="tests.core.text.test_tag_resolver.TestTagResolverFacade" name="test_facade_api_compatibility" time="0.032" /><testcase classname="tests.core.errors.test_architecture_errors.TestTemplateCompositionError" name="test_init_with_additional_context" time="0.356" /><testcase classname="tests.core.references.test_content_reference_manager.TestReferenceSource" name="test_creation" time="0.000" /><testcase classname="tests.core.references.test_content_reference_manager.TestReferenceSource" name="test_creation_minimal" time="0.001" /><testcase classname="tests.core.text.test_tag_resolver.TestTagResolverFacade" name="test_facade_new_functionality" time="0.022" /><testcase classname="tests.core.text.test_tag_types.TestFormatType" name="test_format_type_values" time="0.002" /><testcase classname="tests.core.text.test_tag_types.TestFormatType" name="test_format_type_membership" time="0.001" /><testcase classname="tests.core.sources.test_github.TestGitHubSourceManagerEdgeCases" name="test_clone_repository_default_branch" time="0.288" /><testcase classname="tests.core.registry.test_content_type_registry.TestGetContentTypeRegistry" name="test_creates_new_instance_when_none" time="0.264" /><testcase classname="tests.core.resolvers.test_content_resolution_result.TestResolutionStatus" name="test_resolution_status_values" time="0.001" /><testcase classname="tests.core.resolvers.test_content_resolution_result.TestResolutionStatus" name="test_resolution_status_membership" time="0.002" /><testcase classname="tests.integration.latex.test_latex_compilation.TestCLILaTeXIntegration" name="test_cli_book_to_pdf_compilation" time="0.233"><skipped type="pytest.skip" message="DND-5e-LaTeX-Template not available">/Users/sam/Code/studiorum/tests/integration/latex/test_latex_compilation.py:300: DND-5e-LaTeX-Template not available</skipped></testcase><testcase classname="tests.core.references.test_content_reference_manager.TestContentReferenceManagerIntegration" name="test_reference_deduplication_across_sources" time="0.402" /><testcase classname="tests.integration.test_creature_latex_rendering.TestCreatureLaTeXCompilation" name="test_creature_latex_compilation_mock" time="0.228" /><testcase classname="tests.core.references.test_cross_reference_manager.TestCrossReference" name="test_cross_reference_creation" time="0.001" /><testcase classname="tests.core.references.test_cross_reference_manager.TestCrossReference" name="test_cross_reference_defaults" time="0.002" /><testcase classname="tests.core.sources.test_github.TestGitHubSourceManagerEdgeCases" name="test_clone_repository_no_branch" time="0.260" /><testcase classname="tests.integration.test_adventure_conversion.TestAdventureConversion" name="test_content_resolver_enrichment" time="0.752" /><testcase classname="tests.core.test_entry_registry.TestGlobalRegistry" name="test_get_registry" time="0.000" /><testcase classname="tests.core.test_entry_registry.TestGlobalRegistry" name="test_set_validation_mode" time="0.002" /><testcase classname="tests.integration.latex.test_latex_compilation.TestCLILaTeXIntegration" name="test_cli_adventure_to_pdf_compilation" time="0.208"><skipped type="pytest.skip" message="DND-5e-LaTeX-Template not available">/Users/sam/Code/studiorum/tests/integration/latex/test_latex_compilation.py:348: DND-5e-LaTeX-Template not available</skipped></testcase><testcase classname="tests.latex_engine.core.images.test_adventure_integration.TestAdventureImageResult" name="test_basic_result" time="0.275" /><testcase classname="tests.integration.test_creature_latex_rendering.TestCreatureLaTeXCompilation" name="test_creature_latex_output_structure" time="0.231" /><testcase classname="tests.latex_engine.core.images.test_adventure_integration.TestAdventureImageIntegrationWithData" name="test_real_adventure_processing" time="0.421"><skipped type="pytest.skip" message="Requires real adventure data">/Users/sam/Code/studiorum/tests/latex_engine/core/images/test_adventure_integration.py:597: Requires real adventure data</skipped></testcase><testcase classname="tests.latex_engine.core.images.test_gallery_decorative.TestGalleryDecorativeIntegration" name="test_realistic_adventure_gallery_with_decorations" time="0.280"><skipped type="pytest.skip" message="Requires realistic adventure data">/Users/sam/Code/studiorum/tests/latex_engine/core/images/test_gallery_decorative.py:580: Requires realistic adventure data</skipped></testcase><testcase classname="tests.latex_engine.core.images.test_adventure_integration.TestAdventureImageResult" name="test_detailed_result" time="0.267" /><testcase classname="tests.integration.test_creature_spell_indexing.TestCreatureDeepIndexingIntegration" name="test_creature_deep_indexing_with_mock_omnidexer" time="0.264" /><testcase classname="tests.integration.test_appendix_creature_spells.TestAppendixCreatureSpells" name="test_creature_appendix_captures_spell_references" time="0.381" /><testcase classname="tests.latex_engine.core.images.test_gallery_decorative.TestGalleryDecorativeIntegration" name="test_performance_with_decorative_elements" time="0.244"><skipped type="pytest.skip" message="Requires performance benchmarking">/Users/sam/Code/studiorum/tests/latex_engine/core/images/test_gallery_decorative.py:584: Requires performance benchmarking</skipped></testcase><testcase classname="tests.latex_engine.core.images.test_adventure_integration.TestAdventureImageIntegrationAsync" name="test_async_image_discovery" time="0.327" /><testcase classname="tests.integration.test_creature_spell_indexing.TestCreatureDeepIndexingIntegration" name="test_creature_deep_indexing_handles_missing_spells" time="0.281" /><testcase classname="tests.latex_engine.core.images.test_adventure_integration.TestAdventureImageIntegrationWithData" name="test_large_adventure_handling" time="0.409"><skipped type="pytest.skip" message="Requires performance test data">/Users/sam/Code/studiorum/tests/latex_engine/core/images/test_adventure_integration.py:602: Requires performance test data</skipped></testcase><testcase classname="tests.latex_engine.core.images.test_enhanced_image_placer.TestEnhancedPlacementResult" name="test_create_enhanced_result" time="0.000" /><testcase classname="tests.latex_engine.core.images.test_enhanced_image_placer.TestEnhancedPlacementResult" name="test_enhanced_result_inherits_base" time="0.002" /><testcase classname="tests.latex_engine.core.images.test_layout_analyzer.TestLayoutConstraints" name="test_create_layout_constraints" time="0.002" /><testcase classname="tests.latex_engine.core.images.test_layout_analyzer.TestLayoutConstraints" name="test_layout_constraints_defaults" time="0.001" /><testcase classname="tests.latex_engine.core.images.test_placement_models.TestImageMetadata" name="test_create_basic_metadata" time="0.001" /><testcase classname="tests.latex_engine.core.images.test_placement_models.TestImageMetadata" name="test_metadata_validation" time="0.001" /><testcase classname="tests.latex_engine.core.images.test_placement_models.TestContentContext" name="test_create_bestiary_context" time="0.000" /><testcase classname="tests.latex_engine.core.images.test_placement_models.TestContentContext" name="test_context_defaults" time="0.002" /><testcase classname="tests.latex_engine.core.images.test_placement_models.TestDocumentContext" name="test_create_document_context" time="0.002" /><testcase classname="tests.latex_engine.core.images.test_placement_models.TestDocumentContext" name="test_document_context_defaults" time="0.000" /><testcase classname="tests.latex_engine.core.images.test_placement_models.TestPageContext" name="test_create_page_context" time="0.000" /><testcase classname="tests.integration.test_appendix_creature_spells.TestAppendixCreatureSpells" name="test_spells_appendix_includes_creature_referenced_spells" time="0.327" /><testcase classname="tests.latex_engine.core.images.test_placement_models.TestPageContext" name="test_page_context_validation" time="0.002" /><testcase classname="tests.latex_engine.core.images.test_placement_models.TestPlacementDecision" name="test_create_placement_decision" time="0.003" /><testcase classname="tests.integration.test_adventure_conversion.TestAdventureConversion" name="test_content_loading_caching" time="0.685" /><testcase classname="tests.latex_engine.core.images.test_placement_models.TestPlacementDecision" name="test_placement_decision_validation" time="0.002" /><testcase classname="tests.latex_engine.core.images.test_placement_models.TestContentType" name="test_content_type_values" time="0.001" /><testcase classname="tests.latex_engine.core.images.test_placement_models.TestContentType" name="test_content_type_coverage" time="0.002" /><testcase classname="tests.latex_engine.core.images.test_placement_models.TestImageCharacteristic" name="test_image_characteristic_values" time="0.000" /><testcase classname="tests.latex_engine.core.images.test_placement_models.TestImageCharacteristic" name="test_image_characteristic_coverage" time="0.001" /><testcase classname="tests.latex_engine.core.images.test_image_registry.TestImageCatalogEntry" name="test_basic_catalog_entry" time="0.225" /><testcase classname="tests.mcp.test_fastmcp_integration.TestToolRegistryIntegration" name="test_tool_registry_functionality" time="0.001" /><testcase classname="tests.mcp.test_fastmcp_integration.TestToolRegistryIntegration" name="test_registry_tool_listing_consistency" time="0.002" /><testcase classname="tests.mcp.test_fastmcp_integration.TestErrorHandling" name="test_search_error_handling" time="0.130" /><testcase classname="tests.latex_engine.core.images.test_image_registry.TestBatchProcessingJob" name="test_pending_job" time="0.261" /><testcase classname="tests.integration.test_adventure_conversion.TestAdventureConversion" name="test_latex_output_quality" time="10.349" /><testcase classname="tests.latex_engine.core.images.test_adventure_integration.TestAdventureImageIntegrationAsync" name="test_concurrent_processing" time="0.273" /><testcase classname="tests.mcp.test_fastmcp_integration.TestErrorHandling" name="test_tool_listing_error_resilience" time="0.001" /><testcase classname="tests.mcp.test_fastmcp_integration.TestPerformanceMonitoring" name="test_performance_metrics_collection" time="0.022" /><testcase classname="tests.mcp.test_fastmcp_integration.TestPerformanceMonitoring" name="test_performance_target_validation" time="0.000" /><testcase classname="tests.mcp.tools.encounter.test_migration_helpers.TestBalanceAnalysisConversions" name="test_dataclass_to_pydantic_basic" time="0.001" /><testcase classname="tests.mcp.tools.encounter.test_migration_helpers.TestBalanceAnalysisConversions" name="test_pydantic_to_dataclass_basic" time="0.001" /><testcase classname="tests.latex_engine.core.images.test_image_registry.TestImageCatalogEntry" name="test_processed_catalog_entry" time="0.251" /><testcase classname="tests.latex_engine.core.images.test_image_registry.TestImageCatalog" name="test_empty_catalog_creation" time="0.304" /><testcase classname="tests.latex_engine.core.images.test_image_registry.TestBatchProcessingJob" name="test_completed_job" time="0.257" /><testcase classname="tests.latex_engine.core.images.test_image_registry.TestBatchResult" name="test_successful_batch_result" time="0.275" /><testcase classname="tests.core.assets.test_image_enhancement.TestEnhancedImageManager" name="test_cache_info_integration" time="0.011" /><testcase classname="tests.core.assets.test_image_enhancement.TestEnhancedImageManager" name="test_cleanup_delegation" time="0.024" /><testcase classname="tests.renderers.core.test_enhancers.TestPipelineFactories" name="test_create_latex_enhancement_pipeline" time="0.003" /><testcase classname="tests.renderers.core.test_enhancers.TestPipelineFactories" name="test_create_plain_text_enhancement_pipeline" time="0.001" /><testcase classname="tests.renderers.core.test_handlers.TestCreatureTagHandler" name="test_creature_handler_initialization" time="0.002" /><testcase classname="tests.renderers.core.test_handlers.TestCreatureTagHandler" name="test_extract_content_info" time="0.002" /><testcase classname="tests.renderers.core.test_handlers.TestSpellTagHandler" name="test_spell_handler_initialization" time="0.000" /><testcase classname="tests.renderers.core.test_handlers.TestSpellTagHandler" name="test_extract_content_info" time="0.002" /><testcase classname="tests.renderers.core.test_handlers.TestItemTagHandler" name="test_item_handler_initialization" time="0.002" /><testcase classname="tests.renderers.core.test_handlers.TestItemTagHandler" name="test_extract_content_info" time="0.003" /><testcase classname="tests.latex_engine.core.images.test_image_registry.TestAdventureImageRegistryAsync" name="test_concurrent_cataloging" time="0.396" /><testcase classname="tests.latex_engine.core.images.test_image_registry.TestImageCatalog" name="test_populated_catalog" time="0.381" /><testcase classname="tests.mcp.test_fastmcp_integration.TestConfigurationToolIntegration" name="test_configuration_tools_available" time="0.001" /><testcase classname="tests.mcp.test_fastmcp_integration.TestConfigurationToolIntegration" name="test_configuration_tool_integration" time="0.002" /><testcase classname="tests.renderers.core.test_interfaces.TestRenderingContext" name="test_rendering_context_minimal" time="0.001" /><testcase classname="tests.renderers.core.test_interfaces.TestRenderingContext" name="test_rendering_context_with_services" time="0.000" /><testcase classname="tests.renderers.core.test_real_data_integration.TestRealDataPerformance" name="test_memory_usage_with_large_content" time="0.000"><skipped type="pytest.skip" message="Requires full 5etools data with sources ['xphb', 'xmm', 'xdmg']. Run 'make test-full-data' to test with full dataset (sets STUDIORUM_TEST_FULL_DATA=1).">/Users/sam/Code/studiorum/tests/renderers/core/test_real_data_integration.py:365: Requires full 5etools data with sources ['xphb', 'xmm', 'xdmg']. Run 'make test-full-data' to test with full dataset (sets STUDIORUM_TEST_FULL_DATA=1).</skipped></testcase><testcase classname="tests.renderers.core.test_real_data_integration.TestRealDataPerformance" name="test_concurrent_rendering_safety" time="0.001"><skipped type="pytest.skip" message="Requires full 5etools data with sources ['xphb', 'xmm', 'xdmg']. Run 'make test-full-data' to test with full dataset (sets STUDIORUM_TEST_FULL_DATA=1).">/Users/sam/Code/studiorum/tests/renderers/core/test_real_data_integration.py:415: Requires full 5etools data with sources ['xphb', 'xmm', 'xdmg']. Run 'make test-full-data' to test with full dataset (sets STUDIORUM_TEST_FULL_DATA=1).</skipped></testcase><testcase classname="tests.mcp.tools.test_config_tools.TestUtilityFunctions" name="test_ensure_presets_dir" time="0.507" /><testcase classname="tests.renderers.latex.images.test_image_placer.TestPlacementConfig" name="test_default_config" time="0.002" /><testcase classname="tests.renderers.latex.images.test_image_placer.TestPlacementConfig" name="test_custom_config" time="0.000" /><testcase classname="tests.renderers.latex.images.test_image_placer.TestPlacementResult" name="test_placement_result_creation" time="0.000" /><testcase classname="tests.renderers.latex.images.test_image_placer.TestPlacementResult" name="test_placement_result_with_caption" time="0.002" /><testcase classname="tests.renderers.latex.images.test_image_processor.TestProcessedImage" name="test_processed_image_creation" time="0.002" /><testcase classname="tests.renderers.latex.images.test_image_processor.TestProcessedImage" name="test_processed_image_with_caption" time="0.002" /><testcase classname="tests.renderers.latex.test_content_organizer.TestContentOrganizerIntegration" name="test_organize_mixed_content_for_book" time="0.006" /><testcase classname="tests.latex_engine.core.images.test_image_registry.TestAdventureImageRegistryIntegration" name="test_real_adventure_cataloging" time="0.332"><skipped type="pytest.skip" message="Requires real adventure data">/Users/sam/Code/studiorum/tests/latex_engine/core/images/test_image_registry.py:724: Requires real adventure data</skipped></testcase><testcase classname="tests.renderers.latex.test_content_organizer.TestContentOrganizerIntegration" name="test_organize_large_spell_collection" time="0.002" /><testcase classname="tests.renderers.latex.test_entry_renderers.TestBaseEntryRenderer" name="test_cannot_instantiate_base_renderer" time="0.000" /><testcase classname="tests.renderers.latex.test_entry_renderers.TestBaseEntryRenderer" name="test_base_renderer_interface" time="0.004" /><testcase classname="tests.renderers.latex.test_entry_renderers.TestCreatureEntryRenderer" name="test_get_template_name" time="0.002" /><testcase classname="tests.renderers.latex.test_entry_renderers.TestCreatureEntryRenderer" name="test_get_template_context" time="0.006" /><testcase classname="tests.renderers.latex.test_entry_renderers.TestItemEntryRenderer" name="test_get_template_name" time="0.001" /><testcase classname="tests.renderers.latex.test_entry_renderers.TestItemEntryRenderer" name="test_get_template_context" time="0.005" /><testcase classname="tests.latex_engine.core.images.test_image_registry.TestBatchResult" name="test_failed_batch_result" time="0.316" /><testcase classname="tests.mcp.tools.test_config_tools.TestConfigurationResponse" name="test_default_values" time="0.001" /><testcase classname="tests.renderers.latex.test_entry_renderers.TestRendererPerformance" name="test_renderer_reuse" time="0.006" /><testcase classname="tests.mcp.tools.test_config_tools.TestConfigurationResponse" name="test_custom_values" time="0.002" /><testcase classname="tests.renderers.latex.test_entry_renderers.TestRendererPerformance" name="test_memory_usage_with_large_content" time="0.008" /><testcase classname="tests.renderers.latex.test_reference_resolver.TestReferenceContext" name="test_init_defaults" time="0.003" /><testcase classname="tests.renderers.latex.test_reference_resolver.TestReferenceContext" name="test_init_custom_values" time="0.001" /><testcase classname="tests.renderers.core.test_handlers.TestDefaultCoreHandlers" name="test_get_default_core_handlers" time="0.277" /><testcase classname="tests.latex_engine.core.images.test_image_registry.TestAdventureImageRegistryAsync" name="test_registry_locking" time="0.330" /><testcase classname="tests.property_based.test_creature_properties.TestCreatureEdgeCases" name="test_edge_case_creatures" time="0.730" /><testcase classname="tests.latex_engine.core.images.test_image_registry.TestAdventureImageRegistryIntegration" name="test_large_batch_processing" time="0.277"><skipped type="pytest.skip" message="Requires large test dataset">/Users/sam/Code/studiorum/tests/latex_engine/core/images/test_image_registry.py:729: Requires large test dataset</skipped></testcase><testcase classname="tests.property_based.test_spell_properties.TestSpellEdgeCases" name="test_cantrip_level_zero_handling" time="0.002" /><testcase classname="tests.property_based.test_spell_properties.TestSpellEdgeCases" name="test_classic_spell_examples" time="0.506" /><testcase classname="tests.renderers.core.test_handlers.TestDefaultCoreHandlers" name="test_handlers_are_properly_typed" time="0.186" /><testcase classname="tests.renderers.core.test_interfaces.TestTagValidationError" name="test_tag_validation_error_creation" time="0.002" /><testcase classname="tests.renderers.core.test_interfaces.TestTagValidationError" name="test_tag_validation_error_minimal" time="0.000" /><testcase classname="tests.unit.services.test_lifecycle.TestServiceLifecycle" name="test_lifecycle_enum_values" time="0.002" /><testcase classname="tests.unit.services.test_lifecycle.TestServiceLifecycle" name="test_lifecycle_enum_completeness" time="0.002" /><testcase classname="tests.unit.services.test_lifecycle.TestCleanupPriority" name="test_priority_ordering" time="0.002" /><testcase classname="tests.unit.services.test_lifecycle.TestCleanupPriority" name="test_priority_values" time="0.001" /><testcase classname="tests.unit.services.test_lifecycle.TestServiceDescriptorValidation" name="test_valid_descriptor_passes" time="0.000" /><testcase classname="tests.unit.services.test_lifecycle.TestServiceDescriptorValidation" name="test_invalid_descriptor_raises" time="0.001" /><testcase classname="tests.unit.test_configurable_source_manager.TestFileSystemSourceManager" name="test_new_interface_methods_exist" time="0.005" /><testcase classname="tests.unit.test_configurable_source_manager.TestFileSystemSourceManager" name="test_filesystem_manager_dual_file_methods" time="0.001" /><testcase classname="tests.renderers.latex.test_tag_renderer.TestContentTypeStyleConfig" name="test_default_styles" time="0.324" /><testcase classname="tests.renderers.latex.test_reference_resolver.TestReferenceResolverEdgeCases" name="test_context_with_hyperlinks_disabled" time="0.363" /><testcase classname="tests.mcp.tools.test_config_tools.TestUtilityFunctions" name="test_get_current_config_dict" time="0.469" /><testcase classname="tests.unit.test_json_loader.TestJsonDataLoaderContentTypeValidation" name="test_spell_loader_with_spell_data_succeeds" time="0.186" /><testcase classname="tests.renderers.latex.test_tag_renderer.TestContentTypeStyleConfig" name="test_style_customization" time="0.284" /><testcase classname="tests.renderers.latex.test_reference_resolver.TestReferenceResolverEdgeCases" name="test_context_with_cross_ref_disabled" time="0.275" /><testcase classname="tests.unit.test_json_loader.TestJsonDataLoaderContentTypeValidation" name="test_spell_loader_with_class_data_should_fail" time="0.193" /><testcase classname="tests.unit.test_models.TestSource" name="test_source_creation" time="0.001" /><testcase classname="tests.unit.test_models.TestSource" name="test_source_str" time="0.001" /><testcase classname="tests.core.assets.test_image_enhancement" name="test_full_integration_scenario" time="30.048" /><testcase classname="tests.unit.core.test_validation_error_handling.TestBackwardCompatibility" name="test_existing_json_loader_behavior_preserved" time="0.007" /><testcase classname="tests.unit.core.test_validation_error_handling.TestBackwardCompatibility" name="test_existing_tests_still_pass" time="0.000" /><testcase classname="tests.core.loaders.test_content_sources.TestContentSourceMetadata" name="test_creation" time="0.001" /><testcase classname="tests.core.test_entry_registry.TestValidationMode" name="test_validation_modes_exist" time="0.000" /><testcase classname="tests.core.test_entry_registry.TestEntryTypeCategory" name="test_categories_exist" time="0.001" /><testcase classname="tests.core.test_exceptions.TestBaseError" name="test_basic_error" time="0.000" /><testcase classname="tests.performance.test_creature_collection_performance.TestCreatureProcessingBenchmarks" name="test_creature_stat_block_generation_performance" time="0.920" /><testcase classname="tests.renderers.latex.test_tag_renderer.TestConfigurableLaTeXTagRenderer" name="test_custom_style_configuration" time="0.304" /><testcase classname="tests.property_based.test_creature_properties.TestCreatureEdgeCases" name="test_minimum_viable_creature" time="0.002" /><testcase classname="tests.unit.core.test_validation_error_handling.TestPerformanceImpact" name="test_error_tracker_performance_with_many_errors" time="0.047" /><testcase classname="tests.latex_engine.core.images.test_image_registry.TestRegistryStats" name="test_registry_statistics" time="0.226" /><testcase classname="tests.mcp.tools.encounter.test_balancer_pydantic" name="test_comprehensive_analysis_workflow" time="0.004" /><testcase classname="tests.unit.core.test_validation_error_handling.TestPerformanceImpact" name="test_hash_collision_handling" time="0.001" /><testcase classname="tests.mcp.tools.encounter.test_migration_helpers" name="test_comprehensive_migration_workflow" time="0.002" /><testcase classname="tests.mcp.tools.encounter.test_themes_pydantic" name="test_integration_environmental_and_thematic" time="0.003" /><testcase classname="tests.mcp.tools.test_config_tools.TestPresetInfo" name="test_preset_info_creation" time="0.001" /><testcase classname="tests.property_based.test_content_stateful.TestStatefulContentManagement" name="test_content_resolution_state_machine" time="1.728" /><testcase classname="tests.security.test_latex_injection.TestSecureTemplatePatterns" name="test_secure_variable_usage" time="0.390" /><testcase classname="tests.renderers.latex.test_tag_renderer.TestConfigurableLaTeXTagRenderer" name="test_default_configuration" time="0.265" /><testcase classname="tests.performance.test_creature_scale_benchmarks.TestRenderingPerformanceScale" name="test_rendering_scalability_stress_test" time="0.311" /><testcase classname="tests.renderers.latex.images.test_format_converter.TestConversionResult" name="test_conversion_result_creation" time="0.001" /><testcase classname="tests.renderers.latex.test_compilation_config.TestLaTeXEngine" name="test_engine_values" time="0.002" /><testcase classname="tests.renderers.latex.test_error_parser.TestErrorCategory" name="test_category_values" time="0.001" /><testcase classname="tests.renderers.latex.test_progress_tracker.TestNoProgressReporter" name="test_no_op_methods" time="0.000" /><testcase classname="tests.security.test_latex_injection.TestLaTeXSecurityValidation" name="test_validate_safe_latex" time="0.002" /><testcase classname="tests.security.test_latex_injection.TestSecureTemplatePatterns" name="test_safe_content_handling" time="0.295" /><testcase classname="tests.cli.commands.test_convert_helpers.TestSpecialCases" name="test_phb_abbreviation_fallback" time="0.000"><skipped type="pytest.skip" message="Test requires proper isolation from global container">/Users/sam/Code/studiorum/tests/cli/commands/test_convert_helpers.py:131: Test requires proper isolation from global container</skipped></testcase><testcase classname="tests.renderers.latex.test_compilation_config.TestCompilationMode" name="test_mode_values" time="0.002" /><testcase classname="tests.unit.test_models.TestSpellComponent" name="test_material_component_parsing" time="0.002" /><testcase classname="tests.unit.test_renderers.TestRendererIntegration" name="test_full_rendering_pipeline" time="0.945" /><testcase classname="tests.unit.test_cli.TestCLIIntegration" name="test_quick_convert_integration" time="5.043" /><testcase classname="tests.unit.test_omnidexer.TestIndexEntry" name="test_index_entry_creation" time="0.307" /><testcase classname="tests.performance.test_creature_collection_performance.TestCreatureProcessingBenchmarks" name="test_multiple_creatures_processing_performance" time="0.759" /><testcase classname="tests.unit.test_omnidexer.TestOmnidexerMetadataOnlyLoading" name="test_omnidexer_loads_only_metadata_files" time="0.027" /><testcase classname="tests.unit.test_omnidexer.TestOmnidexerMetadataOnlyLoading" name="test_omnidexer_interface_separation" time="0.007" /><testcase classname="tests.unit.test_renderers.TestRendererIntegration" name="test_error_handling_unknown_content_type" time="0.291" /><testcase classname="tests.renderers.latex.test_error_parser.TestErrorSeverity" name="test_severity_values" time="0.002" /><testcase classname="tests.renderers.latex.images.test_format_converter.TestFormatConverterWithoutPIL" name="test_init_without_pil" time="0.005" /><testcase classname="tests.renderers.latex.images.test_image_processor.TestImageProcessorIntegration" name="test_full_pipeline_mock" time="0.299" /><testcase classname="tests.integration.test_book_conversion.TestBookConversion" name="test_no_hardcoded_phb_paths" time="8.880" /><testcase classname="tests.unit.test_content_source_manager.TestContentSourceManagerIntegration" name="test_directory_source_integration" time="0.010" /><testcase classname="tests.unit.test_json_loader.TestJsonDataLoaderBookIntegration" name="test_5etools_book_format_full_validation" time="0.177" /><testcase classname="tests.integration.test_adventure_conversion.TestAdventureConversion" name="test_error_handling_graceful_degradation" time="4.570" /><testcase classname="tests.integration.test_adventure_conversion.TestAdventureConversion" name="test_memory_usage_reasonable" time="7.545" /><testcase classname="tests.integration.test_book_conversion.TestBookConversion" name="test_book_error_handling" time="4.187" /><testcase classname="tests.integration.test_book_conversion.TestBookConversion" name="test_book_memory_usage_reasonable" time="7.187" /><testcase classname="tests.integration.test_book_conversion.TestBookConversion" name="test_book_vs_adventure_consistency" time="0.388" /><testcase classname="tests.core.assets.test_image_manager.TestImageAsset" name="test_image_asset_creation" time="0.001" /><testcase classname="tests.core.config.test_workflow_config.TestWorkflowUtilities" name="test_available_workflows" time="0.001" /></testsuite></testsuites>
